Component: ARM Compiler 5.05 update 1 (build 106) Tool: armlink [4d0efa]

==============================================================================

Section Cross References

    startup_stm32f405xx.o(RESET) refers to startup_stm32f405xx.o(STACK) for __initial_sp
    startup_stm32f405xx.o(RESET) refers to startup_stm32f405xx.o(.text) for Reset_Handler
    startup_stm32f405xx.o(RESET) refers to stm32f4xx_it.o(i.NMI_Handler) for NMI_Handler
    startup_stm32f405xx.o(RESET) refers to context_rvds.o(.text) for HardFault_Handler
    startup_stm32f405xx.o(RESET) refers to stm32f4xx_it.o(i.MemManage_Handler) for MemManage_Handler
    startup_stm32f405xx.o(RESET) refers to stm32f4xx_it.o(i.BusFault_Handler) for BusFault_Handler
    startup_stm32f405xx.o(RESET) refers to stm32f4xx_it.o(i.UsageFault_Handler) for UsageFault_Handler
    startup_stm32f405xx.o(RESET) refers to stm32f4xx_it.o(i.DebugMon_Handler) for DebugMon_Handler
    startup_stm32f405xx.o(RESET) refers to board.o(i.SysTick_Handler) for SysTick_Handler
    startup_stm32f405xx.o(RESET) refers to stm32f4xx_it.o(i.DMA1_Stream1_IRQHandler) for DMA1_Stream1_IRQHandler
    startup_stm32f405xx.o(RESET) refers to stm32f4xx_it.o(i.DMA1_Stream5_IRQHandler) for DMA1_Stream5_IRQHandler
    startup_stm32f405xx.o(RESET) refers to stm32f4xx_it.o(i.CAN1_RX0_IRQHandler) for CAN1_RX0_IRQHandler
    startup_stm32f405xx.o(RESET) refers to stm32f4xx_it.o(i.USART2_IRQHandler) for USART2_IRQHandler
    startup_stm32f405xx.o(RESET) refers to stm32f4xx_it.o(i.USART3_IRQHandler) for USART3_IRQHandler
    startup_stm32f405xx.o(.text) refers to system_stm32f4xx.o(i.SystemInit) for SystemInit
    startup_stm32f405xx.o(.text) refers to entry.o(.ARM.Collect$$$$00000000) for __main
    myedge_ai_app.o(i.Model) refers to myedge_ai_app.o(i.calc_260_sum) for calc_260_sum
    myedge_ai_app.o(i.Model) refers to myedge_ai_app.o(i.sensor_number) for sensor_number
    myedge_ai_app.o(i.Model) refers to myedge_ai_app.o(i.split_dual_matrix) for split_dual_matrix
    myedge_ai_app.o(i.Model) refers to myedge_ai_app.o(i.count_nonzero_in_upper_half) for count_nonzero_in_upper_half
    myedge_ai_app.o(i.Model) refers to myedge_ai_app.o(i.count_nonzero_in_lower_half) for count_nonzero_in_lower_half
    myedge_ai_app.o(i.Model) refers to myedge_ai_app.o(i.calc_sum_upper_half) for calc_sum_upper_half
    myedge_ai_app.o(i.Model) refers to myedge_ai_app.o(i.calc_sum_lower_half) for calc_sum_lower_half
    myedge_ai_app.o(i.Model) refers to myedge_ai_app.o(i.count_connected_components) for count_connected_components
    myedge_ai_app.o(i.Model) refers to myedge_ai_app.o(i.hybrid_classification_relative) for hybrid_classification_relative
    myedge_ai_app.o(i.Model) refers to myedge_ai_app.o(i.calculate_com) for calculate_com
    myedge_ai_app.o(i.Model) refers to stm32_sleep_posture.o(i.feature_engineering_model_run) for feature_engineering_model_run
    myedge_ai_app.o(i.Model) refers to myedge_ai_app.o(.data) for s_person_count
    myedge_ai_app.o(i.ai_thread_entry) refers to ipc.o(i.rt_event_recv) for rt_event_recv
    myedge_ai_app.o(i.ai_thread_entry) refers to myedge_ai_app.o(i.Model) for Model
    myedge_ai_app.o(i.ai_thread_entry) refers to scheduler.o(i.rt_enter_critical) for rt_enter_critical
    myedge_ai_app.o(i.ai_thread_entry) refers to scheduler.o(i.rt_exit_critical) for rt_exit_critical
    myedge_ai_app.o(i.ai_thread_entry) refers to mysensor_deal.o(.bss) for data_ready_event
    myedge_ai_app.o(i.ai_thread_entry) refers to myedge_ai_app.o(.data) for s_person_count
    myedge_ai_app.o(i.ai_thread_init) refers to thread.o(i.rt_thread_init) for rt_thread_init
    myedge_ai_app.o(i.ai_thread_init) refers to thread.o(i.rt_thread_startup) for rt_thread_startup
    myedge_ai_app.o(i.ai_thread_init) refers to myedge_ai_app.o(.bss) for ai_thread_stack
    myedge_ai_app.o(i.ai_thread_init) refers to myedge_ai_app.o(i.ai_thread_entry) for ai_thread_entry
    myedge_ai_app.o(i.count_connected_components) refers to memseta.o(.text) for __aeabi_memclr4
    myedge_ai_app.o(i.detect_person_count) refers to myedge_ai_app.o(i.count_connected_components) for count_connected_components
    myedge_ai_app.o(i.detect_person_count) refers to myedge_ai_app.o(i.hybrid_classification) for hybrid_classification
    myedge_ai_app.o(i.split_dual_matrix) refers to kservice.o(i.rt_memset) for rt_memset
    myedge_ai_app.o(i.split_dual_matrix) refers to kservice.o(i.rt_memcpy) for rt_memcpy
    myedge_ai_app.o(.rti_fn.6) refers to myedge_ai_app.o(i.ai_thread_init) for ai_thread_init
    mysensor_deal.o(i.extract_mattress_frame) refers to kservice.o(i.rt_kprintf) for rt_kprintf
    mysensor_deal.o(i.extract_mattress_frame) refers to kservice.o(i.rt_memcmp) for rt_memcmp
    mysensor_deal.o(i.extract_mattress_frame) refers to kservice.o(i.rt_memcpy) for rt_memcpy
    mysensor_deal.o(i.extract_mattress_frame) refers to mysensor_deal.o(i.preprocess_1024_to_260) for preprocess_1024_to_260
[...]
    __FUNCTION__                             0x0805df1f   Data          15  timer.o(.constdata)
    __FUNCTION__                             0x0805df2e   Data          14  timer.o(.constdata)
    __FUNCTION__                             0x0805df3c   Data          17  timer.o(.constdata)
    .constdata                               0x0805df50   Section       48  expf.o(.constdata)
    twotokover4top                           0x0805df50   Data          16  expf.o(.constdata)
    twotokover4bot                           0x0805df60   Data          16  expf.o(.constdata)
    twotokover4all                           0x0805df70   Data          16  expf.o(.constdata)
    .constdata                               0x0805df80   Section      129  ctype_o.o(.constdata)
    .constdata                               0x0805e004   Section        4  ctype_o.o(.constdata)
    table                                    0x0805e004   Data           4  ctype_o.o(.constdata)
    .conststring                             0x0805e008   Section       75  myoutput_deal.o(.conststring)
    .conststring                             0x0805e054   Section      135  ipc.o(.conststring)
    .conststring                             0x0805e0dc   Section       88  kservice.o(.conststring)
    .conststring                             0x0805e134   Section      424  mem.o(.conststring)
    .conststring                             0x0805e2dc   Section       66  thread.o(.conststring)
    .data                                    0x20000000   Section       14  myedge_ai_app.o(.data)
    s_person_count                           0x20000000   Data           1  myedge_ai_app.o(.data)
    s_posture_0                              0x20000001   Data           1  myedge_ai_app.o(.data)
    s_waist_x_0                              0x20000002   Data           1  myedge_ai_app.o(.data)
    s_waist_y_0                              0x20000003   Data           1  myedge_ai_app.o(.data)
    s_posture_1                              0x20000004   Data           1  myedge_ai_app.o(.data)
    s_waist_x_1                              0x20000005   Data           1  myedge_ai_app.o(.data)
    s_waist_y_1                              0x20000006   Data           1  myedge_ai_app.o(.data)
    .data                                    0x20000010   Section       34  myoutput_deal.o(.data)
    first_flag                               0x20000010   Data           1  myoutput_deal.o(.data)
    recv_len                                 0x20000012   Data           2  myoutput_deal.o(.data)
    start_tick                               0x20000014   Data           4  myoutput_deal.o(.data)
    count_tick                               0x20000018   Data           4  myoutput_deal.o(.data)
    device_upload_tick                       0x2000001c   Data           4  myoutput_deal.o(.data)
    seq_num                                  0x20000020   Data           2  myoutput_deal.o(.data)
    timeStamp                                0x20000024   Data           4  myoutput_deal.o(.data)
    Upload_Time                              0x20000028   Data           2  myoutput_deal.o(.data)
    comm_state                               0x2000002a   Data           1  myoutput_deal.o(.data)
    upload_cnt                               0x2000002b   Data           1  myoutput_deal.o(.data)
    s_pos                                    0x2000002c   Data           4  myoutput_deal.o(.data)
    seq                                      0x20000030   Data           2  myoutput_deal.o(.data)
    .data                                    0x20000032   Section       20  main.o(.data)
    .data                                    0x20000048   Section        9  stm32f4xx_hal.o(.data)
    .data                                    0x20000054   Section        4  system_stm32f4xx.o(.data)
    .data                                    0x20000058   Section       16  cpuport.o(.data)
    rt_exception_hook                        0x20000064   Data           4  cpuport.o(.data)
    .data                                    0x20000068   Section        4  clock.o(.data)
    rt_tick                                  0x20000068   Data           4  clock.o(.data)
    .data                                    0x2000006c   Section        8  idle.o(.data)
    _rt_thread_defunct                       0x2000006c   Data           8  idle.o(.data)
    .data                                    0x20000074   Section        1  irq.o(.data)
    .data                                    0x20000078   Section       60  kservice.o(.data)
    __rt_errno                               0x20000078   Data           4  kservice.o(.data)
    rt_errno_strs                            0x2000007c   Data          48  kservice.o(.data)
    system_heap                              0x200000ac   Data           4  kservice.o(.data)
    .data                                    0x200000b4   Section      128  object.o(.data)
    _object_container                        0x200000b4   Data         128  object.o(.data)
    .data                                    0x20000134   Section       13  scheduler.o(.data)
    rt_scheduler_lock_nest                   0x20000138   Data           2  scheduler.o(.data)
    .data                                    0x20000144   Section       12  timer.o(.data)
    _timer_list                              0x20000144   Data           8  timer.o(.data)
    random_nr                                0x2000014c   Data           4  timer.o(.data)
    .data                                    0x20000150   Section        4  errno.o(.data)
    _errno                                   0x20000150   Data           4  errno.o(.data)
    .bss                                     0x20000154   Section    16532  myedge_ai_app.o(.bss)
    ai_thread                                0x20000154   Data         128  myedge_ai_app.o(.bss)
    ai_thread_stack                          0x200001d4   Data       16384  myedge_ai_app.o(.bss)
    .bss                                     0x200041e8   Section     5572  mysensor_deal.o(.bss)
    local_buf                                0x200041e8   Data        2048  mysensor_deal.o(.bss)
    sensor_thread                            0x20004f2c   Data         128  mysensor_deal.o(.bss)
    sensor_thread_stack                      0x20004fac   Data        2048  mysensor_deal.o(.bss)
    .bss                                     0x200057ac   Section    12844  myoutput_deal.o(.bss)
    s_iap                                    0x200057ac   Data          36  myoutput_deal.o(.bss)
    resp                                     0x200058d4   Data        2063  myoutput_deal.o(.bss)
    rx_frame                                 0x200060e3   Data        2063  myoutput_deal.o(.bss)
    send_buf                                 0x200068f2   Data         512  myoutput_deal.o(.bss)
    recv_buf                                 0x20006af2   Data        2176  myoutput_deal.o(.bss)
    bin_file                                 0x20007372   Data        2048  myoutput_deal.o(.bss)
    output_thread                            0x20007b94   Data         128  myoutput_deal.o(.bss)
    output_thread_stack                      0x20007c14   Data        1024  myoutput_deal.o(.bss)
    s_fifo                                   0x20008014   Data        2500  myoutput_deal.o(.bss)
    .bss                                     0x200089d8   Section     4224  main.o(.bss)
    .bss                                     0x20009a58   Section    16640  jq260_cnn_inference.o(.bss)
    g_buffer_a                               0x20009a58   Data        8320  jq260_cnn_inference.o(.bss)
    g_buffer_b                               0x2000bad8   Data        8320  jq260_cnn_inference.o(.bss)
    .bss                                     0x2000db58   Section       32  stm32f4xx_hal_flash.o(.bss)
    .bss                                     0x2000db78   Section     1208  segger_rtt.o(.bss)
    _acUpBuffer                              0x2000dc20   Data        1024  segger_rtt.o(.bss)
    _acDownBuffer                            0x2000e020   Data          16  segger_rtt.o(.bss)
    .bss                                     0x2000e030   Section      384  idle.o(.bss)
    idle                                     0x2000e030   Data         128  idle.o(.bss)
    rt_thread_stack                          0x2000e0b0   Data         256  idle.o(.bss)
    .bss                                     0x2000e1b0   Section      164  kservice.o(.bss)
    _lock                                    0x2000e1b0   Data          36  kservice.o(.bss)
    rt_log_buf                               0x2000e1d4   Data         128  kservice.o(.bss)
    .bss                                     0x2000e254   Section      256  scheduler.o(.bss)
    .bss                                     0x2000e354   Section    15432  board.o(.bss)
    rt_heap                                  0x2000e354   Data       15360  board.o(.bss)
    UartHandle                               0x20011f54   Data          72  board.o(.bss)
    .bss                                     0x20011f9c   Section      408  usart.o(.bss)
    STACK                                    0x20012138   Section    16384  startup_stm32f405xx.o(STACK)

    Global Symbols

    Symbol Name                              Value     Ov Type        Size  Object(Section)

    BuildAttributes$$THM_ISAv4$E$P$D$K$B$S$7EM$VFPi3$EXTD16$VFPS$VFMA$PE$A:L22UL41UL21$X:L11$S22US41US21$IEEE1$IW$USESV6$~STKCKD$USESV7$~SHL$OTIME$ROPI$IEEEX$EBA8$MICROLIB$REQ8$PRES8$EABIv2 0x00000000   Number         0  anon$$obj.o ABSOLUTE
    __ARM_use_no_argv                        0x00000000   Number         0  main.o ABSOLUTE
    __cpp_initialize__aeabi_                  - Undefined Weak Reference
    __cxa_finalize                            - Undefined Weak Reference
    _clock_init                               - Undefined Weak Reference
    _microlib_exit                            - Undefined Weak Reference
    _scanf_longlong                           - Undefined Weak Reference
    _scanf_real                               - Undefined Weak Reference
    _scanf_string                             - Undefined Weak Reference
    __Vectors_Size                           0x00000188   Number         0  startup_stm32f405xx.o ABSOLUTE
    __Vectors                                0x08040000   Data           4  startup_stm32f405xx.o(RESET)
    __Vectors_End                            0x08040188   Data           0  startup_stm32f405xx.o(RESET)
    __main                                   0x08040189   Thumb Code     0  entry.o(.ARM.Collect$$$$00000000)
    _main_stk                                0x08040189   Thumb Code     0  entry2.o(.ARM.Collect$$$$00000001)
    _main_scatterload                        0x0804018d   Thumb Code     0  entry5.o(.ARM.Collect$$$$00000004)
    __main_after_scatterload                 0x08040191   Thumb Code     0  entry5.o(.ARM.Collect$$$$00000004)
    _main_clock                              0x08040191   Thumb Code     0  entry7b.o(.ARM.Collect$$$$00000008)
    _main_cpp_init                           0x08040191   Thumb Code     0  entry8b.o(.ARM.Collect$$$$0000000A)
    _main_init                               0x08040191   Thumb Code     0  entry9a.o(.ARM.Collect$$$$0000000B)
    __rt_final_cpp                           0x08040199   Thumb Code     0  entry10a.o(.ARM.Collect$$$$0000000D)
    __rt_final_exit                          0x08040199   Thumb Code     0  entry11a.o(.ARM.Collect$$$$0000000F)
    __scatterload                            0x0804019d   Thumb Code    28  init.o(.text)
    __scatterload_rt2                        0x0804019d   Thumb Code     0  init.o(.text)
    __scatterload_copy                       0x080401c1   Thumb Code    14  handlers.o(i.__scatterload_copy)
    __scatterload_null                       0x080401cf   Thumb Code     2  handlers.o(i.__scatterload_null)
    __scatterload_zeroinit                   0x080401d1   Thumb Code    14  handlers.o(i.__scatterload_zeroinit)
    __rt_init_rti_start                      0x080401e0   Data           4  components.o(.rti_fn.0)
    __rt_init_rti_board_start                0x080401e4   Data           4  components.o(.rti_fn.0.end)
    __rt_init_uart_init                      0x080401e8   Data           4  board.o(.rti_fn.1)
    __rt_init_rti_board_end                  0x080401ec   Data           4  components.o(.rti_fn.1.end)
    __rt_init_ai_thread_init                 0x080401f0   Data           4  myedge_ai_app.o(.rti_fn.6)
    __rt_init_sensor_thread_init             0x080401f4   Data           4  mysensor_deal.o(.rti_fn.6)
    __rt_init_output_thread_init             0x080401f8   Data           4  myoutput_deal.o(.rti_fn.6)
    __rt_init_rti_end                        0x080401fc   Data           4  components.o(.rti_fn.6.end)
    Region$$Table$$Base                      0x08040200   Number         0  anon$$obj.o(Region$$Table)
    Region$$Table$$Limit                     0x08040220   Number         0  anon$$obj.o(Region$$Table)
    iap_tag                                  0x08050000   Data           8  myoutput_deal.o(.iap_tag)
    Reset_Handler                            0x08050009   Thumb Code     8  startup_stm32f405xx.o(.text)
    SVC_Handler                              0x0805001b   Thumb Code     2  startup_stm32f405xx.o(.text)
    ADC_IRQHandler                           0x08050023   Thumb Code     0  startup_stm32f405xx.o(.text)
    CAN1_RX1_IRQHandler                      0x08050023   Thumb Code     0  startup_stm32f405xx.o(.text)
    CAN1_SCE_IRQHandler                      0x08050023   Thumb Code     0  startup_stm32f405xx.o(.text)
    CAN1_TX_IRQHandler                       0x08050023   Thumb Code     0  startup_stm32f405xx.o(.text)
    CAN2_RX0_IRQHandler                      0x08050023   Thumb Code     0  startup_stm32f405xx.o(.text)
    CAN2_RX1_IRQHandler                      0x08050023   Thumb Code     0  startup_stm32f405xx.o(.text)
    CAN2_SCE_IRQHandler                      0x08050023   Thumb Code     0  startup_stm32f405xx.o(.text)
    CAN2_TX_IRQHandler                       0x08050023   Thumb Code     0  startup_stm32f405xx.o(.text)
    DMA1_Stream0_IRQHandler                  0x08050023   Thumb Code     0  startup_stm32f405xx.o(.text)
    DMA1_Stream2_IRQHandler                  0x08050023   Thumb Code     0  startup_stm32f405xx.o(.text)
    DMA1_Stream3_IRQHandler                  0x08050023   Thumb Code     0  startup_stm32f405xx.o(.text)
    DMA1_Stream4_IRQHandler                  0x08050023   Thumb Code     0  startup_stm32f405xx.o(.text)
    DMA1_Stream6_IRQHandler                  0x08050023   Thumb Code     0  startup_stm32f405xx.o(.text)
    DMA1_Stream7_IRQHandler                  0x08050023   Thumb Code     0  startup_stm32f405xx.o(.text)
    DMA2_Stream0_IRQHandler                  0x08050023   Thumb Code     0  startup_stm32f405xx.o(.text)
    DMA2_Stream1_IRQHandler                  0x08050023   Thumb Code     0  startup_stm32f405xx.o(.text)
    DMA2_Stream2_IRQHandler                  0x08050023   Thumb Code     0  startup_stm32f405xx.o(.text)
    DMA2_Stream3_IRQHandler                  0x08050023   Thumb Code     0  startup_stm32f405xx.o(.text)
    DMA2_Stream4_IRQHandler                  0x08050023   Thumb Code     0  startup_stm32f405xx.o(.text)
    DMA2_Stream5_IRQHandler                  0x08050023   Thumb Code     0  startup_stm32f405xx.o(.text)
    DMA2_Stream6_IRQHandler                  0x08050023   Thumb Code     0  startup_stm32f405xx.o(.text)
    DMA2_Stream7_IRQHandler                  0x08050023   Thumb Code     0  startup_stm32f405xx.o(.text)
    EXTI0_IRQHandler                         0x08050023   Thumb Code     0  startup_stm32f405xx.o(.text)
    EXTI15_10_IRQHandler                     0x08050023   Thumb Code     0  startup_stm32f405xx.o(.text)
    EXTI1_IRQHandler                         0x08050023   Thumb Code     0  startup_stm32f405xx.o(.text)
    EXTI2_IRQHandler                         0x08050023   Thumb Code     0  startup_stm32f405xx.o(.text)
    EXTI3_IRQHandler                         0x08050023   Thumb Code     0  startup_stm32f405xx.o(.text)
    EXTI4_IRQHandler                         0x08050023   Thumb Code     0  startup_stm32f405xx.o(.text)
    EXTI9_5_IRQHandler                       0x08050023   Thumb Code     0  startup_stm32f405xx.o(.text)
    FLASH_IRQHandler                         0x08050023   Thumb Code     0  startup_stm32f405xx.o(.text)
    FMC_IRQHandler                           0x08050023   Thumb Code     0  startup_stm32f405xx.o(.text)
    FPU_IRQHandler                           0x08050023   Thumb Code     0  startup_stm32f405xx.o(.text)
    HASH_RNG_IRQHandler                      0x08050023   Thumb Code     0  startup_stm32f405xx.o(.text)
    I2C1_ER_IRQHandler                       0x08050023   Thumb Code     0  startup_stm32f405xx.o(.text)
    I2C1_EV_IRQHandler                       0x08050023   Thumb Code     0  startup_stm32f405xx.o(.text)
    I2C2_ER_IRQHandler                       0x08050023   Thumb Code     0  startup_stm32f405xx.o(.text)
    I2C2_EV_IRQHandler                       0x08050023   Thumb Code     0  startup_stm32f405xx.o(.text)
    I2C3_ER_IRQHandler                       0x08050023   Thumb Code     0  startup_stm32f405xx.o(.text)
    I2C3_EV_IRQHandler                       0x08050023   Thumb Code     0  startup_stm32f405xx.o(.text)
    OTG_FS_IRQHandler                        0x08050023   Thumb Code     0  startup_stm32f405xx.o(.text)
    OTG_FS_WKUP_IRQHandler                   0x08050023   Thumb Code     0  startup_stm32f405xx.o(.text)
    OTG_HS_EP1_IN_IRQHandler                 0x08050023   Thumb Code     0  startup_stm32f405xx.o(.text)
    OTG_HS_EP1_OUT_IRQHandler                0x08050023   Thumb Code     0  startup_stm32f405xx.o(.text)
    OTG_HS_IRQHandler                        0x08050023   Thumb Code     0  startup_stm32f405xx.o(.text)
    OTG_HS_WKUP_IRQHandler                   0x08050023   Thumb Code     0  startup_stm32f405xx.o(.text)
    PVD_IRQHandler                           0x08050023   Thumb Code     0  startup_stm32f405xx.o(.text)
    RCC_IRQHandler                           0x08050023   Thumb Code     0  startup_stm32f405xx.o(.text)
    RTC_Alarm_IRQHandler                     0x08050023   Thumb Code     0  startup_stm32f405xx.o(.text)
    RTC_WKUP_IRQHandler                      0x08050023   Thumb Code     0  startup_stm32f405xx.o(.text)
    SDIO_IRQHandler                          0x08050023   Thumb Code     0  startup_stm32f405xx.o(.text)
    SPI1_IRQHandler                          0x08050023   Thumb Code     0  startup_stm32f405xx.o(.text)
    SPI2_IRQHandler                          0x08050023   Thumb Code     0  startup_stm32f405xx.o(.text)
    SPI3_IRQHandler                          0x08050023   Thumb Code     0  startup_stm32f405xx.o(.text)
    TAMP_STAMP_IRQHandler                    0x08050023   Thumb Code     0  startup_stm32f405xx.o(.text)
    TIM1_BRK_TIM9_IRQHandler                 0x08050023   Thumb Code     0  startup_stm32f405xx.o(.text)
    TIM1_CC_IRQHandler                       0x08050023   Thumb Code     0  startup_stm32f405xx.o(.text)
    TIM1_TRG_COM_TIM11_IRQHandler            0x08050023   Thumb Code     0  startup_stm32f405xx.o(.text)
    TIM1_UP_TIM10_IRQHandler                 0x08050023   Thumb Code     0  startup_stm32f405xx.o(.text)
    TIM2_IRQHandler                          0x08050023   Thumb Code     0  startup_stm32f405xx.o(.text)
    TIM3_IRQHandler                          0x08050023   Thumb Code     0  startup_stm32f405xx.o(.text)
    TIM4_IRQHandler                          0x08050023   Thumb Code     0  startup_stm32f405xx.o(.text)
    TIM5_IRQHandler                          0x08050023   Thumb Code     0  startup_stm32f405xx.o(.text)
    TIM6_DAC_IRQHandler                      0x08050023   Thumb Code     0  startup_stm32f405xx.o(.text)
    TIM7_IRQHandler                          0x08050023   Thumb Code     0  startup_stm32f405xx.o(.text)
    TIM8_BRK_TIM12_IRQHandler                0x08050023   Thumb Code     0  startup_stm32f405xx.o(.text)
    TIM8_CC_IRQHandler                       0x08050023   Thumb Code     0  startup_stm32f405xx.o(.text)
    TIM8_TRG_COM_TIM14_IRQHandler            0x08050023   Thumb Code     0  startup_stm32f405xx.o(.text)
    TIM8_UP_TIM13_IRQHandler                 0x08050023   Thumb Code     0  startup_stm32f405xx.o(.text)
    UART4_IRQHandler                         0x08050023   Thumb Code     0  startup_stm32f405xx.o(.text)
    UART5_IRQHandler                         0x08050023   Thumb Code     0  startup_stm32f405xx.o(.text)
    USART1_IRQHandler                        0x08050023   Thumb Code     0  startup_stm32f405xx.o(.text)
    USART6_IRQHandler                        0x08050023   Thumb Code     0  startup_stm32f405xx.o(.text)
    WWDG_IRQHandler                          0x08050023   Thumb Code     0  startup_stm32f405xx.o(.text)
    rt_hw_interrupt_disable                  0x0805002d   Thumb Code     8  context_rvds.o(.text)
    rt_hw_interrupt_enable                   0x08050035   Thumb Code     6  context_rvds.o(.text)
    rt_hw_context_switch                     0x0805003b   Thumb Code    32  context_rvds.o(.text)
    rt_hw_context_switch_interrupt           0x0805003b   Thumb Code     0  context_rvds.o(.text)
    PendSV_Handler                           0x0805005b   Thumb Code   108  context_rvds.o(.text)
    rt_hw_context_switch_to                  0x080500c7   Thumb Code    76  context_rvds.o(.text)
    rt_hw_interrupt_thread_switch            0x08050113   Thumb Code     2  context_rvds.o(.text)
    HardFault_Handler                        0x08050115   Thumb Code    56  context_rvds.o(.text)
    __aeabi_uldivmod                         0x08050169   Thumb Code    98  uldiv.o(.text)
    __rt_ctype_table                         0x080501cd   Thumb Code     4  ctype_o.o(.text)
    isspace                                  0x080501d5   Thumb Code    18  isspace_o.o(.text)
    __aeabi_memcpy                           0x080501e7   Thumb Code    36  memcpya.o(.text)
    __aeabi_memcpy4                          0x080501e7   Thumb Code     0  memcpya.o(.text)
    __aeabi_memcpy8                          0x080501e7   Thumb Code     0  memcpya.o(.text)
    __aeabi_memset                           0x0805020b   Thumb Code    14  memseta.o(.text)
    __aeabi_memset4                          0x0805020b   Thumb Code     0  memseta.o(.text)
    __aeabi_memset8                          0x0805020b   Thumb Code     0  memseta.o(.text)
    __aeabi_memclr                           0x08050219   Thumb Code     4  memseta.o(.text)
    __aeabi_memclr4                          0x08050219   Thumb Code     0  memseta.o(.text)
    __aeabi_memclr8                          0x08050219   Thumb Code     0  memseta.o(.text)
    _memset$wrapper                          0x0805021d   Thumb Code    18  memseta.o(.text)
    strlen                                   0x0805022f   Thumb Code    14  strlen.o(.text)
    memcmp                                   0x0805023d   Thumb Code    26  memcmp.o(.text)
    strcpy                                   0x08050257   Thumb Code    18  strcpy.o(.text)
    __aeabi_uread4                           0x08050269   Thumb Code    20  uread4.o(.text)
    __rt_uread4                              0x08050269   Thumb Code     0  uread4.o(.text)
    _uread4                                  0x08050269   Thumb Code     0  uread4.o(.text)
    __aeabi_uwrite4                          0x0805027d   Thumb Code    18  uwrite4.o(.text)
    __rt_uwrite4                             0x0805027d   Thumb Code     0  uwrite4.o(.text)
    _uwrite4                                 0x0805027d   Thumb Code     0  uwrite4.o(.text)
    __0sscanf                                0x08050291   Thumb Code    48  __0sscanf.o(.text)
    _scanf_int                               0x080502c9   Thumb Code   332  _scanf_int.o(.text)
    __aeabi_llsl                             0x08050415   Thumb Code    30  llshl.o(.text)
    _ll_shift_l                              0x08050415   Thumb Code     0  llshl.o(.text)
    __aeabi_llsr                             0x08050433   Thumb Code    32  llushr.o(.text)
    _ll_ushift_r                             0x08050433   Thumb Code     0  llushr.o(.text)
    _chval                                   0x08050453   Thumb Code    28  _chval.o(.text)
    __vfscanf_char                           0x0805047d   Thumb Code    20  scanf_char.o(.text)
    _sgetc                                   0x08050499   Thumb Code    30  _sgetc.o(.text)
    _sbackspace                              0x080504b7   Thumb Code    34  _sgetc.o(.text)
    __I$use$fp                               0x080504d9   Thumb Code     0  iusefp.o(.text)
    _frnd                                    0x080504d9   Thumb Code    60  frnd.o(.text)
    __vfscanf                                0x08050515   Thumb Code   808  _scanf.o(.text)
    _float_round                             0x08050841   Thumb Code    18  fepilogue.o(.text)
    _float_epilogue                          0x08050853   Thumb Code    92  fepilogue.o(.text)
    __decompress                             0x080508af   Thumb Code     0  __dczerorl2.o(.text)
    __decompress1                            0x080508af   Thumb Code    86  __dczerorl2.o(.text)
    main                                     0x08050905   Thumb Code    10  components.o(i.$Sub$$main)
    BusFault_Handler                         0x0805090f   Thumb Code     4  stm32f4xx_it.o(i.BusFault_Handler)
    CAN1_RX0_IRQHandler                      0x08050913   Thumb Code     2  stm32f4xx_it.o(i.CAN1_RX0_IRQHandler)
    DMA1_Stream1_IRQHandler                  0x08050915   Thumb Code    10  stm32f4xx_it.o(i.DMA1_Stream1_IRQHandler)
    DMA1_Stream5_IRQHandler                  0x08050925   Thumb Code    10  stm32f4xx_it.o(i.DMA1_Stream5_IRQHandler)
    DebugMon_Handler                         0x08050a3f   Thumb Code     2  stm32f4xx_it.o(i.DebugMon_Handler)
    Error_Handler                            0x08050a41   Thumb Code     6  main.o(i.Error_Handler)
    FLASH_Erase_Sector                       0x08050a49   Thumb Code    86  stm32f4xx_hal_flash_ex.o(i.FLASH_Erase_Sector)
    FLASH_FlushCaches                        0x08050aa5   Thumb Code   114  stm32f4xx_hal_flash_ex.o(i.FLASH_FlushCaches)
    FLASH_WaitForLastOperation               0x08050c89   Thumb Code    90  stm32f4xx_hal_flash.o(i.FLASH_WaitForLastOperation)
    HAL_DMA_Abort                            0x08050ced   Thumb Code   172  stm32f4xx_hal_dma.o(i.HAL_DMA_Abort)
    HAL_DMA_Abort_IT                         0x08050d99   Thumb Code    40  stm32f4xx_hal_dma.o(i.HAL_DMA_Abort_IT)
    HAL_DMA_IRQHandler                       0x08050dc1   Thumb Code   570  stm32f4xx_hal_dma.o(i.HAL_DMA_IRQHandler)
    HAL_DMA_Init                             0x08051001   Thumb Code   232  stm32f4xx_hal_dma.o(i.HAL_DMA_Init)
    HAL_DMA_Start_IT                         0x080510ed   Thumb Code   146  stm32f4xx_hal_dma.o(i.HAL_DMA_Start_IT)
    HAL_FLASHEx_Erase                        0x08051181   Thumb Code   162  stm32f4xx_hal_flash_ex.o(i.HAL_FLASHEx_Erase)
    HAL_FLASH_Lock                           0x0805122d   Thumb Code    16  stm32f4xx_hal_flash.o(i.HAL_FLASH_Lock)
    HAL_FLASH_Program                        0x08051241   Thumb Code   134  stm32f4xx_hal_flash.o(i.HAL_FLASH_Program)
    HAL_FLASH_Unlock                         0x080512d1   Thumb Code    38  stm32f4xx_hal_flash.o(i.HAL_FLASH_Unlock)
    HAL_GPIO_Init                            0x08051305   Thumb Code   454  stm32f4xx_hal_gpio.o(i.HAL_GPIO_Init)
    HAL_GPIO_TogglePin                       0x080514f9   Thumb Code    20  stm32f4xx_hal_gpio.o(i.HAL_GPIO_TogglePin)
    HAL_GPIO_WritePin                        0x0805150d   Thumb Code    12  stm32f4xx_hal_gpio.o(i.HAL_GPIO_WritePin)
    HAL_GetTick                              0x08051519   Thumb Code     6  stm32f4xx_hal.o(i.HAL_GetTick)
    HAL_Init                                 0x08051525   Thumb Code    54  stm32f4xx_hal.o(i.HAL_Init)
    HAL_InitTick                             0x08051561   Thumb Code    64  stm32f4xx_hal.o(i.HAL_InitTick)
    HAL_MspInit                              0x080515ad   Thumb Code    68  stm32f4xx_hal_msp.o(i.HAL_MspInit)
    HAL_NVIC_EnableIRQ                       0x080515f5   Thumb Code    40  stm32f4xx_hal_cortex.o(i.HAL_NVIC_EnableIRQ)
    HAL_NVIC_SetPriority                     0x0805161d   Thumb Code   124  stm32f4xx_hal_cortex.o(i.HAL_NVIC_SetPriority)
    HAL_NVIC_SetPriorityGrouping             0x08051699   Thumb Code    32  stm32f4xx_hal_cortex.o(i.HAL_NVIC_SetPriorityGrouping)
    HAL_RCC_CSSCallback                      0x080516c1   Thumb Code     2  stm32f4xx_hal_rcc.o(i.HAL_RCC_CSSCallback)
    HAL_RCC_ClockConfig                      0x080516c5   Thumb Code   368  stm32f4xx_hal_rcc.o(i.HAL_RCC_ClockConfig)
    HAL_RCC_EnableCSS                        0x08051849   Thumb Code     8  stm32f4xx_hal_rcc.o(i.HAL_RCC_EnableCSS)
    HAL_RCC_GetHCLKFreq                      0x08051855   Thumb Code     6  stm32f4xx_hal_rcc.o(i.HAL_RCC_GetHCLKFreq)
    HAL_RCC_GetPCLK1Freq                     0x08051861   Thumb Code    22  stm32f4xx_hal_rcc.o(i.HAL_RCC_GetPCLK1Freq)
    HAL_RCC_GetPCLK2Freq                     0x08051881   Thumb Code    22  stm32f4xx_hal_rcc.o(i.HAL_RCC_GetPCLK2Freq)
    HAL_RCC_GetSysClockFreq                  0x080518a1   Thumb Code   162  stm32f4xx_hal_rcc.o(i.HAL_RCC_GetSysClockFreq)
    HAL_RCC_NMI_IRQHandler                   0x08051951   Thumb Code    28  stm32f4xx_hal_rcc.o(i.HAL_RCC_NMI_IRQHandler)
    HAL_RCC_OscConfig                        0x08051971   Thumb Code  1172  stm32f4xx_hal_rcc.o(i.HAL_RCC_OscConfig)
    HAL_SYSTICK_Config                       0x08051e0d   Thumb Code    52  stm32f4xx_hal_cortex.o(i.HAL_SYSTICK_Config)
    HAL_UARTEx_RxEventCallback               0x08051e41   Thumb Code     2  stm32f4xx_hal_uart.o(i.HAL_UARTEx_RxEventCallback)
    HAL_UART_DMAPause                        0x08051e43   Thumb Code   166  stm32f4xx_hal_uart.o(i.HAL_UART_DMAPause)
    HAL_UART_DMAResume                       0x08051ee9   Thumb Code   170  stm32f4xx_hal_uart.o(i.HAL_UART_DMAResume)
    HAL_UART_DMAStop                         0x08051f93   Thumb Code   138  stm32f4xx_hal_uart.o(i.HAL_UART_DMAStop)
    HAL_UART_ErrorCallback                   0x0805201d   Thumb Code     2  stm32f4xx_hal_uart.o(i.HAL_UART_ErrorCallback)
    HAL_UART_IRQHandler                      0x08052021   Thumb Code   772  stm32f4xx_hal_uart.o(i.HAL_UART_IRQHandler)
    HAL_UART_Init                            0x08052329   Thumb Code   118  stm32f4xx_hal_uart.o(i.HAL_UART_Init)
    HAL_UART_MspInit                         0x080523a1   Thumb Code   502  usart.o(i.HAL_UART_MspInit)
    HAL_UART_Receive_DMA                     0x080525bd   Thumb Code    44  stm32f4xx_hal_uart.o(i.HAL_UART_Receive_DMA)
    HAL_UART_RxCpltCallback                  0x080525e9   Thumb Code     2  stm32f4xx_hal_uart.o(i.HAL_UART_RxCpltCallback)
    HAL_UART_RxHalfCpltCallback              0x080525eb   Thumb Code     2  stm32f4xx_hal_uart.o(i.HAL_UART_RxHalfCpltCallback)
    HAL_UART_Transmit                        0x080525ed   Thumb Code   190  stm32f4xx_hal_uart.o(i.HAL_UART_Transmit)
    HAL_UART_TxCpltCallback                  0x080526ab   Thumb Code     2  stm32f4xx_hal_uart.o(i.HAL_UART_TxCpltCallback)
    MX_DMA_Init                              0x080526ad   Thumb Code    68  dma.o(i.MX_DMA_Init)
    MX_GPIO_Init                             0x080526f5   Thumb Code   170  gpio.o(i.MX_GPIO_Init)
    MX_USART2_UART_Init                      0x080527a9   Thumb Code    44  usart.o(i.MX_USART2_UART_Init)
    MX_USART3_UART_Init                      0x080527e1   Thumb Code    46  usart.o(i.MX_USART3_UART_Init)
    MemManage_Handler                        0x08052819   Thumb Code     4  stm32f4xx_it.o(i.MemManage_Handler)
    Model                                    0x0805281d   Thumb Code  1614  myedge_ai_app.o(i.Model)
    NMI_Handler                              0x08052e89   Thumb Code     8  stm32f4xx_it.o(i.NMI_Handler)
    Protocol_BuildFrame                      0x08052e91   Thumb Code   130  protocol_parser.o(i.Protocol_BuildFrame)
    Protocol_CRC16_CCITT                     0x08052f13   Thumb Code    28  protocol_parser.o(i.Protocol_CRC16_CCITT)
    Protocol_ParseFrame                      0x08052f31   Thumb Code   490  protocol_parser.o(i.Protocol_ParseFrame)
    Protocol_SerializeFrame                  0x08053171   Thumb Code   308  protocol_parser.o(i.Protocol_SerializeFrame)
    SEGGER_RTT_Init                          0x080532a5   Thumb Code     8  segger_rtt.o(i.SEGGER_RTT_Init)
    SEGGER_RTT_Write                         0x080532ad   Thumb Code    68  segger_rtt.o(i.SEGGER_RTT_Write)
    SEGGER_RTT_WriteNoLock                   0x080532f5   Thumb Code   126  segger_rtt.o(i.SEGGER_RTT_WriteNoLock)
    SEGGER_RTT_WriteString                   0x08053379   Thumb Code    26  segger_rtt.o(i.SEGGER_RTT_WriteString)
    SEGGER_RTT_printf                        0x08053393   Thumb Code    34  segger_rtt_printf.o(i.SEGGER_RTT_printf)
    SEGGER_RTT_vprintf                       0x080533b5   Thumb Code   522  segger_rtt_printf.o(i.SEGGER_RTT_vprintf)
    STMFLASH_GetFlashSector                  0x080535c1   Thumb Code   116  myflash.o(i.STMFLASH_GetFlashSector)
    STM_Flash_Erase                          0x08053661   Thumb Code    64  myflash.o(i.STM_Flash_Erase)
    STM_Flash_Read                           0x080536a1   Thumb Code    32  myflash.o(i.STM_Flash_Read)
    STM_Flash_ReadWord                       0x080536c1   Thumb Code     6  myflash.o(i.STM_Flash_ReadWord)
    SysTick_Handler                          0x080536c7   Thumb Code    16  board.o(i.SysTick_Handler)
    SystemClock_Config                       0x080536d9   Thumb Code   174  main.o(i.SystemClock_Config)
    SystemCoreClockUpdate                    0x08053791   Thumb Code   160  system_stm32f4xx.o(i.SystemCoreClockUpdate)
    SystemInit                               0x08053845   Thumb Code    22  system_stm32f4xx.o(i.SystemInit)
    UART_Start_Receive_DMA                   0x08053d79   Thumb Code   202  stm32f4xx_hal_uart.o(i.UART_Start_Receive_DMA)
    USART2_IRQHandler                        0x08053f3d   Thumb Code    94  stm32f4xx_it.o(i.USART2_IRQHandler)
    USART3_IRQHandler                        0x08053fad   Thumb Code    94  stm32f4xx_it.o(i.USART3_IRQHandler)
    UsageFault_Handler                       0x0805401d   Thumb Code     4  stm32f4xx_it.o(i.UsageFault_Handler)
    __ARM_fpclassifyf                        0x08054397   Thumb Code    38  fpclassifyf.o(i.__ARM_fpclassifyf)
    __hardfp_expf                            0x080543f5   Thumb Code   426  expf.o(i.__hardfp_expf)
    __mathlib_expf                           0x080543f5   Thumb Code     0  expf.o(i.__hardfp_expf)
    __hardfp_roundf                          0x080545dd   Thumb Code   154  roundf.o(i.__hardfp_roundf)
    __mathlib_flt_infnan                     0x08054677   Thumb Code     6  funder.o(i.__mathlib_flt_infnan)
    __mathlib_flt_overflow                   0x0805467d   Thumb Code    10  funder.o(i.__mathlib_flt_overflow)
    __mathlib_flt_underflow                  0x0805468d   Thumb Code    10  funder.o(i.__mathlib_flt_underflow)
    __rt_ffs                                 0x0805469d   Thumb Code    70  kservice.o(i.__rt_ffs)
    __set_errno                              0x080546e9   Thumb Code     6  errno.o(i.__set_errno)
    ai_thread_init                           0x08054b89   Thumb Code    44  myedge_ai_app.o(i.ai_thread_init)
    bin_flash_erase                          0x08054bc9   Thumb Code    24  myflash.o(i.bin_flash_erase)
    bin_flash_write                          0x08054bed   Thumb Code    92  myflash.o(i.bin_flash_write)
    calc_260_sum                             0x08054c4d   Thumb Code    26  myedge_ai_app.o(i.calc_260_sum)
    calc_sum_lower_half                      0x08054c67   Thumb Code    24  myedge_ai_app.o(i.calc_sum_lower_half)
    calc_sum_upper_half                      0x08054c7f   Thumb Code    22  myedge_ai_app.o(i.calc_sum_upper_half)
    calculate_com                            0x08054c95   Thumb Code   178  myedge_ai_app.o(i.calculate_com)
    cnn_posture_classify                     0x08054d4d   Thumb Code   418  jq260_cnn_inference.o(i.cnn_posture_classify)
    cnn_posture_init                         0x08054f59   Thumb Code    26  jq260_cnn_inference.o(i.cnn_posture_init)
    count_nonzero_in_lower_half              0x0805601d   Thumb Code    28  myedge_ai_app.o(i.count_nonzero_in_lower_half)
    count_nonzero_in_upper_half              0x08056039   Thumb Code    26  myedge_ai_app.o(i.count_nonzero_in_upper_half)
    data_flash_write                         0x08056055   Thumb Code    82  myflash.o(i.data_flash_write)
    extract_mattress_frame                   0x08056141   Thumb Code   140  mysensor_deal.o(i.extract_mattress_frame)
    feature_engineering_model_run            0x08056221   Thumb Code    30  stm32_sleep_posture.o(i.feature_engineering_model_run)
    hex_dump_simple                          0x080562e5   Thumb Code    58  main.o(i.hex_dump_simple)
    $Super$$main                             0x080564b1   Thumb Code   170  main.o(i.main)
    main_thread_entry                        0x08056669   Thumb Code    14  components.o(i.main_thread_entry)
    output_thread_init                       0x08056745   Thumb Code    62  myoutput_deal.o(i.output_thread_init)
    preprocess_1024_to_260                   0x08056895   Thumb Code   190  mysensor_deal.o(i.preprocess_1024_to_260)
    rt_application_init                      0x08056aed   Thumb Code    46  components.o(i.rt_application_init)
    rt_assert_handler                        0x08056b3d   Thumb Code    56  kservice.o(i.rt_assert_handler)
    rt_components_init                       0x08056bb1   Thumb Code    20  components.o(i.rt_components_init)
    rt_critical_level                        0x08056bcd   Thumb Code     8  scheduler.o(i.rt_critical_level)
    rt_enter_critical                        0x08056c19   Thumb Code    28  scheduler.o(i.rt_enter_critical)
    rt_event_init                            0x08056c39   Thumb Code    64  ipc.o(i.rt_event_init)
    rt_event_recv                            0x08056ccd   Thumb Code   416  ipc.o(i.rt_event_recv)
    rt_event_send                            0x08056f19   Thumb Code   230  ipc.o(i.rt_event_send)
    rt_exit_critical                         0x0805701d   Thumb Code    60  scheduler.o(i.rt_exit_critical)
    rt_free                                  0x08057061   Thumb Code    30  kservice.o(i.rt_free)
    rt_heap_begin_get                        0x08057081   Thumb Code     4  board.o(i.rt_heap_begin_get)
    rt_heap_end_get                          0x08057089   Thumb Code     4  board.o(i.rt_heap_end_get)
    rt_hw_board_init                         0x08057091   Thumb Code    52  board.o(i.rt_hw_board_init)
    rt_hw_console_output                     0x080570c5   Thumb Code    58  board.o(i.rt_hw_console_output)
    rt_hw_hard_fault_exception               0x08057101   Thumb Code   212  cpuport.o(i.rt_hw_hard_fault_exception)
    rt_hw_stack_init                         0x08057325   Thumb Code    74  cpuport.o(i.rt_hw_stack_init)
    rt_interrupt_enter                       0x08057375   Thumb Code    30  irq.o(i.rt_interrupt_enter)
    rt_interrupt_get_nest                    0x08057399   Thumb Code    22  irq.o(i.rt_interrupt_get_nest)
    rt_interrupt_leave                       0x080573b5   Thumb Code    30  irq.o(i.rt_interrupt_leave)
    rt_kprintf                               0x080573d9   Thumb Code    46  kservice.o(i.rt_kprintf)
    rt_malloc                                0x08057499   Thumb Code    32  kservice.o(i.rt_malloc)
    rt_memcmp                                0x080574bd   Thumb Code    38  kservice.o(i.rt_memcmp)
    rt_memcpy                                0x080574e3   Thumb Code   124  kservice.o(i.rt_memcpy)
    rt_memmove                               0x0805755f   Thumb Code    66  kservice.o(i.rt_memmove)
    rt_memset                                0x080575a1   Thumb Code    72  kservice.o(i.rt_memset)
    rt_mutex_init                            0x080575e9   Thumb Code    62  ipc.o(i.rt_mutex_init)
    rt_mutex_release                         0x08057641   Thumb Code   328  ipc.o(i.rt_mutex_release)
    rt_mutex_take                            0x08057809   Thumb Code   396  ipc.o(i.rt_mutex_take)
    rt_object_allocate                       0x08057a41   Thumb Code   140  object.o(i.rt_object_allocate)
    rt_object_delete                         0x08057b15   Thumb Code    70  object.o(i.rt_object_delete)
    rt_object_detach                         0x08057ba1   Thumb Code    44  object.o(i.rt_object_detach)
    rt_object_get_information                0x08057be5   Thumb Code    36  object.o(i.rt_object_get_information)
    rt_object_get_type                       0x08057c0d   Thumb Code    26  object.o(i.rt_object_get_type)
    rt_object_init                           0x08057c41   Thumb Code   122  object.o(i.rt_object_init)
    rt_object_is_systemobject                0x08057ce9   Thumb Code    34  object.o(i.rt_object_is_systemobject)
    rt_schedule                              0x08057d25   Thumb Code   276  scheduler.o(i.rt_schedule)
    rt_schedule_insert_thread                0x08057e4d   Thumb Code   160  scheduler.o(i.rt_schedule_insert_thread)
    rt_schedule_remove_thread                0x08057f11   Thumb Code    94  scheduler.o(i.rt_schedule_remove_thread)
    rt_show_version                          0x08057f91   Thumb Code    42  kservice.o(i.rt_show_version)
    rt_smem_alloc                            0x08058055   Thumb Code   450  mem.o(i.rt_smem_alloc)
    rt_smem_free                             0x080582cd   Thumb Code   206  mem.o(i.rt_smem_free)
    rt_smem_init                             0x08058471   Thumb Code   176  mem.o(i.rt_smem_init)
    rt_sprintf                               0x08058565   Thumb Code    34  kservice.o(i.rt_sprintf)
    rt_strlen                                0x08058587   Thumb Code    18  kservice.o(i.rt_strlen)
    rt_strncpy                               0x08058599   Thumb Code    52  kservice.o(i.rt_strncpy)
    rt_system_heap_init                      0x080585cd   Thumb Code    66  kservice.o(i.rt_system_heap_init)
    rt_system_scheduler_init                 0x08058645   Thumb Code    42  scheduler.o(i.rt_system_scheduler_init)
    rt_system_scheduler_start                0x0805867d   Thumb Code    36  scheduler.o(i.rt_system_scheduler_start)
    rt_system_timer_init                     0x080586a5   Thumb Code    24  timer.o(i.rt_system_timer_init)
    rt_system_timer_thread_init              0x080586c1   Thumb Code     2  timer.o(i.rt_system_timer_thread_init)
    rt_thread_control                        0x080586c5   Thumb Code   182  thread.o(i.rt_thread_control)
    rt_thread_create                         0x08058799   Thumb Code    80  thread.o(i.rt_thread_create)
    rt_thread_defunct_dequeue                0x080587e9   Thumb Code    56  idle.o(i.rt_thread_defunct_dequeue)
    rt_thread_defunct_enqueue                0x08058825   Thumb Code    24  idle.o(i.rt_thread_defunct_enqueue)
    rt_thread_delete                         0x08058841   Thumb Code   128  thread.o(i.rt_thread_delete)
    rt_thread_detach                         0x08058919   Thumb Code   128  thread.o(i.rt_thread_detach)
    rt_thread_idle_init                      0x080589ed   Thumb Code    74  idle.o(i.rt_thread_idle_init)
    rt_thread_init                           0x08058a4d   Thumb Code    78  thread.o(i.rt_thread_init)
    rt_thread_mdelay                         0x08058acd   Thumb Code    20  thread.o(i.rt_thread_mdelay)
    rt_thread_resume                         0x08058ae1   Thumb Code   104  thread.o(i.rt_thread_resume)
    rt_thread_self                           0x08058b65   Thumb Code     6  thread.o(i.rt_thread_self)
    rt_thread_sleep                          0x08058b71   Thumb Code   104  thread.o(i.rt_thread_sleep)
    rt_thread_startup                        0x08058bf5   Thumb Code   102  thread.o(i.rt_thread_startup)
    rt_thread_suspend                        0x08058cb1   Thumb Code   136  thread.o(i.rt_thread_suspend)
    rt_tick_from_millisecond                 0x08058d71   Thumb Code    56  clock.o(i.rt_tick_from_millisecond)
    rt_tick_get                              0x08058da9   Thumb Code     6  clock.o(i.rt_tick_get)
    rt_tick_get_millisecond                  0x08058db5   Thumb Code     8  clock.o(i.rt_tick_get_millisecond)
    rt_tick_increase                         0x08058dbd   Thumb Code    74  clock.o(i.rt_tick_increase)
    rt_timer_check                           0x08058e0d   Thumb Code   172  timer.o(i.rt_timer_check)
    rt_timer_control                         0x08058ebd   Thumb Code   162  timer.o(i.rt_timer_control)
    rt_timer_detach                          0x08058fdd   Thumb Code    96  timer.o(i.rt_timer_detach)
    rt_timer_init                            0x080590bd   Thumb Code    94  timer.o(i.rt_timer_init)
    rt_timer_start                           0x08059161   Thumb Code   276  timer.o(i.rt_timer_start)
    rt_timer_stop                            0x080592d1   Thumb Code    84  timer.o(i.rt_timer_stop)
    rt_vsnprintf                             0x08059379   Thumb Code   824  kservice.o(i.rt_vsnprintf)
    rt_vsprintf                              0x080596b9   Thumb Code    22  kservice.o(i.rt_vsprintf)
    rtthread_startup                         0x080596df   Thumb Code    42  components.o(i.rtthread_startup)
    sensor_number                            0x08059709   Thumb Code    30  myedge_ai_app.o(i.sensor_number)
    sensor_thread_init                       0x080597cd   Thumb Code    76  mysensor_deal.o(i.sensor_thread_init)
    split_dual_matrix                        0x0805987f   Thumb Code    58  myedge_ai_app.o(i.split_dual_matrix)
    FRAME_HEADER                             0x08059a88   Data           4  mysensor_deal.o(.constdata)
    AHBPrescTable                            0x0805d97c   Data          16  system_stm32f4xx.o(.constdata)
    APBPrescTable                            0x0805d98c   Data           8  system_stm32f4xx.o(.constdata)
    __lowest_bit_bitmap                      0x0805dbd3   Data         256  kservice.o(.constdata)
    __ctype_table                            0x0805df80   Data         129  ctype_o.o(.constdata)
    g_person_count                           0x20000007   Data           1  myedge_ai_app.o(.data)
    g_posture_0                              0x20000008   Data           1  myedge_ai_app.o(.data)
    g_waist_x_0                              0x20000009   Data           1  myedge_ai_app.o(.data)
    g_waist_y_0                              0x2000000a   Data           1  myedge_ai_app.o(.data)
    g_posture_1                              0x2000000b   Data           1  myedge_ai_app.o(.data)
    g_waist_x_1                              0x2000000c   Data           1  myedge_ai_app.o(.data)
    g_waist_y_1                              0x2000000d   Data           1  myedge_ai_app.o(.data)
    Project_Version                          0x20000032   Data          16  main.o(.data)
    sensor_uart_rx_len                       0x20000042   Data           2  main.o(.data)
    output_uart_rx_len                       0x20000044   Data           2  main.o(.data)
    uwTick                                   0x20000048   Data           4  stm32f4xx_hal.o(.data)
    uwTickPrio                               0x2000004c   Data           4  stm32f4xx_hal.o(.data)
    uwTickFreq                               0x20000050   Data           1  stm32f4xx_hal.o(.data)
    SystemCoreClock                          0x20000054   Data           4  system_stm32f4xx.o(.data)
    rt_interrupt_from_thread                 0x20000058   Data           4  cpuport.o(.data)
    rt_interrupt_to_thread                   0x2000005c   Data           4  cpuport.o(.data)
    rt_thread_switch_interrupt_flag          0x20000060   Data           4  cpuport.o(.data)
    rt_interrupt_nest                        0x20000074   Data           1  irq.o(.data)
    rt_assert_hook                           0x200000b0   Data           4  kservice.o(.data)
    rt_thread_ready_priority_group           0x20000134   Data           4  scheduler.o(.data)
    rt_current_thread                        0x2000013c   Data           4  scheduler.o(.data)
    rt_current_priority                      0x20000140   Data           1  scheduler.o(.data)
    model                                    0x200041d4   Data          20  myedge_ai_app.o(.bss)
    Origin_MattressData_Resize               0x200049e8   Data        1024  mysensor_deal.o(.bss)
    Origin_MattressData                      0x20004de8   Data         260  mysensor_deal.o(.bss)
    uart_rx_event                            0x20004eec   Data          32  mysensor_deal.o(.bss)
    data_ready_event                         0x20004f0c   Data          32  mysensor_deal.o(.bss)
    UploadSrcMattressData                    0x200057d0   Data         260  myoutput_deal.o(.bss)
    output_uart_rx_event                     0x20007b74   Data          32  myoutput_deal.o(.bss)
    sensor_uart_rx_buffer                    0x200089d8   Data        2048  main.o(.bss)
    output_uart_rx_buffer                    0x200091d8   Data        2176  main.o(.bss)
    pFlash                                   0x2000db58   Data          32  stm32f4xx_hal_flash.o(.bss)
    _SEGGER_RTT                              0x2000db78   Data         168  segger_rtt.o(.bss)
    rt_thread_priority_table                 0x2000e254   Data         256  scheduler.o(.bss)
    huart2                                   0x20011f9c   Data          72  usart.o(.bss)
    huart3                                   0x20011fe4   Data          72  usart.o(.bss)
    huart6                                   0x2001202c   Data          72  usart.o(.bss)
    hdma_usart2_rx                           0x20012074   Data          96  usart.o(.bss)
    hdma_usart3_rx                           0x200120d4   Data          96  usart.o(.bss)
    __initial_sp                             0x20016138   Data           0  startup_stm32f405xx.o(STACK)



==============================================================================

Memory Map of the image

  Image Entry point : 0x08040189

  Load Region LR_IROM1 (Base: 0x08040000, Size: 0x00000374, Max: 0x00010000, ABSOLUTE, COMPRESSED[0x000002b4])

    Execution Region ER_IROM1 (Base: 0x08040000, Size: 0x00000220, Max: 0x00010000, ABSOLUTE)

    Base Addr    Size         Type   Attr      Idx    E Section Name        Object

    0x08040000   0x00000188   Data   RO            3    RESET               startup_stm32f405xx.o
    0x08040188   0x00000000   Code   RO         4384  * .ARM.Collect$$$$00000000  mc_w.l(entry.o)
    0x08040188   0x00000004   Code   RO         4455    .ARM.Collect$$$$00000001  mc_w.l(entry2.o)
    0x0804018c   0x00000004   Code   RO         4458    .ARM.Collect$$$$00000004  mc_w.l(entry5.o)
    0x08040190   0x00000000   Code   RO         4460    .ARM.Collect$$$$00000008  mc_w.l(entry7b.o)
    0x08040190   0x00000000   Code   RO         4462    .ARM.Collect$$$$0000000A  mc_w.l(entry8b.o)
    0x08040190   0x00000008   Code   RO         4463    .ARM.Collect$$$$0000000B  mc_w.l(entry9a.o)
    0x08040198   0x00000000   Code   RO         4465    .ARM.Collect$$$$0000000D  mc_w.l(entry10a.o)
    0x08040198   0x00000000   Code   RO         4467    .ARM.Collect$$$$0000000F  mc_w.l(entry11a.o)
    0x08040198   0x00000004   Code   RO         4456    .ARM.Collect$$$$00002712  mc_w.l(entry2.o)
    0x0804019c   0x00000024   Code   RO         4491    .text               mc_w.l(init.o)
    0x080401c0   0x0000000e   Code   RO         4504    i.__scatterload_copy  mc_w.l(handlers.o)
    0x080401ce   0x00000002   Code   RO         4505    i.__scatterload_null  mc_w.l(handlers.o)
    0x080401d0   0x0000000e   Code   RO         4506    i.__scatterload_zeroinit  mc_w.l(handlers.o)
    0x080401de   0x00000002   PAD
    0x080401e0   0x00000004   Data   RO         2982    .rti_fn.0           components.o
    0x080401e4   0x00000004   Data   RO         2983    .rti_fn.0.end       components.o
    0x080401e8   0x00000004   Data   RO         4135    .rti_fn.1           board.o
    0x080401ec   0x00000004   Data   RO         2984    .rti_fn.1.end       components.o
    0x080401f0   0x00000004   Data   RO           33    .rti_fn.6           myedge_ai_app.o
    0x080401f4   0x00000004   Data   RO          320    .rti_fn.6           mysensor_deal.o
    0x080401f8   0x00000004   Data   RO          405    .rti_fn.6           myoutput_deal.o
    0x080401fc   0x00000004   Data   RO         2985    .rti_fn.6.end       components.o
    0x08040200   0x00000020   Data   RO         4502    Region$$Table       anon$$obj.o


    Execution Region RW_IRAM1 (Base: 0x20000000, Size: 0x00016138, Max: 0x0001c000, ABSOLUTE, COMPRESSED[0x00000094])

    Base Addr    Size         Type   Attr      Idx    E Section Name        Object

    0x20000000   0x0000000e   Data   RW           32    .data               myedge_ai_app.o
    0x2000000e   0x00000002   PAD
    0x20000010   0x00000022   Data   RW          403    .data               myoutput_deal.o
    0x20000032   0x00000014   Data   RW          574    .data               main.o
    0x20000046   0x00000002   PAD
    0x20000048   0x00000009   Data   RW         1922    .data               stm32f4xx_hal.o
    0x20000051   0x00000003   PAD
    0x20000054   0x00000004   Data   RW         2529    .data               system_stm32f4xx.o
    0x20000058   0x00000010   Data   RW         2899    .data               cpuport.o
    0x20000068   0x00000004   Data   RW         2938    .data               clock.o
    0x2000006c   0x00000008   Data   RW         3053    .data               idle.o
    0x20000074   0x00000001   Data   RW         3387    .data               irq.o
    0x20000075   0x00000003   PAD
    0x20000078   0x0000003c   Data   RW         3455    .data               kservice.o
    0x200000b4   0x00000080   Data   RW         3736    .data               object.o
    0x20000134   0x0000000d   Data   RW         3817    .data               scheduler.o
    0x20000141   0x00000003   PAD
    0x20000144   0x0000000c   Data   RW         4031    .data               timer.o
    0x20000150   0x00000004   Data   RW         4476    .data               mc_w.l(errno.o)
    0x20000154   0x00004094   Zero   RW           30    .bss                myedge_ai_app.o
    0x200041e8   0x000015c4   Zero   RW          318    .bss                mysensor_deal.o
    0x200057ac   0x0000322c   Zero   RW          400    .bss                myoutput_deal.o
    0x200089d8   0x00001080   Zero   RW          573    .bss                main.o
    0x20009a58   0x00004100   Zero   RW          649    .bss                jq260_cnn_inference.o
    0x2000db58   0x00000020   Zero   RW         1126    .bss                stm32f4xx_hal_flash.o
    0x2000db78   0x000004b8   Zero   RW         2597    .bss                segger_rtt.o
    0x2000e030   0x00000180   Zero   RW         3052    .bss                idle.o
    0x2000e1b0   0x000000a4   Zero   RW         3452    .bss                kservice.o
    0x2000e254   0x00000100   Zero   RW         3815    .bss                scheduler.o
    0x2000e354   0x00003c48   Zero   RW         4134    .bss                board.o
    0x20011f9c   0x00000198   Zero   RW         4320    .bss                usart.o
    0x20012134   0x00000004   PAD
    0x20012138   0x00004000   Zero   RW            1    STACK               startup_stm32f405xx.o


    Execution Region RW_IRAM2 (Base: 0x2001c000, Size: 0x00000000, Max: 0x00004000, ABSOLUTE)

    **** No section assigned to this execution region ****



  Load Region LR_IROM_TAG (Base: 0x08050000, Size: 0x00000008, Max: 0x00000008, ABSOLUTE)

    Execution Region ER_IROM_TAG (Base: 0x08050000, Size: 0x00000008, Max: 0x00000008, ABSOLUTE)

    Base Addr    Size         Type   Attr      Idx    E Section Name        Object

    0x08050000   0x00000008   Data   RO          404    .iap_tag            myoutput_deal.o



  Load Region LR_IROM2 (Base: 0x08050008, Size: 0x0000e318, Max: 0x0004fff8, ABSOLUTE)

    Execution Region ER_IROM2 (Base: 0x08050008, Size: 0x0000e318, Max: 0x0004fff8, ABSOLUTE)

    Base Addr    Size         Type   Attr      Idx    E Section Name        Object

    0x08050008   0x00000024   Code   RO            4    .text               startup_stm32f405xx.o
    0x0805002c   0x0000013c   Code   RO         2889    .text               context_rvds.o
    0x08050168   0x00000062   Code   RO         4387    .text               mc_w.l(uldiv.o)
    0x080501ca   0x00000002   PAD
    0x080501cc   0x00000008   Code   RO         4389    .text               mc_w.l(ctype_o.o)
    0x080501d4   0x00000012   Code   RO         4411    .text               mc_w.l(isspace_o.o)
    0x080501e6   0x00000024   Code   RO         4419    .text               mc_w.l(memcpya.o)
    0x0805020a   0x00000024   Code   RO         4421    .text               mc_w.l(memseta.o)
    0x0805022e   0x0000000e   Code   RO         4423    .text               mc_w.l(strlen.o)
    0x0805023c   0x0000001a   Code   RO         4425    .text               mc_w.l(memcmp.o)
    0x08050256   0x00000012   Code   RO         4427    .text               mc_w.l(strcpy.o)
    0x08050268   0x00000014   Code   RO         4431    .text               mc_w.l(uread4.o)
    0x0805027c   0x00000012   Code   RO         4433    .text               mc_w.l(uwrite4.o)
    0x0805028e   0x00000002   PAD
    0x08050290   0x00000038   Code   RO         4435    .text               mc_w.l(__0sscanf.o)
    0x080502c8   0x0000014c   Code   RO         4437    .text               mc_w.l(_scanf_int.o)
    0x08050414   0x0000001e   Code   RO         4469    .text               mc_w.l(llshl.o)
    0x08050432   0x00000020   Code   RO         4471    .text               mc_w.l(llushr.o)
    0x08050452   0x0000001c   Code   RO         4480    .text               mc_w.l(_chval.o)
    0x0805046e   0x00000002   PAD
    0x08050470   0x00000028   Code   RO         4482    .text               mc_w.l(scanf_char.o)
    0x08050498   0x00000040   Code   RO         4484    .text               mc_w.l(_sgetc.o)
    0x080504d8   0x00000000   Code   RO         4486    .text               mc_w.l(iusefp.o)
    0x080504d8   0x0000003c   Code   RO         4487    .text               mf_w.l(frnd.o)
    0x08050514   0x0000032c   Code   RO         4495    .text               mc_w.l(_scanf.o)
    0x08050840   0x0000006e   Code   RO         4497    .text               mf_w.l(fepilogue.o)
    0x080508ae   0x00000056   Code   RO         4510    .text               mc_w.l(__dczerorl2.o)
    0x08050904   0x0000000a   Code   RO         2971    i.$Sub$$main        components.o
    0x0805090e   0x00000004   Code   RO         4185    i.BusFault_Handler  stm32f4xx_it.o
    0x08050912   0x00000002   Code   RO         4186    i.CAN1_RX0_IRQHandler  stm32f4xx_it.o
    0x08050914   0x00000010   Code   RO         4187    i.DMA1_Stream1_IRQHandler  stm32f4xx_it.o
    0x08050924   0x00000010   Code   RO         4188    i.DMA1_Stream5_IRQHandler  stm32f4xx_it.o
    0x08050934   0x00000034   Code   RO         1457    i.DMA_CalcBaseAndBitshift  stm32f4xx_hal_dma.o
    0x08050968   0x000000aa   Code   RO         1458    i.DMA_CheckFifoParam  stm32f4xx_hal_dma.o
    0x08050a12   0x0000002c   Code   RO         1459    i.DMA_SetConfig     stm32f4xx_hal_dma.o
    0x08050a3e   0x00000002   Code   RO         4189    i.DebugMon_Handler  stm32f4xx_it.o
    0x08050a40   0x00000006   Code   RO          568    i.Error_Handler     main.o
    0x08050a46   0x00000002   PAD
    0x08050a48   0x0000005c   Code   RO         1227    i.FLASH_Erase_Sector  stm32f4xx_hal_flash_ex.o
    0x08050aa4   0x00000078   Code   RO         1228    i.FLASH_FlushCaches  stm32f4xx_hal_flash_ex.o
    0x08050b1c   0x00000030   Code   RO         1229    i.FLASH_MassErase   stm32f4xx_hal_flash_ex.o
    0x08050b4c   0x00000024   Code   RO         1109    i.FLASH_Program_Byte  stm32f4xx_hal_flash.o
    0x08050b70   0x00000030   Code   RO         1110    i.FLASH_Program_DoubleWord  stm32f4xx_hal_flash.o
    0x08050ba0   0x00000028   Code   RO         1111    i.FLASH_Program_HalfWord  stm32f4xx_hal_flash.o
    0x08050bc8   0x00000028   Code   RO         1112    i.FLASH_Program_Word  stm32f4xx_hal_flash.o
    0x08050bf0   0x00000098   Code   RO         1113    i.FLASH_SetErrorCode  stm32f4xx_hal_flash.o
    0x08050c88   0x00000064   Code   RO         1114    i.FLASH_WaitForLastOperation  stm32f4xx_hal_flash.o
    0x08050cec   0x000000ac   Code   RO         1460    i.HAL_DMA_Abort     stm32f4xx_hal_dma.o
    0x08050d98   0x00000028   Code   RO         1461    i.HAL_DMA_Abort_IT  stm32f4xx_hal_dma.o
    0x08050dc0   0x00000240   Code   RO         1465    i.HAL_DMA_IRQHandler  stm32f4xx_hal_dma.o
    0x08051000   0x000000ec   Code   RO         1466    i.HAL_DMA_Init      stm32f4xx_hal_dma.o
    0x080510ec   0x00000092   Code   RO         1470    i.HAL_DMA_Start_IT  stm32f4xx_hal_dma.o
    0x0805117e   0x00000002   PAD
    0x08051180   0x000000ac   Code   RO         1239    i.HAL_FLASHEx_Erase  stm32f4xx_hal_flash_ex.o
    0x0805122c   0x00000014   Code   RO         1118    i.HAL_FLASH_Lock    stm32f4xx_hal_flash.o
    0x08051240   0x00000090   Code   RO         1123    i.HAL_FLASH_Program  stm32f4xx_hal_flash.o
    0x080512d0   0x00000034   Code   RO         1125    i.HAL_FLASH_Unlock  stm32f4xx_hal_flash.o
    0x08051304   0x000001f4   Code   RO         1353    i.HAL_GPIO_Init     stm32f4xx_hal_gpio.o
    0x080514f8   0x00000014   Code   RO         1356    i.HAL_GPIO_TogglePin  stm32f4xx_hal_gpio.o
    0x0805150c   0x0000000c   Code   RO         1357    i.HAL_GPIO_WritePin  stm32f4xx_hal_gpio.o
    0x08051518   0x0000000c   Code   RO         1908    i.HAL_GetTick       stm32f4xx_hal.o
    0x08051524   0x0000003c   Code   RO         1915    i.HAL_Init          stm32f4xx_hal.o
    0x08051560   0x0000004c   Code   RO         1916    i.HAL_InitTick      stm32f4xx_hal.o
    0x080515ac   0x00000048   Code   RO          695    i.HAL_MspInit       stm32f4xx_hal_msp.o
    0x080515f4   0x00000028   Code   RO         1745    i.HAL_NVIC_EnableIRQ  stm32f4xx_hal_cortex.o
    0x0805161c   0x0000007c   Code   RO         1751    i.HAL_NVIC_SetPriority  stm32f4xx_hal_cortex.o
    0x08051698   0x00000028   Code   RO         1752    i.HAL_NVIC_SetPriorityGrouping  stm32f4xx_hal_cortex.o
    0x080516c0   0x00000002   Code   RO          953    i.HAL_RCC_CSSCallback  stm32f4xx_hal_rcc.o
    0x080516c2   0x00000002   PAD
    0x080516c4   0x00000184   Code   RO          954    i.HAL_RCC_ClockConfig  stm32f4xx_hal_rcc.o
    0x08051848   0x0000000c   Code   RO          957    i.HAL_RCC_EnableCSS  stm32f4xx_hal_rcc.o
    0x08051854   0x0000000c   Code   RO          959    i.HAL_RCC_GetHCLKFreq  stm32f4xx_hal_rcc.o
    0x08051860   0x00000020   Code   RO          961    i.HAL_RCC_GetPCLK1Freq  stm32f4xx_hal_rcc.o
    0x08051880   0x00000020   Code   RO          962    i.HAL_RCC_GetPCLK2Freq  stm32f4xx_hal_rcc.o
    0x080518a0   0x000000b0   Code   RO          963    i.HAL_RCC_GetSysClockFreq  stm32f4xx_hal_rcc.o
    0x08051950   0x00000020   Code   RO          965    i.HAL_RCC_NMI_IRQHandler  stm32f4xx_hal_rcc.o
    0x08051970   0x0000049c   Code   RO          966    i.HAL_RCC_OscConfig  stm32f4xx_hal_rcc.o
    0x08051e0c   0x00000034   Code   RO         1756    i.HAL_SYSTICK_Config  stm32f4xx_hal_cortex.o
    0x08051e40   0x00000002   Code   RO         2165    i.HAL_UARTEx_RxEventCallback  stm32f4xx_hal_uart.o
    0x08051e42   0x000000a6   Code   RO         2175    i.HAL_UART_DMAPause  stm32f4xx_hal_uart.o
    0x08051ee8   0x000000aa   Code   RO         2176    i.HAL_UART_DMAResume  stm32f4xx_hal_uart.o
    0x08051f92   0x0000008a   Code   RO         2177    i.HAL_UART_DMAStop  stm32f4xx_hal_uart.o
    0x0805201c   0x00000002   Code   RO         2179    i.HAL_UART_ErrorCallback  stm32f4xx_hal_uart.o
    0x0805201e   0x00000002   PAD
    0x08052020   0x00000308   Code   RO         2182    i.HAL_UART_IRQHandler  stm32f4xx_hal_uart.o
    0x08052328   0x00000076   Code   RO         2183    i.HAL_UART_Init     stm32f4xx_hal_uart.o
    0x0805239e   0x00000002   PAD
    0x080523a0   0x0000021c   Code   RO         4316    i.HAL_UART_MspInit  usart.o
    0x080525bc   0x0000002c   Code   RO         2187    i.HAL_UART_Receive_DMA  stm32f4xx_hal_uart.o
    0x080525e8   0x00000002   Code   RO         2189    i.HAL_UART_RxCpltCallback  stm32f4xx_hal_uart.o
    0x080525ea   0x00000002   Code   RO         2190    i.HAL_UART_RxHalfCpltCallback  stm32f4xx_hal_uart.o
    0x080525ec   0x000000be   Code   RO         2191    i.HAL_UART_Transmit  stm32f4xx_hal_uart.o
    0x080526aa   0x00000002   Code   RO         2194    i.HAL_UART_TxCpltCallback  stm32f4xx_hal_uart.o
    0x080526ac   0x00000048   Code   RO         4267    i.MX_DMA_Init       dma.o
    0x080526f4   0x000000b4   Code   RO         4291    i.MX_GPIO_Init      gpio.o
    0x080527a8   0x00000038   Code   RO         4317    i.MX_USART2_UART_Init  usart.o
    0x080527e0   0x00000038   Code   RO         4318    i.MX_USART3_UART_Init  usart.o
    0x08052818   0x00000004   Code   RO         4190    i.MemManage_Handler  stm32f4xx_it.o
    0x0805281c   0x0000066c   Code   RO           13    i.Model             myedge_ai_app.o
    0x08052e88   0x00000008   Code   RO         4191    i.NMI_Handler       stm32f4xx_it.o
    0x08052e90   0x00000082   Code   RO          464    i.Protocol_BuildFrame  protocol_parser.o
    0x08052f12   0x0000001c   Code   RO          465    i.Protocol_CRC16_CCITT  protocol_parser.o
    0x08052f2e   0x00000002   PAD
    0x08052f30   0x00000240   Code   RO          466    i.Protocol_ParseFrame  protocol_parser.o
    0x08053170   0x00000134   Code   RO          467    i.Protocol_SerializeFrame  protocol_parser.o
    0x080532a4   0x00000008   Code   RO         2570    i.SEGGER_RTT_Init   segger_rtt.o
    0x080532ac   0x00000048   Code   RO         2585    i.SEGGER_RTT_Write  segger_rtt.o
    0x080532f4   0x00000084   Code   RO         2588    i.SEGGER_RTT_WriteNoLock  segger_rtt.o
    0x08053378   0x0000001a   Code   RO         2590    i.SEGGER_RTT_WriteString  segger_rtt.o
    0x08053392   0x00000022   Code   RO         2793    i.SEGGER_RTT_printf  segger_rtt_printf.o
    0x080533b4   0x0000020a   Code   RO         2794    i.SEGGER_RTT_vprintf  segger_rtt_printf.o
    0x080535be   0x00000002   PAD
    0x080535c0   0x000000a0   Code   RO          502    i.STMFLASH_GetFlashSector  myflash.o
    0x08053660   0x00000040   Code   RO          503    i.STM_Flash_Erase   myflash.o
    0x080536a0   0x00000020   Code   RO          504    i.STM_Flash_Read    myflash.o
    0x080536c0   0x00000006   Code   RO          505    i.STM_Flash_ReadWord  myflash.o
    0x080536c6   0x00000010   Code   RO         4128    i.SysTick_Handler   board.o
    0x080536d6   0x00000002   PAD
    0x080536d8   0x000000b8   Code   RO          569    i.SystemClock_Config  main.o
    0x08053790   0x000000b4   Code   RO         2526    i.SystemCoreClockUpdate  system_stm32f4xx.o
    0x08053844   0x00000020   Code   RO         2527    i.SystemInit        system_stm32f4xx.o
    0x08053864   0x00000012   Code   RO         2196    i.UART_DMAAbortOnError  stm32f4xx_hal_uart.o
    0x08053876   0x00000050   Code   RO         2197    i.UART_DMAError     stm32f4xx_hal_uart.o
    0x080538c6   0x000000b4   Code   RO         2198    i.UART_DMAReceiveCplt  stm32f4xx_hal_uart.o
    0x0805397a   0x00000024   Code   RO         2200    i.UART_DMARxHalfCplt  stm32f4xx_hal_uart.o
    0x0805399e   0x0000006c   Code   RO         2206    i.UART_EndRxTransfer  stm32f4xx_hal_uart.o
    0x08053a0a   0x00000020   Code   RO         2207    i.UART_EndTransmit_IT  stm32f4xx_hal_uart.o
    0x08053a2a   0x00000026   Code   RO         2208    i.UART_EndTxTransfer  stm32f4xx_hal_uart.o
    0x08053a50   0x000000fc   Code   RO         2209    i.UART_Receive_IT   stm32f4xx_hal_uart.o
    0x08053b4c   0x0000022c   Code   RO         2210    i.UART_SetConfig    stm32f4xx_hal_uart.o
    0x08053d78   0x000000d8   Code   RO         2211    i.UART_Start_Receive_DMA  stm32f4xx_hal_uart.o
    0x08053e50   0x00000060   Code   RO         2213    i.UART_Transmit_IT  stm32f4xx_hal_uart.o
    0x08053eb0   0x0000008c   Code   RO         2214    i.UART_WaitOnFlagUntilTimeout  stm32f4xx_hal_uart.o
    0x08053f3c   0x00000070   Code   RO         4192    i.USART2_IRQHandler  stm32f4xx_it.o
    0x08053fac   0x00000070   Code   RO         4193    i.USART3_IRQHandler  stm32f4xx_it.o
    0x0805401c   0x00000004   Code   RO         4194    i.UsageFault_Handler  stm32f4xx_it.o
    0x08054020   0x00000070   Code   RO         2592    i._DoInit           segger_rtt.o
    0x08054090   0x0000001c   Code   RO         2593    i._GetAvailWriteSpace  segger_rtt.o
    0x080540ac   0x000000ec   Code   RO         2795    i._PrintInt         segger_rtt_printf.o
    0x08054198   0x000000ec   Code   RO         2796    i._PrintUnsigned    segger_rtt_printf.o
    0x08054284   0x00000044   Code   RO         2797    i._StoreChar        segger_rtt_printf.o
    0x080542c8   0x00000076   Code   RO         2595    i._WriteBlocking    segger_rtt.o
    0x0805433e   0x00000058   Code   RO         2596    i._WriteNoCheck     segger_rtt.o
    0x08054396   0x00000026   Code   RO         4439    i.__ARM_fpclassifyf  m_wm.l(fpclassifyf.o)
    0x080543bc   0x00000010   Code   RO         1758    i.__NVIC_GetPriorityGrouping  stm32f4xx_hal_cortex.o
    0x080543cc   0x00000028   Code   RO         1759    i.__NVIC_SetPriority  stm32f4xx_hal_cortex.o
    0x080543f4   0x000001e8   Code   RO         4366    i.__hardfp_expf     m_wm.l(expf.o)
    0x080545dc   0x0000009a   Code   RO         4380    i.__hardfp_roundf   m_wm.l(roundf.o)
    0x08054676   0x00000006   Code   RO         4442    i.__mathlib_flt_infnan  m_wm.l(funder.o)
    0x0805467c   0x00000010   Code   RO         4445    i.__mathlib_flt_overflow  m_wm.l(funder.o)
    0x0805468c   0x00000010   Code   RO         4447    i.__mathlib_flt_underflow  m_wm.l(funder.o)
    0x0805469c   0x0000004c   Code   RO         3411    i.__rt_ffs          kservice.o
    0x080546e8   0x0000000c   Code   RO         4475    i.__set_errno       mc_w.l(errno.o)
    0x080546f4   0x0000001c   Code   RO         3412    i._heap_lock        kservice.o
    0x08054710   0x00000038   Code   RO         3413    i._heap_unlock      kservice.o
    0x08054748   0x00000018   Code   RO         3092    i._ipc_list_resume  ipc.o
    0x08054760   0x00000080   Code   RO         3094    i._ipc_list_suspend  ipc.o
    0x080547e0   0x00000010   Code   RO         3095    i._ipc_object_init  ipc.o
    0x080547f0   0x00000028   Code   RO         3805    i._scheduler_get_highest_priority_thread  scheduler.o
    0x08054818   0x000000c4   Code   RO         3806    i._scheduler_stack_check  scheduler.o
    0x080548dc   0x00000034   Code   RO         3890    i._thread_exit      thread.o
    0x08054910   0x000000bc   Code   RO         3891    i._thread_init      thread.o
    0x080549cc   0x000000bc   Code   RO         3892    i._thread_timeout   thread.o
    0x08054a88   0x00000042   Code   RO         4012    i._timer_init       timer.o
    0x08054aca   0x0000001c   Code   RO         4014    i._timer_remove     timer.o
    0x08054ae6   0x00000002   PAD
    0x08054ae8   0x000000a0   Code   RO           14    i.ai_thread_entry   myedge_ai_app.o
    0x08054b88   0x00000040   Code   RO           15    i.ai_thread_init    myedge_ai_app.o
    0x08054bc8   0x00000024   Code   RO          507    i.bin_flash_erase   myflash.o
    0x08054bec   0x00000060   Code   RO          508    i.bin_flash_write   myflash.o
    0x08054c4c   0x0000001a   Code   RO           16    i.calc_260_sum      myedge_ai_app.o
    0x08054c66   0x00000018   Code   RO           17    i.calc_sum_lower_half  myedge_ai_app.o
    0x08054c7e   0x00000016   Code   RO           18    i.calc_sum_upper_half  myedge_ai_app.o
    0x08054c94   0x000000b8   Code   RO           19    i.calculate_com     myedge_ai_app.o
    0x08054d4c   0x0000020c   Code   RO          642    i.cnn_posture_classify  jq260_cnn_inference.o
    0x08054f58   0x00000024   Code   RO          644    i.cnn_posture_init  jq260_cnn_inference.o
    0x08054f7c   0x00000d70   Code   RO          392    i.comm_state_machine_run  myoutput_deal.o
    0x08055cec   0x0000019c   Code   RO          645    i.conv2d_int8       jq260_cnn_inference.o
    0x08055e88   0x00000194   Code   RO           20    i.count_connected_components  myedge_ai_app.o
    0x0805601c   0x0000001c   Code   RO           21    i.count_nonzero_in_lower_half  myedge_ai_app.o
    0x08056038   0x0000001a   Code   RO           22    i.count_nonzero_in_upper_half  myedge_ai_app.o
    0x08056052   0x00000002   PAD
    0x08056054   0x0000005c   Code   RO          509    i.data_flash_write  myflash.o
    0x080560b0   0x00000090   Code   RO          646    i.dense_f32         jq260_cnn_inference.o
    0x08056140   0x000000e0   Code   RO          312    i.extract_mattress_frame  mysensor_deal.o
    0x08056220   0x00000024   Code   RO          620    i.feature_engineering_model_run  stm32_sleep_posture.o
    0x08056244   0x00000040   Code   RO          394    i.get_sw_version    myoutput_deal.o
    0x08056284   0x00000060   Code   RO          647    i.global_avgpool_int8_to_f32  jq260_cnn_inference.o
    0x080562e4   0x00000048   Code   RO          571    i.hex_dump_simple   main.o
    0x0805632c   0x000000f8   Code   RO           27    i.hybrid_classification_relative  myedge_ai_app.o
    0x08056424   0x0000008c   Code   RO          395    i.iap_result_report  myoutput_deal.o
    0x080564b0   0x000001b8   Code   RO          572    i.main              main.o
    0x08056668   0x0000000e   Code   RO         2972    i.main_thread_entry  components.o
    0x08056676   0x0000009c   Code   RO          648    i.maxpool2d_int8    jq260_cnn_inference.o
    0x08056712   0x00000002   PAD
    0x08056714   0x00000010   Code   RO          313    i.myUSART2_DMA_Disable  mysensor_deal.o
    0x08056724   0x00000010   Code   RO          314    i.myUSART2_DMA_Enable  mysensor_deal.o
    0x08056734   0x0000000e   Code   RO          396    i.output_thread_entry  myoutput_deal.o
    0x08056742   0x00000002   PAD
    0x08056744   0x00000068   Code   RO          397    i.output_thread_init  myoutput_deal.o
    0x080567ac   0x000000e8   Code   RO         3668    i.plug_holes        mem.o
    0x08056894   0x000000be   Code   RO          315    i.preprocess_1024_to_260  mysensor_deal.o
    0x08056952   0x00000002   PAD
    0x08056954   0x00000198   Code   RO         3415    i.print_number      kservice.o
    0x08056aec   0x00000050   Code   RO         2973    i.rt_application_init  components.o
    0x08056b3c   0x00000074   Code   RO         3416    i.rt_assert_handler  kservice.o
    0x08056bb0   0x0000001c   Code   RO         2975    i.rt_components_init  components.o
    0x08056bcc   0x0000000c   Code   RO         3807    i.rt_critical_level  scheduler.o
    0x08056bd8   0x0000003e   Code   RO         3046    i.rt_defunct_execute  idle.o
    0x08056c16   0x00000002   PAD
    0x08056c18   0x00000020   Code   RO         3808    i.rt_enter_critical  scheduler.o
    0x08056c38   0x00000094   Code   RO         3100    i.rt_event_init     ipc.o
    0x08056ccc   0x0000024c   Code   RO         3101    i.rt_event_recv     ipc.o
    0x08056f18   0x00000104   Code   RO         3102    i.rt_event_send     ipc.o
    0x0805701c   0x00000044   Code   RO         3809    i.rt_exit_critical  scheduler.o
    0x08057060   0x0000001e   Code   RO         3419    i.rt_free           kservice.o
    0x0805707e   0x00000002   PAD
    0x08057080   0x00000008   Code   RO         4129    i.rt_heap_begin_get  board.o
    0x08057088   0x00000008   Code   RO         4130    i.rt_heap_end_get   board.o
    0x08057090   0x00000034   Code   RO         4131    i.rt_hw_board_init  board.o
    0x080570c4   0x0000003a   Code   RO         4132    i.rt_hw_console_output  board.o
    0x080570fe   0x00000002   PAD
    0x08057100   0x00000224   Code   RO         2896    i.rt_hw_hard_fault_exception  cpuport.o
    0x08057324   0x00000050   Code   RO         2897    i.rt_hw_stack_init  cpuport.o
    0x08057374   0x00000024   Code   RO         3384    i.rt_interrupt_enter  irq.o
    0x08057398   0x0000001c   Code   RO         3385    i.rt_interrupt_get_nest  irq.o
    0x080573b4   0x00000024   Code   RO         3386    i.rt_interrupt_leave  irq.o
    0x080573d8   0x00000034   Code   RO         3424    i.rt_kprintf        kservice.o
    0x0805740c   0x00000006   Code   RO         3103    i.rt_list_init      ipc.o
    0x08057412   0x00000006   Code   RO         4015    i.rt_list_init      timer.o
    0x08057418   0x0000000e   Code   RO         3723    i.rt_list_insert_after  object.o
    0x08057426   0x0000000e   Code   RO         4016    i.rt_list_insert_after  timer.o
    0x08057434   0x0000000e   Code   RO         3104    i.rt_list_insert_before  ipc.o
    0x08057442   0x00000010   Code   RO         3105    i.rt_list_isempty   ipc.o
    0x08057452   0x00000010   Code   RO         4017    i.rt_list_isempty   timer.o
    0x08057462   0x00000012   Code   RO         3724    i.rt_list_remove    object.o
    0x08057474   0x00000012   Code   RO         3893    i.rt_list_remove    thread.o
    0x08057486   0x00000012   Code   RO         4018    i.rt_list_remove    timer.o
    0x08057498   0x00000024   Code   RO         3426    i.rt_malloc         kservice.o
    0x080574bc   0x00000026   Code   RO         3428    i.rt_memcmp         kservice.o
    0x080574e2   0x0000007c   Code   RO         3429    i.rt_memcpy         kservice.o
    0x0805755e   0x00000042   Code   RO         3430    i.rt_memmove        kservice.o
    0x080575a0   0x00000048   Code   RO         3432    i.rt_memset         kservice.o
    0x080575e8   0x00000058   Code   RO         3128    i.rt_mutex_init     ipc.o
    0x08057640   0x000001c8   Code   RO         3129    i.rt_mutex_release  ipc.o
    0x08057808   0x00000238   Code   RO         3130    i.rt_mutex_take     ipc.o
    0x08057a40   0x000000d4   Code   RO         3725    i.rt_object_allocate  object.o
    0x08057b14   0x0000008c   Code   RO         3726    i.rt_object_delete  object.o
    0x08057ba0   0x00000044   Code   RO         3727    i.rt_object_detach  object.o
    0x08057be4   0x00000028   Code   RO         3729    i.rt_object_get_information  object.o
    0x08057c0c   0x00000034   Code   RO         3732    i.rt_object_get_type  object.o
    0x08057c40   0x000000a8   Code   RO         3733    i.rt_object_init    object.o
    0x08057ce8   0x0000003c   Code   RO         3734    i.rt_object_is_systemobject  object.o
    0x08057d24   0x00000128   Code   RO         3810    i.rt_schedule       scheduler.o
    0x08057e4c   0x000000c4   Code   RO         3811    i.rt_schedule_insert_thread  scheduler.o
    0x08057f10   0x00000080   Code   RO         3812    i.rt_schedule_remove_thread  scheduler.o
    0x08057f90   0x000000c4   Code   RO         3435    i.rt_show_version   kservice.o
    0x08058054   0x00000278   Code   RO         3669    i.rt_smem_alloc     mem.o
    0x080582cc   0x000001a4   Code   RO         3671    i.rt_smem_free      mem.o
    0x08058470   0x000000f4   Code   RO         3672    i.rt_smem_init      mem.o
    0x08058564   0x00000022   Code   RO         3437    i.rt_sprintf        kservice.o
    0x08058586   0x00000012   Code   RO         3443    i.rt_strlen         kservice.o
    0x08058598   0x00000034   Code   RO         3445    i.rt_strncpy        kservice.o
    0x080585cc   0x00000078   Code   RO         3448    i.rt_system_heap_init  kservice.o
    0x08058644   0x00000038   Code   RO         3813    i.rt_system_scheduler_init  scheduler.o
    0x0805867c   0x00000028   Code   RO         3814    i.rt_system_scheduler_start  scheduler.o
    0x080586a4   0x0000001c   Code   RO         4019    i.rt_system_timer_init  timer.o
    0x080586c0   0x00000002   Code   RO         4020    i.rt_system_timer_thread_init  timer.o
    0x080586c2   0x00000002   PAD
    0x080586c4   0x000000d4   Code   RO         3894    i.rt_thread_control  thread.o
    0x08058798   0x00000050   Code   RO         3895    i.rt_thread_create  thread.o
    0x080587e8   0x0000003c   Code   RO         3047    i.rt_thread_defunct_dequeue  idle.o
    0x08058824   0x0000001c   Code   RO         3048    i.rt_thread_defunct_enqueue  idle.o
    0x08058840   0x000000d8   Code   RO         3898    i.rt_thread_delete  thread.o
    0x08058918   0x000000cc   Code   RO         3899    i.rt_thread_detach  thread.o
    0x080589e4   0x00000008   Code   RO         3049    i.rt_thread_idle_entry  idle.o
    0x080589ec   0x00000060   Code   RO         3051    i.rt_thread_idle_init  idle.o
    0x08058a4c   0x00000080   Code   RO         3901    i.rt_thread_init    thread.o
    0x08058acc   0x00000014   Code   RO         3902    i.rt_thread_mdelay  thread.o
    0x08058ae0   0x00000084   Code   RO         3903    i.rt_thread_resume  thread.o
    0x08058b64   0x0000000c   Code   RO         3904    i.rt_thread_self    thread.o
    0x08058b70   0x00000084   Code   RO         3905    i.rt_thread_sleep   thread.o
    0x08058bf4   0x000000bc   Code   RO         3906    i.rt_thread_startup  thread.o
    0x08058cb0   0x000000c0   Code   RO         3907    i.rt_thread_suspend  thread.o
    0x08058d70   0x00000038   Code   RO         2933    i.rt_tick_from_millisecond  clock.o
    0x08058da8   0x0000000c   Code   RO         2934    i.rt_tick_get       clock.o
    0x08058db4   0x00000008   Code   RO         2935    i.rt_tick_get_millisecond  clock.o
    0x08058dbc   0x00000050   Code   RO         2936    i.rt_tick_increase  clock.o
    0x08058e0c   0x000000b0   Code   RO         4021    i.rt_timer_check    timer.o
    0x08058ebc   0x00000120   Code   RO         4022    i.rt_timer_control  timer.o
    0x08058fdc   0x000000e0   Code   RO         4025    i.rt_timer_detach   timer.o
    0x080590bc   0x000000a4   Code   RO         4026    i.rt_timer_init     timer.o
    0x08059160   0x00000170   Code   RO         4028    i.rt_timer_start    timer.o
    0x080592d0   0x000000a8   Code   RO         4029    i.rt_timer_stop     timer.o
    0x08059378   0x00000340   Code   RO         3449    i.rt_vsnprintf      kservice.o
    0x080596b8   0x00000016   Code   RO         3450    i.rt_vsprintf       kservice.o
    0x080596ce   0x00000004   Code   RO         2976    i.rti_board_end     components.o
    0x080596d2   0x00000004   Code   RO         2977    i.rti_board_start   components.o
    0x080596d6   0x00000004   Code   RO         2978    i.rti_end           components.o
    0x080596da   0x00000004   Code   RO         2979    i.rti_start         components.o
    0x080596de   0x0000002a   Code   RO         2980    i.rtthread_startup  components.o
    0x08059708   0x0000001e   Code   RO           28    i.sensor_number     myedge_ai_app.o
    0x08059726   0x00000002   PAD
    0x08059728   0x000000a4   Code   RO          316    i.sensor_thread_entry  mysensor_deal.o
    0x080597cc   0x0000008c   Code   RO          317    i.sensor_thread_init  mysensor_deal.o
    0x08059858   0x00000026   Code   RO         3451    i.skip_atoi         kservice.o
    0x0805987e   0x0000003a   Code   RO           29    i.split_dual_matrix  myedge_ai_app.o
    0x080598b8   0x00000004   Code   RO         4133    i.uart_init         board.o
    0x080598bc   0x00000110   Code   RO          398    i.upload_StatusPackage  myoutput_deal.o
    0x080599cc   0x000000a4   Code   RO          399    i.upload_devide_info  myoutput_deal.o
    0x08059a70   0x00000018   Code   RO          468    i.xor_crypt         protocol_parser.o
    0x08059a88   0x00000004   Data   RO          319    .constdata          mysensor_deal.o
    0x08059a8c   0x00000044   Data   RO          401    .constdata          myoutput_deal.o
    0x08059ad0   0x00003ea4   Data   RO          650    .constdata          jq260_cnn_inference.o
    0x0805d974   0x00000008   Data   RO         1472    .constdata          stm32f4xx_hal_dma.o
    0x0805d97c   0x00000018   Data   RO         2528    .constdata          system_stm32f4xx.o
    0x0805d994   0x00000010   Data   RO         2798    .constdata          segger_rtt_printf.o
    0x0805d9a4   0x00000014   Data   RO         2981    .constdata          components.o
    0x0805d9b8   0x0000021b   Data   RO         3140    .constdata          ipc.o
    0x0805dbd3   0x00000143   Data   RO         3453    .constdata          kservice.o
    0x0805dd16   0x00000045   Data   RO         3674    .constdata          mem.o
    0x0805dd5b   0x00000080   Data   RO         3735    .constdata          object.o
    0x0805dddb   0x0000004b   Data   RO         3816    .constdata          scheduler.o
    0x0805de26   0x000000bb   Data   RO         3909    .constdata          thread.o
    0x0805dee1   0x0000006c   Data   RO         4030    .constdata          timer.o
    0x0805df4d   0x00000003   PAD
    0x0805df50   0x00000030   Data   RO         4369    .constdata          m_wm.l(expf.o)
    0x0805df80   0x00000081   Data   RO         4390    .constdata          mc_w.l(ctype_o.o)
    0x0805e001   0x00000003   PAD
    0x0805e004   0x00000004   Data   RO         4391    .constdata          mc_w.l(ctype_o.o)
    0x0805e008   0x0000004b   Data   RO          402    .conststring        myoutput_deal.o
    0x0805e053   0x00000001   PAD
    0x0805e054   0x00000087   Data   RO         3141    .conststring        ipc.o
    0x0805e0db   0x00000001   PAD
    0x0805e0dc   0x00000058   Data   RO         3454    .conststring        kservice.o
    0x0805e134   0x000001a8   Data   RO         3675    .conststring        mem.o
    0x0805e2dc   0x00000042   Data   RO         3910    .conststring        thread.o


==============================================================================

Image component sizes


      Code (inc. data)   RO Data    RW Data    ZI Data      Debug   Object Name

       146          8          4          0      15432       4816   board.o
       156         12          0          4          0       3214   clock.o
       190         42         36          0          0       6369   components.o
       316         28          0          0          0        920   context_rvds.o
       628        342          0         16          0       4438   cpuport.o
        72          4          0          0          0        826   dma.o
       180         10          0          0          0       1023   gpio.o
       254         30          0          8        384       7070   idle.o
      2312        620        674          0          0      37835   ipc.o
       100         18          0          1          0       2698   irq.o
      1368        122      16036          0      16640      10522   jq260_cnn_inference.o
      2414        328        411         60        164      18587   kservice.o
       702        294          0         20       4224       3294   main.o
      1528        554        493          0          0       6921   mem.o
      2918        188          4         14      16532     641994   myedge_ai_app.o
       486         70          0          0          0       4977   myflash.o
      4198       1002        155         34      12844      39982   myoutput_deal.o
       750        188          8          0       5572       5569   mysensor_deal.o
       772        268        128        128          0      11546   object.o
      1066         86          0          0          0       4349   protocol_parser.o
      1064        244         75         13        256      11588   scheduler.o
       584         48          0          0       1208      11129   segger_rtt.o
      1096          6         16          0          0       6057   segger_rtt_printf.o
        36          8        392          0      16384        844   startup_stm32f405xx.o
        36          6          0          0          0       1458   stm32_sleep_posture.o
       148         24          0          9          0       8283   stm32f4xx_hal.o
       312         22          0          0          0      34331   stm32f4xx_hal_cortex.o
      1436         16          8          0          0       6986   stm32f4xx_hal_dma.o
       632         64          0          0         32       6006   stm32f4xx_hal_flash.o
       432         28          0          0          0       3274   stm32f4xx_hal_flash_ex.o
       532         46          0          0          0       2769   stm32f4xx_hal_gpio.o
        72          4          0          0          0        878   stm32f4xx_hal_msp.o
      1866         92          0          0          0       7323   stm32f4xx_hal_rcc.o
      3364         28          0          0          0      19314   stm32f4xx_hal_uart.o
       280         48          0          0          0       5647   stm32f4xx_it.o
       212         30         24          4          0       2007   system_stm32f4xx.o
      1962        586        253          0          0      16287   thread.o
      1566        514        108         12          0      15044   timer.o
       652         60          0          0        408       2808   usart.o

    ----------------------------------------------------------------------
     36874       6088      18864        336      90084     978983   Object Totals
         0          0         32          0          0          0   (incl. Generated)
        36          0          7         13          4          0   (incl. Padding)

    ----------------------------------------------------------------------

      Code (inc. data)   RO Data    RW Data    ZI Data      Debug   Library Member Name

       488         62         48          0          0        236   expf.o
        38          0          0          0          0        116   fpclassifyf.o
        38         12          0          0          0        348   funder.o
       154          0          0          0          0        140   roundf.o
        56          8          0          0          0         84   __0sscanf.o
        86          0          0          0          0          0   __dczerorl2.o
        28          0          0          0          0         68   _chval.o
       812          4          0          0          0        112   _scanf.o
       332          0          0          0          0         96   _scanf_int.o
        64          0          0          0          0         84   _sgetc.o
         8          4        133          0          0         68   ctype_o.o
         0          0          0          0          0          0   entry.o
         0          0          0          0          0          0   entry10a.o
         0          0          0          0          0          0   entry11a.o
         8          4          0          0          0          0   entry2.o
         4          0          0          0          0          0   entry5.o
         0          0          0          0          0          0   entry7b.o
         0          0          0          0          0          0   entry8b.o
         8          4          0          0          0          0   entry9a.o
        12          6          0          4          0         68   errno.o
        30          0          0          0          0          0   handlers.o
        36          8          0          0          0         68   init.o
        18          0          0          0          0         76   isspace_o.o
         0          0          0          0          0          0   iusefp.o
        30          0          0          0          0         68   llshl.o
        32          0          0          0          0         68   llushr.o
        26          0          0          0          0         80   memcmp.o
        36          0          0          0          0         68   memcpya.o
        36          0          0          0          0        108   memseta.o
        40          8          0          0          0         84   scanf_char.o
        18          0          0          0          0         68   strcpy.o
        14          0          0          0          0         68   strlen.o
        98          0          0          0          0         92   uldiv.o
        20          0          0          0          0         68   uread4.o
        18          0          0          0          0         68   uwrite4.o
       110          0          0          0          0        168   fepilogue.o
        60          0          0          0          0         76   frnd.o

    ----------------------------------------------------------------------
      2766        120        184          4          0       2648   Library Totals
         8          0          3          0          0          0   (incl. Padding)

    ----------------------------------------------------------------------

      Code (inc. data)   RO Data    RW Data    ZI Data      Debug   Library Name

       718         74         48          0          0        840   m_wm.l
      1870         46        133          4          0       1564   mc_w.l
       170          0          0          0          0        244   mf_w.l

    ----------------------------------------------------------------------
      2766        120        184          4          0       2648   Library Totals

    ----------------------------------------------------------------------

==============================================================================


      Code (inc. data)   RO Data    RW Data    ZI Data      Debug   

     39640       6208      19048        340      90084     955231   Grand Totals
     39640       6208      19048        148      90084     955231   ELF Image Totals (compressed)
     39640       6208      19048        148          0          0   ROM Totals

==============================================================================

    Total RO  Size (Code + RO Data)                58688 (  57.31kB)
    Total RW  Size (RW Data + ZI Data)             90424 (  88.30kB)
    Total ROM Size (Code + RO Data + RW Data)      58836 (  57.46kB)

==============================================================================

