Component: ARM Compiler 5.05 update 1 (build 106) Tool: armlink [4d0efa]

==============================================================================

Section Cross References

    startup_stm32f405xx.o(RESET) refers to startup_stm32f405xx.o(STACK) for __initial_sp
    startup_stm32f405xx.o(RESET) refers to startup_stm32f405xx.o(.text) for Reset_Handler
    startup_stm32f405xx.o(RESET) refers to stm32f4xx_it.o(i.NMI_Handler) for NMI_Handler
    startup_stm32f405xx.o(RESET) refers to context_rvds.o(.text) for HardFault_Handler
    startup_stm32f405xx.o(RESET) refers to stm32f4xx_it.o(i.MemManage_Handler) for MemManage_Handler
    startup_stm32f405xx.o(RESET) refers to stm32f4xx_it.o(i.BusFault_Handler) for BusFault_Handler
    startup_stm32f405xx.o(RESET) refers to stm32f4xx_it.o(i.UsageFault_Handler) for UsageFault_Handler
    startup_stm32f405xx.o(RESET) refers to stm32f4xx_it.o(i.DebugMon_Handler) for DebugMon_Handler
    startup_stm32f405xx.o(RESET) refers to board.o(i.SysTick_Handler) for SysTick_Handler
    startup_stm32f405xx.o(RESET) refers to stm32f4xx_it.o(i.DMA1_Stream1_IRQHandler) for DMA1_Stream1_IRQHandler
    startup_stm32f405xx.o(RESET) refers to stm32f4xx_it.o(i.DMA1_Stream5_IRQHandler) for DMA1_Stream5_IRQHandler
    startup_stm32f405xx.o(RESET) refers to stm32f4xx_it.o(i.CAN1_RX0_IRQHandler) for CAN1_RX0_IRQHandler
    startup_stm32f405xx.o(RESET) refers to stm32f4xx_it.o(i.USART2_IRQHandler) for USART2_IRQHandler
    startup_stm32f405xx.o(RESET) refers to stm32f4xx_it.o(i.USART3_IRQHandler) for USART3_IRQHandler
    startup_stm32f405xx.o(.text) refers to system_stm32f4xx.o(i.SystemInit) for SystemInit
    startup_stm32f405xx.o(.text) refers to entry.o(.ARM.Collect$$$$00000000) for __main
    myedge_ai_app.o(i.Model) refers to myedge_ai_app.o(i.calc_sum_upper_half) for calc_sum_upper_half
    myedge_ai_app.o(i.Model) refers to myedge_ai_app.o(i.calc_sum_lower_half) for calc_sum_lower_half
    myedge_ai_app.o(i.Model) refers to myedge_ai_app.o(i.count_nonzero_in_upper_half) for count_nonzero_in_upper_half
    myedge_ai_app.o(i.Model) refers to myedge_ai_app.o(i.count_nonzero_in_lower_half) for count_nonzero_in_lower_half
    myedge_ai_app.o(i.Model) refers to myedge_ai_app.o(i.calc_max_row_upper) for calc_max_row_upper
    myedge_ai_app.o(i.Model) refers to myedge_ai_app.o(i.calc_max_row_lower) for calc_max_row_lower
    myedge_ai_app.o(i.Model) refers to myedge_ai_app.o(i.reset_posture_ema) for reset_posture_ema
    myedge_ai_app.o(i.Model) refers to myedge_ai_app.o(i.decay_trigger_holds) for decay_trigger_holds
    myedge_ai_app.o(i.Model) refers to myedge_ai_app.o(i.split_dual_matrix) for split_dual_matrix
    myedge_ai_app.o(i.Model) refers to ai_model_wrapper.o(i.ai_model_classify) for ai_model_classify
    myedge_ai_app.o(i.Model) refers to myedge_ai_app.o(i.update_posture_ema) for update_posture_ema
    myedge_ai_app.o(i.Model) refers to myedge_ai_app.o(i.calculate_com) for calculate_com
    myedge_ai_app.o(i.Model) refers to myedge_ai_app.o(.data) for s_person_count
    myedge_ai_app.o(i.ai_should_schedule_model) refers to myedge_ai_app.o(i.detect_row_change) for detect_row_change
    myedge_ai_app.o(i.ai_should_schedule_model) refers to myedge_ai_app.o(i.reset_posture_ema) for reset_posture_ema
    myedge_ai_app.o(i.ai_should_schedule_model) refers to myedge_ai_app.o(.bss) for s_row_ema_upper
    myedge_ai_app.o(i.ai_should_schedule_model) refers to myedge_ai_app.o(.data) for s_change_ema_ready
    myedge_ai_app.o(i.ai_thread_entry) refers to ipc.o(i.rt_event_recv) for rt_event_recv
    myedge_ai_app.o(i.ai_thread_entry) refers to myedge_ai_app.o(i.Model) for Model
    myedge_ai_app.o(i.ai_thread_entry) refers to scheduler.o(i.rt_enter_critical) for rt_enter_critical
    myedge_ai_app.o(i.ai_thread_entry) refers to scheduler.o(i.rt_exit_critical) for rt_exit_critical
    myedge_ai_app.o(i.ai_thread_entry) refers to mysensor_deal.o(.bss) for data_ready_event
    myedge_ai_app.o(i.ai_thread_entry) refers to myedge_ai_app.o(.data) for s_person_count
    myedge_ai_app.o(i.ai_thread_init) refers to thread.o(i.rt_thread_init) for rt_thread_init
    myedge_ai_app.o(i.ai_thread_init) refers to thread.o(i.rt_thread_startup) for rt_thread_startup
    myedge_ai_app.o(i.ai_thread_init) refers to myedge_ai_app.o(.bss) for ai_thread_stack
    myedge_ai_app.o(i.ai_thread_init) refers to myedge_ai_app.o(i.ai_thread_entry) for ai_thread_entry
    myedge_ai_app.o(i.decay_trigger_holds) refers to myedge_ai_app.o(.data) for s_active_hold_upper
    myedge_ai_app.o(i.detect_row_change) refers to myedge_ai_app.o(.data) for s_change_ema_ready
    myedge_ai_app.o(i.split_dual_matrix) refers to kservice.o(i.rt_memset) for rt_memset
    myedge_ai_app.o(i.split_dual_matrix) refers to kservice.o(i.rt_memcpy) for rt_memcpy
    myedge_ai_app.o(.rti_fn.6) refers to myedge_ai_app.o(i.ai_thread_init) for ai_thread_init
[...]
    _chval                                   0x08050453   Thumb Code    28  _chval.o(.text)
    __vfscanf_char                           0x0805047d   Thumb Code    20  scanf_char.o(.text)
    _sgetc                                   0x08050499   Thumb Code    30  _sgetc.o(.text)
    _sbackspace                              0x080504b7   Thumb Code    34  _sgetc.o(.text)
    __I$use$fp                               0x080504d9   Thumb Code     0  iusefp.o(.text)
    __vfscanf                                0x080504d9   Thumb Code   808  _scanf.o(.text)
    __decompress                             0x08050805   Thumb Code     0  __dczerorl2.o(.text)
    __decompress1                            0x08050805   Thumb Code    86  __dczerorl2.o(.text)
    main                                     0x0805085b   Thumb Code    10  components.o(i.$Sub$$main)
    BusFault_Handler                         0x08050865   Thumb Code     4  stm32f4xx_it.o(i.BusFault_Handler)
    CAN1_RX0_IRQHandler                      0x08050869   Thumb Code     2  stm32f4xx_it.o(i.CAN1_RX0_IRQHandler)
    DMA1_Stream1_IRQHandler                  0x0805086d   Thumb Code    10  stm32f4xx_it.o(i.DMA1_Stream1_IRQHandler)
    DMA1_Stream5_IRQHandler                  0x0805087d   Thumb Code    10  stm32f4xx_it.o(i.DMA1_Stream5_IRQHandler)
    DebugMon_Handler                         0x08050997   Thumb Code     2  stm32f4xx_it.o(i.DebugMon_Handler)
    Error_Handler                            0x08050999   Thumb Code     6  main.o(i.Error_Handler)
    FLASH_Erase_Sector                       0x080509a1   Thumb Code    86  stm32f4xx_hal_flash_ex.o(i.FLASH_Erase_Sector)
    FLASH_FlushCaches                        0x080509fd   Thumb Code   114  stm32f4xx_hal_flash_ex.o(i.FLASH_FlushCaches)
    FLASH_WaitForLastOperation               0x08050be1   Thumb Code    90  stm32f4xx_hal_flash.o(i.FLASH_WaitForLastOperation)
    HAL_DMA_Abort                            0x08050c45   Thumb Code   172  stm32f4xx_hal_dma.o(i.HAL_DMA_Abort)
    HAL_DMA_Abort_IT                         0x08050cf1   Thumb Code    40  stm32f4xx_hal_dma.o(i.HAL_DMA_Abort_IT)
    HAL_DMA_IRQHandler                       0x08050d19   Thumb Code   570  stm32f4xx_hal_dma.o(i.HAL_DMA_IRQHandler)
    HAL_DMA_Init                             0x08050f59   Thumb Code   232  stm32f4xx_hal_dma.o(i.HAL_DMA_Init)
    HAL_DMA_Start_IT                         0x08051045   Thumb Code   146  stm32f4xx_hal_dma.o(i.HAL_DMA_Start_IT)
    HAL_FLASHEx_Erase                        0x080510d9   Thumb Code   162  stm32f4xx_hal_flash_ex.o(i.HAL_FLASHEx_Erase)
    HAL_FLASH_Lock                           0x08051185   Thumb Code    16  stm32f4xx_hal_flash.o(i.HAL_FLASH_Lock)
    HAL_FLASH_Program                        0x08051199   Thumb Code   134  stm32f4xx_hal_flash.o(i.HAL_FLASH_Program)
    HAL_FLASH_Unlock                         0x08051229   Thumb Code    38  stm32f4xx_hal_flash.o(i.HAL_FLASH_Unlock)
    HAL_GPIO_Init                            0x0805125d   Thumb Code   454  stm32f4xx_hal_gpio.o(i.HAL_GPIO_Init)
    HAL_GPIO_TogglePin                       0x08051451   Thumb Code    20  stm32f4xx_hal_gpio.o(i.HAL_GPIO_TogglePin)
    HAL_GPIO_WritePin                        0x08051465   Thumb Code    12  stm32f4xx_hal_gpio.o(i.HAL_GPIO_WritePin)
    HAL_GetTick                              0x08051471   Thumb Code     6  stm32f4xx_hal.o(i.HAL_GetTick)
    HAL_Init                                 0x0805147d   Thumb Code    54  stm32f4xx_hal.o(i.HAL_Init)
    HAL_InitTick                             0x080514b9   Thumb Code    64  stm32f4xx_hal.o(i.HAL_InitTick)
    HAL_MspInit                              0x08051505   Thumb Code    68  stm32f4xx_hal_msp.o(i.HAL_MspInit)
    HAL_NVIC_EnableIRQ                       0x0805154d   Thumb Code    40  stm32f4xx_hal_cortex.o(i.HAL_NVIC_EnableIRQ)
    HAL_NVIC_SetPriority                     0x08051575   Thumb Code   124  stm32f4xx_hal_cortex.o(i.HAL_NVIC_SetPriority)
    HAL_NVIC_SetPriorityGrouping             0x080515f1   Thumb Code    32  stm32f4xx_hal_cortex.o(i.HAL_NVIC_SetPriorityGrouping)
    HAL_RCC_CSSCallback                      0x08051619   Thumb Code     2  stm32f4xx_hal_rcc.o(i.HAL_RCC_CSSCallback)
    HAL_RCC_ClockConfig                      0x0805161d   Thumb Code   368  stm32f4xx_hal_rcc.o(i.HAL_RCC_ClockConfig)
    HAL_RCC_EnableCSS                        0x080517a1   Thumb Code     8  stm32f4xx_hal_rcc.o(i.HAL_RCC_EnableCSS)
    HAL_RCC_GetHCLKFreq                      0x080517ad   Thumb Code     6  stm32f4xx_hal_rcc.o(i.HAL_RCC_GetHCLKFreq)
    HAL_RCC_GetPCLK1Freq                     0x080517b9   Thumb Code    22  stm32f4xx_hal_rcc.o(i.HAL_RCC_GetPCLK1Freq)
    HAL_RCC_GetPCLK2Freq                     0x080517d9   Thumb Code    22  stm32f4xx_hal_rcc.o(i.HAL_RCC_GetPCLK2Freq)
    HAL_RCC_GetSysClockFreq                  0x080517f9   Thumb Code   162  stm32f4xx_hal_rcc.o(i.HAL_RCC_GetSysClockFreq)
    HAL_RCC_NMI_IRQHandler                   0x080518a9   Thumb Code    28  stm32f4xx_hal_rcc.o(i.HAL_RCC_NMI_IRQHandler)
    HAL_RCC_OscConfig                        0x080518c9   Thumb Code  1172  stm32f4xx_hal_rcc.o(i.HAL_RCC_OscConfig)
    HAL_SYSTICK_Config                       0x08051d65   Thumb Code    52  stm32f4xx_hal_cortex.o(i.HAL_SYSTICK_Config)
    HAL_UARTEx_RxEventCallback               0x08051d99   Thumb Code     2  stm32f4xx_hal_uart.o(i.HAL_UARTEx_RxEventCallback)
    HAL_UART_DMAPause                        0x08051d9b   Thumb Code   166  stm32f4xx_hal_uart.o(i.HAL_UART_DMAPause)
    HAL_UART_DMAResume                       0x08051e41   Thumb Code   170  stm32f4xx_hal_uart.o(i.HAL_UART_DMAResume)
    HAL_UART_DMAStop                         0x08051eeb   Thumb Code   138  stm32f4xx_hal_uart.o(i.HAL_UART_DMAStop)
    HAL_UART_ErrorCallback                   0x08051f75   Thumb Code     2  stm32f4xx_hal_uart.o(i.HAL_UART_ErrorCallback)
    HAL_UART_IRQHandler                      0x08051f79   Thumb Code   772  stm32f4xx_hal_uart.o(i.HAL_UART_IRQHandler)
    HAL_UART_Init                            0x08052281   Thumb Code   118  stm32f4xx_hal_uart.o(i.HAL_UART_Init)
    HAL_UART_MspInit                         0x080522f9   Thumb Code   502  usart.o(i.HAL_UART_MspInit)
    HAL_UART_Receive_DMA                     0x08052515   Thumb Code    44  stm32f4xx_hal_uart.o(i.HAL_UART_Receive_DMA)
    HAL_UART_RxCpltCallback                  0x08052541   Thumb Code     2  stm32f4xx_hal_uart.o(i.HAL_UART_RxCpltCallback)
    HAL_UART_RxHalfCpltCallback              0x08052543   Thumb Code     2  stm32f4xx_hal_uart.o(i.HAL_UART_RxHalfCpltCallback)
    HAL_UART_Transmit                        0x08052545   Thumb Code   190  stm32f4xx_hal_uart.o(i.HAL_UART_Transmit)
    HAL_UART_TxCpltCallback                  0x08052603   Thumb Code     2  stm32f4xx_hal_uart.o(i.HAL_UART_TxCpltCallback)
    MX_DMA_Init                              0x08052605   Thumb Code    68  dma.o(i.MX_DMA_Init)
    MX_GPIO_Init                             0x0805264d   Thumb Code   170  gpio.o(i.MX_GPIO_Init)
    MX_USART2_UART_Init                      0x08052701   Thumb Code    44  usart.o(i.MX_USART2_UART_Init)
    MX_USART3_UART_Init                      0x08052739   Thumb Code    46  usart.o(i.MX_USART3_UART_Init)
    MemManage_Handler                        0x08052771   Thumb Code     4  stm32f4xx_it.o(i.MemManage_Handler)
    Model                                    0x08052775   Thumb Code  1342  myedge_ai_app.o(i.Model)
    NMI_Handler                              0x08052cd5   Thumb Code     8  stm32f4xx_it.o(i.NMI_Handler)
    Protocol_BuildFrame                      0x08052cdd   Thumb Code   130  protocol_parser.o(i.Protocol_BuildFrame)
    Protocol_CRC16_CCITT                     0x08052d5f   Thumb Code    28  protocol_parser.o(i.Protocol_CRC16_CCITT)
    Protocol_ParseFrame                      0x08052d7d   Thumb Code   490  protocol_parser.o(i.Protocol_ParseFrame)
    Protocol_SerializeFrame                  0x08052fbd   Thumb Code   308  protocol_parser.o(i.Protocol_SerializeFrame)
    SEGGER_RTT_Init                          0x080530f1   Thumb Code     8  segger_rtt.o(i.SEGGER_RTT_Init)
    SEGGER_RTT_Write                         0x080530f9   Thumb Code    68  segger_rtt.o(i.SEGGER_RTT_Write)
    SEGGER_RTT_WriteNoLock                   0x08053141   Thumb Code   126  segger_rtt.o(i.SEGGER_RTT_WriteNoLock)
    SEGGER_RTT_WriteString                   0x080531c5   Thumb Code    26  segger_rtt.o(i.SEGGER_RTT_WriteString)
    SEGGER_RTT_printf                        0x080531df   Thumb Code    34  segger_rtt_printf.o(i.SEGGER_RTT_printf)
    SEGGER_RTT_vprintf                       0x08053201   Thumb Code   522  segger_rtt_printf.o(i.SEGGER_RTT_vprintf)
    STMFLASH_GetFlashSector                  0x0805340d   Thumb Code   116  myflash.o(i.STMFLASH_GetFlashSector)
    STM_Flash_Erase                          0x080534ad   Thumb Code    64  myflash.o(i.STM_Flash_Erase)
    STM_Flash_Read                           0x080534ed   Thumb Code    32  myflash.o(i.STM_Flash_Read)
    STM_Flash_ReadWord                       0x0805350d   Thumb Code     6  myflash.o(i.STM_Flash_ReadWord)
    SysTick_Handler                          0x08053513   Thumb Code    16  board.o(i.SysTick_Handler)
    SystemClock_Config                       0x08053525   Thumb Code   174  main.o(i.SystemClock_Config)
    SystemCoreClockUpdate                    0x080535dd   Thumb Code   160  system_stm32f4xx.o(i.SystemCoreClockUpdate)
    SystemInit                               0x08053691   Thumb Code    22  system_stm32f4xx.o(i.SystemInit)
    UART_Start_Receive_DMA                   0x08053bc5   Thumb Code   202  stm32f4xx_hal_uart.o(i.UART_Start_Receive_DMA)
    USART2_IRQHandler                        0x08053d89   Thumb Code    94  stm32f4xx_it.o(i.USART2_IRQHandler)
    USART3_IRQHandler                        0x08053df9   Thumb Code    94  stm32f4xx_it.o(i.USART3_IRQHandler)
    UsageFault_Handler                       0x08053e69   Thumb Code     4  stm32f4xx_it.o(i.UsageFault_Handler)
    __ARM_fpclassifyf                        0x080541e3   Thumb Code    38  fpclassifyf.o(i.__ARM_fpclassifyf)
    __hardfp_expf                            0x08054375   Thumb Code   426  expf.o(i.__hardfp_expf)
    __mathlib_expf                           0x08054375   Thumb Code     0  expf.o(i.__hardfp_expf)
    __mathlib_flt_infnan                     0x0805455d   Thumb Code     6  funder.o(i.__mathlib_flt_infnan)
    __mathlib_flt_overflow                   0x08054565   Thumb Code    10  funder.o(i.__mathlib_flt_overflow)
    __mathlib_flt_underflow                  0x08054575   Thumb Code    10  funder.o(i.__mathlib_flt_underflow)
    __rt_ffs                                 0x08054585   Thumb Code    70  kservice.o(i.__rt_ffs)
    __set_errno                              0x080545d1   Thumb Code     6  errno.o(i.__set_errno)
    ai_array_get_byte_size                   0x080551cf   Thumb Code    40  ai_datatypes_format.o(i.ai_array_get_byte_size)
    ai_array_get_data_byte_size              0x080551f7   Thumb Code    30  ai_datatypes_format.o(i.ai_array_get_data_byte_size)
    ai_array_to_buffer_fmt                   0x08055215   Thumb Code   248  ai_datatypes_format.o(i.ai_array_to_buffer_fmt)
    ai_buffer_array_item_set_address         0x08055341   Thumb Code    36  ai_platform.o(i.ai_buffer_array_item_set_address)
    ai_buffer_array_sane                     0x08055365   Thumb Code    18  ai_platform.o(i.ai_buffer_array_sane)
    ai_buffer_get_size                       0x08055379   Thumb Code    96  ai_platform.o(i.ai_buffer_get_size)
    ai_check_custom_types                    0x080553e1   Thumb Code    38  layers.o(i.ai_check_custom_types)
    ai_layers_forward_all                    0x0805540d   Thumb Code    80  layers.o(i.ai_layers_forward_all)
    ai_layers_init_all                       0x0805545d   Thumb Code    30  layers.o(i.ai_layers_init_all)
    ai_layers_post_init_all                  0x0805547b   Thumb Code    54  layers.o(i.ai_layers_post_init_all)
    ai_model_classify                        0x080554b1   Thumb Code   142  ai_model_wrapper.o(i.ai_model_classify)
    ai_network_create                        0x08055555   Thumb Code    30  network.o(i.ai_network_create)
    ai_network_create_and_init               0x08055579   Thumb Code   134  network.o(i.ai_network_create_and_init)
    ai_network_data_params_get               0x08055601   Thumb Code    42  network_data.o(i.ai_network_data_params_get)
    ai_network_get_error                     0x08055631   Thumb Code    14  network.o(i.ai_network_get_error)
    ai_network_init                          0x0805563f   Thumb Code    60  network.o(i.ai_network_init)
    ai_network_inputs_get                    0x0805567d   Thumb Code    24  network.o(i.ai_network_inputs_get)
    ai_network_outputs_get                   0x0805569d   Thumb Code    24  network.o(i.ai_network_outputs_get)
    ai_network_run                           0x080556bd   Thumb Code    20  network.o(i.ai_network_run)
    ai_platform_bind_network_params          0x080556d1   Thumb Code    38  ai_platform_interface.o(i.ai_platform_bind_network_params)
    ai_platform_context_acquire              0x080556fd   Thumb Code    14  ai_platform_interface.o(i.ai_platform_context_acquire)
    ai_platform_get_activations_map          0x08055711   Thumb Code    38  ai_platform_interface.o(i.ai_platform_get_activations_map)
    ai_platform_get_weights_map              0x0805573d   Thumb Code    36  ai_platform_interface.o(i.ai_platform_get_weights_map)
    ai_platform_inputs_get                   0x08055765   Thumb Code    66  ai_platform_interface.o(i.ai_platform_inputs_get)
    ai_platform_network_create               0x080557a9   Thumb Code   146  ai_platform_interface.o(i.ai_platform_network_create)
    ai_platform_network_get_error            0x08055845   Thumb Code    24  ai_platform_interface.o(i.ai_platform_network_get_error)
    ai_platform_network_init                 0x08055861   Thumb Code   262  ai_platform_interface.o(i.ai_platform_network_init)
    ai_platform_network_post_init            0x08055979   Thumb Code    76  ai_platform_interface.o(i.ai_platform_network_post_init)
    ai_platform_network_process              0x080559c9   Thumb Code    84  ai_platform_interface.o(i.ai_platform_network_process)
    ai_platform_network_set_error            0x08055a1d   Thumb Code    12  ai_platform_interface.o(i.ai_platform_network_set_error)
    ai_platform_outputs_get                  0x08055a29   Thumb Code    72  ai_platform_interface.o(i.ai_platform_outputs_get)
    ai_should_schedule_model                 0x08055a8d   Thumb Code   166  myedge_ai_app.o(i.ai_should_schedule_model)
    ai_thread_init                           0x08055c11   Thumb Code    44  myedge_ai_app.o(i.ai_thread_init)
    ai_version_get                           0x08055c51   Thumb Code    12  ai_datatypes_internal.o(i.ai_version_get)
    ai_wrapper_init                          0x08055c5d   Thumb Code    56  ai_model_wrapper.o(i.ai_wrapper_init)
    bin_flash_erase                          0x08055ca1   Thumb Code    24  myflash.o(i.bin_flash_erase)
    bin_flash_write                          0x08055cc5   Thumb Code    92  myflash.o(i.bin_flash_write)
    calc_max_row_lower                       0x08055d25   Thumb Code    62  myedge_ai_app.o(i.calc_max_row_lower)
    calc_max_row_upper                       0x08055d63   Thumb Code    62  myedge_ai_app.o(i.calc_max_row_upper)
    calc_sum_lower_half                      0x08055da1   Thumb Code    24  myedge_ai_app.o(i.calc_sum_lower_half)
    calc_sum_upper_half                      0x08055db9   Thumb Code    22  myedge_ai_app.o(i.calc_sum_upper_half)
    calculate_com                            0x08055dd1   Thumb Code   178  myedge_ai_app.o(i.calculate_com)
    core_get_error                           0x08056bfd   Thumb Code    12  core_common.o(i.core_get_error)
    core_init                                0x08056c09   Thumb Code     4  core_common.o(i.core_init)
    core_set_error                           0x08056c3f   Thumb Code    26  core_common.o(i.core_set_error)
    count_nonzero_in_lower_half              0x08056c59   Thumb Code    28  myedge_ai_app.o(i.count_nonzero_in_lower_half)
    count_nonzero_in_upper_half              0x08056c75   Thumb Code    26  myedge_ai_app.o(i.count_nonzero_in_upper_half)
    data_flash_write                         0x08056c91   Thumb Code    82  myflash.o(i.data_flash_write)
    extract_mattress_frame                   0x08056dc1   Thumb Code   140  mysensor_deal.o(i.extract_mattress_frame)
    forward_ap                               0x08056ea1   Thumb Code   366  layers_pool_generic_float.o(i.forward_ap)
    forward_conv2d_if32of32wf32_nl_pool      0x0805700f   Thumb Code   684  layers_conv2d_generic_float.o(i.forward_conv2d_if32of32wf32_nl_pool)
    forward_dense                            0x080572bd   Thumb Code   322  layers_conv2d_generic_float.o(i.forward_dense)
    forward_lite_conv2d_if32of32wf32_pool    0x08057405   Thumb Code   640  forward_lite_conv2d_if32of32wf32.o(i.forward_lite_conv2d_if32of32wf32_pool)
    forward_lite_dense_if32of32wf32          0x08057689   Thumb Code   148  lite_dense_if32.o(i.forward_lite_dense_if32of32wf32)
    forward_lite_dense_if32of32wf32_lut4     0x08057721   Thumb Code   168  lite_dense_if32.o(i.forward_lite_dense_if32of32wf32_lut4)
    forward_lite_dense_if32of32wf32_lut8     0x080577cd   Thumb Code   168  lite_dense_if32.o(i.forward_lite_dense_if32of32wf32_lut8)
    forward_lite_nl_relu_generic_if32of32_kernel 0x08057879   Thumb Code   168  lite_nl_relu_if32of32.o(i.forward_lite_nl_relu_generic_if32of32_kernel)
    forward_lite_nl_relu_if32of32            0x08057925   Thumb Code    46  lite_nl_generic_float.o(i.forward_lite_nl_relu_if32of32)
    forward_relu                             0x08057959   Thumb Code   202  layers_nl_generic_float.o(i.forward_relu)
    forward_sigmoid                          0x08057a29   Thumb Code    94  layers_nl_generic_float.o(i.forward_sigmoid)
    get_tensor_byte_size                     0x08057c4d   Thumb Code    34  ai_datatypes_internal.o(i.get_tensor_byte_size)
    hex_dump_simple                          0x08057c75   Thumb Code    58  main.o(i.hex_dump_simple)
    $Super$$main                             0x08057d49   Thumb Code   170  main.o(i.main)
    main_thread_entry                        0x08057f01   Thumb Code    14  components.o(i.main_thread_entry)
    nl_func_sigmoid_array_f32                0x080581b9   Thumb Code    72  layers_nl_generic_float.o(i.nl_func_sigmoid_array_f32)
    output_thread_init                       0x08058211   Thumb Code    62  myoutput_deal.o(i.output_thread_init)
    pool_func_ap_kernel_array_f32            0x08058361   Thumb Code   124  layers_pool_generic_float.o(i.pool_func_ap_kernel_array_f32)
    pool_func_mp_array_f32                   0x080583dd   Thumb Code   420  forward_lite_pool_f32.o(i.pool_func_mp_array_f32)
    preprocess_1024_to_260                   0x08058585   Thumb Code   190  mysensor_deal.o(i.preprocess_1024_to_260)
    rt_application_init                      0x080587f9   Thumb Code    46  components.o(i.rt_application_init)
    rt_assert_handler                        0x08058849   Thumb Code    56  kservice.o(i.rt_assert_handler)
    rt_components_init                       0x080588bd   Thumb Code    20  components.o(i.rt_components_init)
    rt_critical_level                        0x080588d9   Thumb Code     8  scheduler.o(i.rt_critical_level)
    rt_enter_critical                        0x08058925   Thumb Code    28  scheduler.o(i.rt_enter_critical)
    rt_event_init                            0x08058945   Thumb Code    64  ipc.o(i.rt_event_init)
    rt_event_recv                            0x080589d9   Thumb Code   416  ipc.o(i.rt_event_recv)
    rt_event_send                            0x08058c25   Thumb Code   230  ipc.o(i.rt_event_send)
    rt_exit_critical                         0x08058d29   Thumb Code    60  scheduler.o(i.rt_exit_critical)
    rt_free                                  0x08058d6d   Thumb Code    30  kservice.o(i.rt_free)
    rt_heap_begin_get                        0x08058d8d   Thumb Code     4  board.o(i.rt_heap_begin_get)
    rt_heap_end_get                          0x08058d95   Thumb Code     4  board.o(i.rt_heap_end_get)
    rt_hw_board_init                         0x08058d9d   Thumb Code    52  board.o(i.rt_hw_board_init)
    rt_hw_console_output                     0x08058dd1   Thumb Code    58  board.o(i.rt_hw_console_output)
    rt_hw_hard_fault_exception               0x08058e0d   Thumb Code   212  cpuport.o(i.rt_hw_hard_fault_exception)
    rt_hw_stack_init                         0x08059031   Thumb Code    74  cpuport.o(i.rt_hw_stack_init)
    rt_interrupt_enter                       0x08059081   Thumb Code    30  irq.o(i.rt_interrupt_enter)
    rt_interrupt_get_nest                    0x080590a5   Thumb Code    22  irq.o(i.rt_interrupt_get_nest)
    rt_interrupt_leave                       0x080590c1   Thumb Code    30  irq.o(i.rt_interrupt_leave)
    rt_kprintf                               0x080590e5   Thumb Code    46  kservice.o(i.rt_kprintf)
    rt_malloc                                0x080591a5   Thumb Code    32  kservice.o(i.rt_malloc)
    rt_memcmp                                0x080591c9   Thumb Code    38  kservice.o(i.rt_memcmp)
    rt_memcpy                                0x080591ef   Thumb Code   124  kservice.o(i.rt_memcpy)
    rt_memmove                               0x0805926b   Thumb Code    66  kservice.o(i.rt_memmove)
    rt_memset                                0x080592ad   Thumb Code    72  kservice.o(i.rt_memset)
    rt_mutex_init                            0x080592f5   Thumb Code    62  ipc.o(i.rt_mutex_init)
    rt_mutex_release                         0x0805934d   Thumb Code   328  ipc.o(i.rt_mutex_release)
    rt_mutex_take                            0x08059515   Thumb Code   396  ipc.o(i.rt_mutex_take)
    rt_object_allocate                       0x0805974d   Thumb Code   140  object.o(i.rt_object_allocate)
    rt_object_delete                         0x08059821   Thumb Code    70  object.o(i.rt_object_delete)
    rt_object_detach                         0x080598ad   Thumb Code    44  object.o(i.rt_object_detach)
    rt_object_get_information                0x080598f1   Thumb Code    36  object.o(i.rt_object_get_information)
    rt_object_get_type                       0x08059919   Thumb Code    26  object.o(i.rt_object_get_type)
    rt_object_init                           0x0805994d   Thumb Code   122  object.o(i.rt_object_init)
    rt_object_is_systemobject                0x080599f5   Thumb Code    34  object.o(i.rt_object_is_systemobject)
    rt_schedule                              0x08059a31   Thumb Code   276  scheduler.o(i.rt_schedule)
    rt_schedule_insert_thread                0x08059b59   Thumb Code   160  scheduler.o(i.rt_schedule_insert_thread)
    rt_schedule_remove_thread                0x08059c1d   Thumb Code    94  scheduler.o(i.rt_schedule_remove_thread)
    rt_show_version                          0x08059c9d   Thumb Code    42  kservice.o(i.rt_show_version)
    rt_smem_alloc                            0x08059d61   Thumb Code   450  mem.o(i.rt_smem_alloc)
    rt_smem_free                             0x08059fd9   Thumb Code   206  mem.o(i.rt_smem_free)
    rt_smem_init                             0x0805a17d   Thumb Code   176  mem.o(i.rt_smem_init)
    rt_sprintf                               0x0805a271   Thumb Code    34  kservice.o(i.rt_sprintf)
    rt_strlen                                0x0805a293   Thumb Code    18  kservice.o(i.rt_strlen)
    rt_strncpy                               0x0805a2a5   Thumb Code    52  kservice.o(i.rt_strncpy)
    rt_system_heap_init                      0x0805a2d9   Thumb Code    66  kservice.o(i.rt_system_heap_init)
    rt_system_scheduler_init                 0x0805a351   Thumb Code    42  scheduler.o(i.rt_system_scheduler_init)
    rt_system_scheduler_start                0x0805a389   Thumb Code    36  scheduler.o(i.rt_system_scheduler_start)
    rt_system_timer_init                     0x0805a3b1   Thumb Code    24  timer.o(i.rt_system_timer_init)
    rt_system_timer_thread_init              0x0805a3cd   Thumb Code     2  timer.o(i.rt_system_timer_thread_init)
    rt_thread_control                        0x0805a3d1   Thumb Code   182  thread.o(i.rt_thread_control)
    rt_thread_create                         0x0805a4a5   Thumb Code    80  thread.o(i.rt_thread_create)
    rt_thread_defunct_dequeue                0x0805a4f5   Thumb Code    56  idle.o(i.rt_thread_defunct_dequeue)
    rt_thread_defunct_enqueue                0x0805a531   Thumb Code    24  idle.o(i.rt_thread_defunct_enqueue)
    rt_thread_delete                         0x0805a54d   Thumb Code   128  thread.o(i.rt_thread_delete)
    rt_thread_detach                         0x0805a625   Thumb Code   128  thread.o(i.rt_thread_detach)
    rt_thread_idle_init                      0x0805a6f9   Thumb Code    74  idle.o(i.rt_thread_idle_init)
    rt_thread_init                           0x0805a759   Thumb Code    78  thread.o(i.rt_thread_init)
    rt_thread_mdelay                         0x0805a7d9   Thumb Code    20  thread.o(i.rt_thread_mdelay)
    rt_thread_resume                         0x0805a7ed   Thumb Code   104  thread.o(i.rt_thread_resume)
    rt_thread_self                           0x0805a871   Thumb Code     6  thread.o(i.rt_thread_self)
    rt_thread_sleep                          0x0805a87d   Thumb Code   104  thread.o(i.rt_thread_sleep)
    rt_thread_startup                        0x0805a901   Thumb Code   102  thread.o(i.rt_thread_startup)
    rt_thread_suspend                        0x0805a9bd   Thumb Code   136  thread.o(i.rt_thread_suspend)
    rt_tick_from_millisecond                 0x0805aa7d   Thumb Code    56  clock.o(i.rt_tick_from_millisecond)
    rt_tick_get                              0x0805aab5   Thumb Code     6  clock.o(i.rt_tick_get)
    rt_tick_get_millisecond                  0x0805aac1   Thumb Code     8  clock.o(i.rt_tick_get_millisecond)
    rt_tick_increase                         0x0805aac9   Thumb Code    74  clock.o(i.rt_tick_increase)
    rt_timer_check                           0x0805ab19   Thumb Code   172  timer.o(i.rt_timer_check)
    rt_timer_control                         0x0805abc9   Thumb Code   162  timer.o(i.rt_timer_control)
    rt_timer_detach                          0x0805ace9   Thumb Code    96  timer.o(i.rt_timer_detach)
    rt_timer_init                            0x0805adc9   Thumb Code    94  timer.o(i.rt_timer_init)
    rt_timer_start                           0x0805ae6d   Thumb Code   276  timer.o(i.rt_timer_start)
    rt_timer_stop                            0x0805afdd   Thumb Code    84  timer.o(i.rt_timer_stop)
    rt_vsnprintf                             0x0805b085   Thumb Code   824  kservice.o(i.rt_vsnprintf)
    rt_vsprintf                              0x0805b3c5   Thumb Code    22  kservice.o(i.rt_vsprintf)
    rtthread_startup                         0x0805b3eb   Thumb Code    42  components.o(i.rtthread_startup)
    sensor_thread_init                       0x0805b4c1   Thumb Code    76  mysensor_deal.o(i.sensor_thread_init)
    split_dual_matrix                        0x0805b573   Thumb Code    56  myedge_ai_app.o(i.split_dual_matrix)
    st_int8_copy                             0x0805b5ad   Thumb Code   144  st_int8_fill.o(i.st_int8_copy)
    FRAME_HEADER                             0x0805b86c   Data           4  mysensor_deal.o(.constdata)
    AHBPrescTable                            0x0805b8b8   Data          16  system_stm32f4xx.o(.constdata)
    APBPrescTable                            0x0805b8c8   Data           8  system_stm32f4xx.o(.constdata)
    __lowest_bit_bitmap                      0x0805bb0f   Data         256  kservice.o(.constdata)
    s_network_weights_array_u64              0x0805c040   Data        6152  network_data_params.o(.constdata)
    __ctype_table                            0x0805d8e0   Data         129  ctype_o.o(.constdata)
    g_person_count                           0x20000050   Data           1  myedge_ai_app.o(.data)
    g_posture_0                              0x20000051   Data           1  myedge_ai_app.o(.data)
    g_waist_x_0                              0x20000052   Data           1  myedge_ai_app.o(.data)
    g_waist_y_0                              0x20000053   Data           1  myedge_ai_app.o(.data)
    g_posture_1                              0x20000054   Data           1  myedge_ai_app.o(.data)
    g_waist_x_1                              0x20000055   Data           1  myedge_ai_app.o(.data)
    g_waist_y_1                              0x20000056   Data           1  myedge_ai_app.o(.data)
    Project_Version                          0x2000007a   Data          16  main.o(.data)
    sensor_uart_rx_len                       0x2000008a   Data           2  main.o(.data)
    output_uart_rx_len                       0x2000008c   Data           2  main.o(.data)
    uwTick                                   0x2000009c   Data           4  stm32f4xx_hal.o(.data)
    uwTickPrio                               0x200000a0   Data           4  stm32f4xx_hal.o(.data)
    uwTickFreq                               0x200000a4   Data           1  stm32f4xx_hal.o(.data)
    SystemCoreClock                          0x200000a8   Data           4  system_stm32f4xx.o(.data)
    rt_interrupt_from_thread                 0x200000ac   Data           4  cpuport.o(.data)
    rt_interrupt_to_thread                   0x200000b0   Data           4  cpuport.o(.data)
    rt_thread_switch_interrupt_flag          0x200000b4   Data           4  cpuport.o(.data)
    rt_interrupt_nest                        0x200000c8   Data           1  irq.o(.data)
    rt_assert_hook                           0x20000104   Data           4  kservice.o(.data)
    rt_thread_ready_priority_group           0x20000188   Data           4  scheduler.o(.data)
    rt_current_thread                        0x20000190   Data           4  scheduler.o(.data)
    rt_current_priority                      0x20000194   Data           1  scheduler.o(.data)
    g_network_data_map_activations           0x20000c18   Data          28  network_data.o(.data)
    g_network_data_map_weights               0x20000c34   Data          28  network_data.o(.data)
    model                                    0x20004d3c   Data          20  myedge_ai_app.o(.bss)
    Origin_MattressData_Resize               0x20005550   Data        1024  mysensor_deal.o(.bss)
    Origin_MattressData                      0x20005950   Data         260  mysensor_deal.o(.bss)
    uart_rx_event                            0x20005a54   Data          32  mysensor_deal.o(.bss)
    data_ready_event                         0x20005a74   Data          32  mysensor_deal.o(.bss)
    UploadSrcMattressData                    0x20006338   Data         260  myoutput_deal.o(.bss)
    output_uart_rx_event                     0x200086dc   Data          32  myoutput_deal.o(.bss)
    sensor_uart_rx_buffer                    0x20009940   Data        2048  main.o(.bss)
    output_uart_rx_buffer                    0x2000a140   Data        2176  main.o(.bss)
    pFlash                                   0x2000bc4c   Data          32  stm32f4xx_hal_flash.o(.bss)
    _SEGGER_RTT                              0x2000bc6c   Data         168  segger_rtt.o(.bss)
    rt_thread_priority_table                 0x2000c348   Data         256  scheduler.o(.bss)
    huart2                                   0x20010090   Data          72  usart.o(.bss)
    huart3                                   0x200100d8   Data          72  usart.o(.bss)
    huart6                                   0x20010120   Data          72  usart.o(.bss)
    hdma_usart2_rx                           0x20010168   Data          96  usart.o(.bss)
    hdma_usart3_rx                           0x200101c8   Data          96  usart.o(.bss)
    __initial_sp                             0x200142b0   Data           0  startup_stm32f405xx.o(STACK)



==============================================================================

Memory Map of the image

  Image Entry point : 0x08040189

  Load Region LR_IROM1 (Base: 0x08040000, Size: 0x00000e74, Max: 0x00010000, ABSOLUTE, COMPRESSED[0x00000648])

    Execution Region ER_IROM1 (Exec base: 0x08040000, Load base: 0x08040000, Size: 0x00000220, Max: 0x00010000, ABSOLUTE)

    Exec Addr    Load Addr    Size         Type   Attr      Idx    E Section Name        Object

    0x08040000   0x08040000   0x00000188   Data   RO            3    RESET               startup_stm32f405xx.o
    0x08040188   0x08040188   0x00000000   Code   RO         6080  * .ARM.Collect$$$$00000000  mc_w.l(entry.o)
    0x08040188   0x08040188   0x00000004   Code   RO         6209    .ARM.Collect$$$$00000001  mc_w.l(entry2.o)
    0x0804018c   0x0804018c   0x00000004   Code   RO         6212    .ARM.Collect$$$$00000004  mc_w.l(entry5.o)
    0x08040190   0x08040190   0x00000000   Code   RO         6214    .ARM.Collect$$$$00000008  mc_w.l(entry7b.o)
    0x08040190   0x08040190   0x00000000   Code   RO         6216    .ARM.Collect$$$$0000000A  mc_w.l(entry8b.o)
    0x08040190   0x08040190   0x00000008   Code   RO         6217    .ARM.Collect$$$$0000000B  mc_w.l(entry9a.o)
    0x08040198   0x08040198   0x00000000   Code   RO         6219    .ARM.Collect$$$$0000000D  mc_w.l(entry10a.o)
    0x08040198   0x08040198   0x00000000   Code   RO         6221    .ARM.Collect$$$$0000000F  mc_w.l(entry11a.o)
    0x08040198   0x08040198   0x00000004   Code   RO         6210    .ARM.Collect$$$$00002712  mc_w.l(entry2.o)
    0x0804019c   0x0804019c   0x00000024   Code   RO         6249    .text               mc_w.l(init.o)
    0x080401c0   0x080401c0   0x0000000e   Code   RO         6262    i.__scatterload_copy  mc_w.l(handlers.o)
    0x080401ce   0x080401ce   0x00000002   Code   RO         6263    i.__scatterload_null  mc_w.l(handlers.o)
    0x080401d0   0x080401d0   0x0000000e   Code   RO         6264    i.__scatterload_zeroinit  mc_w.l(handlers.o)
    0x080401de   0x080401de   0x00000002   PAD
    0x080401e0   0x080401e0   0x00000004   Data   RO         2984    .rti_fn.0           components.o
    0x080401e4   0x080401e4   0x00000004   Data   RO         2985    .rti_fn.0.end       components.o
    0x080401e8   0x080401e8   0x00000004   Data   RO         4137    .rti_fn.1           board.o
    0x080401ec   0x080401ec   0x00000004   Data   RO         2986    .rti_fn.1.end       components.o
    0x080401f0   0x080401f0   0x00000004   Data   RO           35    .rti_fn.6           myedge_ai_app.o
    0x080401f4   0x080401f4   0x00000004   Data   RO          339    .rti_fn.6           mysensor_deal.o
    0x080401f8   0x080401f8   0x00000004   Data   RO          428    .rti_fn.6           myoutput_deal.o
    0x080401fc   0x080401fc   0x00000004   Data   RO         2987    .rti_fn.6.end       components.o
    0x08040200   0x08040200   0x00000020   Data   RO         6260    Region$$Table       anon$$obj.o


    Execution Region RW_IRAM1 (Exec base: 0x20000000, Load base: 0x08040220, Size: 0x000142b0, Max: 0x0001c000, ABSOLUTE, COMPRESSED[0x00000428])

    Exec Addr    Load Addr    Size         Type   Attr      Idx    E Section Name        Object

    0x20000000   COMPRESSED   0x00000057   Data   RW           34    .data               myedge_ai_app.o
    0x20000057   COMPRESSED   0x00000001   PAD
    0x20000058   COMPRESSED   0x00000022   Data   RW          426    .data               myoutput_deal.o
    0x2000007a   COMPRESSED   0x00000014   Data   RW          597    .data               main.o
    0x2000008e   COMPRESSED   0x00000002   PAD
    0x20000090   COMPRESSED   0x00000009   Data   RW          648    .data               ai_model_wrapper.o
    0x20000099   COMPRESSED   0x00000003   PAD
    0x2000009c   COMPRESSED   0x00000009   Data   RW         1921    .data               stm32f4xx_hal.o
    0x200000a5   COMPRESSED   0x00000003   PAD
    0x200000a8   COMPRESSED   0x00000004   Data   RW         2528    .data               system_stm32f4xx.o
    0x200000ac   COMPRESSED   0x00000010   Data   RW         2901    .data               cpuport.o
    0x200000bc   COMPRESSED   0x00000004   Data   RW         2940    .data               clock.o
    0x200000c0   COMPRESSED   0x00000008   Data   RW         3055    .data               idle.o
    0x200000c8   COMPRESSED   0x00000001   Data   RW         3389    .data               irq.o
    0x200000c9   COMPRESSED   0x00000003   PAD
    0x200000cc   COMPRESSED   0x0000003c   Data   RW         3457    .data               kservice.o
    0x20000108   COMPRESSED   0x00000080   Data   RW         3738    .data               object.o
    0x20000188   COMPRESSED   0x0000000d   Data   RW         3819    .data               scheduler.o
    0x20000195   COMPRESSED   0x00000003   PAD
    0x20000198   COMPRESSED   0x0000000c   Data   RW         4033    .data               timer.o
    0x200001a4   COMPRESSED   0x00000a54   Data   RW         4384    .data               network.o
    0x20000bf8   COMPRESSED   0x00000058   Data   RW         4633    .data               network_data.o
    0x20000c50   COMPRESSED   0x00000004   Data   RW         6232    .data               mc_w.l(errno.o)
    0x20000c54        -       0x000040fc   Zero   RW           33    .bss                myedge_ai_app.o
    0x20004d50        -       0x000015c4   Zero   RW          337    .bss                mysensor_deal.o
    0x20006314        -       0x0000362c   Zero   RW          423    .bss                myoutput_deal.o
    0x20009940        -       0x00001080   Zero   RW          596    .bss                main.o
    0x2000a9c0        -       0x0000128c   Zero   RW          646    .bss                ai_model_wrapper.o
    0x2000bc4c        -       0x00000020   Zero   RW         1125    .bss                stm32f4xx_hal_flash.o
    0x2000bc6c        -       0x000004b8   Zero   RW         2596    .bss                segger_rtt.o
    0x2000c124        -       0x00000180   Zero   RW         3054    .bss                idle.o
    0x2000c2a4        -       0x000000a4   Zero   RW         3454    .bss                kservice.o
    0x2000c348        -       0x00000100   Zero   RW         3817    .bss                scheduler.o
    0x2000c448        -       0x00003c48   Zero   RW         4136    .bss                board.o
    0x20010090        -       0x00000198   Zero   RW         4322    .bss                usart.o
    0x20010228        -       0x00000088   Zero   RW         4381    .bss                network.o
    0x200102b0        -       0x00004000   Zero   RW            1    STACK               startup_stm32f405xx.o


    Execution Region RW_IRAM2 (Exec base: 0x2001c000, Load base: 0x08040648, Size: 0x00000000, Max: 0x00004000, ABSOLUTE)

    **** No section assigned to this execution region ****



  Load Region LR_IROM_TAG (Base: 0x08050000, Size: 0x00000008, Max: 0x00000008, ABSOLUTE)

    Execution Region ER_IROM_TAG (Exec base: 0x08050000, Load base: 0x08050000, Size: 0x00000008, Max: 0x00000008, ABSOLUTE)

    Exec Addr    Load Addr    Size         Type   Attr      Idx    E Section Name        Object

    0x08050000   0x08050000   0x00000008   Data   RO          427    .iap_tag            myoutput_deal.o



  Load Region LR_IROM2 (Base: 0x08050008, Size: 0x0000dcdc, Max: 0x0004fff8, ABSOLUTE)

    Execution Region ER_IROM2 (Exec base: 0x08050008, Load base: 0x08050008, Size: 0x0000dcdc, Max: 0x0004fff8, ABSOLUTE)

    Exec Addr    Load Addr    Size         Type   Attr      Idx    E Section Name        Object

    0x08050008   0x08050008   0x00000024   Code   RO            4    .text               startup_stm32f405xx.o
    0x0805002c   0x0805002c   0x0000013c   Code   RO         2891    .text               context_rvds.o
    0x08050168   0x08050168   0x00000062   Code   RO         6083    .text               mc_w.l(uldiv.o)
    0x080501ca   0x080501ca   0x00000002   PAD
    0x080501cc   0x080501cc   0x00000008   Code   RO         6085    .text               mc_w.l(ctype_o.o)
    0x080501d4   0x080501d4   0x00000012   Code   RO         6107    .text               mc_w.l(isspace_o.o)
    0x080501e6   0x080501e6   0x00000024   Code   RO         6115    .text               mc_w.l(memcpya.o)
    0x0805020a   0x0805020a   0x00000024   Code   RO         6117    .text               mc_w.l(memseta.o)
    0x0805022e   0x0805022e   0x0000000e   Code   RO         6119    .text               mc_w.l(strlen.o)
    0x0805023c   0x0805023c   0x0000001a   Code   RO         6121    .text               mc_w.l(memcmp.o)
    0x08050256   0x08050256   0x00000012   Code   RO         6123    .text               mc_w.l(strcpy.o)
    0x08050268   0x08050268   0x00000014   Code   RO         6155    .text               mc_w.l(uread4.o)
    0x0805027c   0x0805027c   0x00000012   Code   RO         6157    .text               mc_w.l(uwrite4.o)
    0x0805028e   0x0805028e   0x00000002   PAD
    0x08050290   0x08050290   0x00000038   Code   RO         6159    .text               mc_w.l(__0sscanf.o)
    0x080502c8   0x080502c8   0x0000014c   Code   RO         6161    .text               mc_w.l(_scanf_int.o)
    0x08050414   0x08050414   0x0000001e   Code   RO         6223    .text               mc_w.l(llshl.o)
    0x08050432   0x08050432   0x00000020   Code   RO         6225    .text               mc_w.l(llushr.o)
    0x08050452   0x08050452   0x0000001c   Code   RO         6236    .text               mc_w.l(_chval.o)
    0x0805046e   0x0805046e   0x00000002   PAD
    0x08050470   0x08050470   0x00000028   Code   RO         6238    .text               mc_w.l(scanf_char.o)
    0x08050498   0x08050498   0x00000040   Code   RO         6240    .text               mc_w.l(_sgetc.o)
    0x080504d8   0x080504d8   0x00000000   Code   RO         6242    .text               mc_w.l(iusefp.o)
    0x080504d8   0x080504d8   0x0000032c   Code   RO         6253    .text               mc_w.l(_scanf.o)
    0x08050804   0x08050804   0x00000056   Code   RO         6268    .text               mc_w.l(__dczerorl2.o)
    0x0805085a   0x0805085a   0x0000000a   Code   RO         2973    i.$Sub$$main        components.o
    0x08050864   0x08050864   0x00000004   Code   RO         4187    i.BusFault_Handler  stm32f4xx_it.o
    0x08050868   0x08050868   0x00000002   Code   RO         4188    i.CAN1_RX0_IRQHandler  stm32f4xx_it.o
    0x0805086a   0x0805086a   0x00000002   PAD
    0x0805086c   0x0805086c   0x00000010   Code   RO         4189    i.DMA1_Stream1_IRQHandler  stm32f4xx_it.o
    0x0805087c   0x0805087c   0x00000010   Code   RO         4190    i.DMA1_Stream5_IRQHandler  stm32f4xx_it.o
    0x0805088c   0x0805088c   0x00000034   Code   RO         1456    i.DMA_CalcBaseAndBitshift  stm32f4xx_hal_dma.o
    0x080508c0   0x080508c0   0x000000aa   Code   RO         1457    i.DMA_CheckFifoParam  stm32f4xx_hal_dma.o
    0x0805096a   0x0805096a   0x0000002c   Code   RO         1458    i.DMA_SetConfig     stm32f4xx_hal_dma.o
    0x08050996   0x08050996   0x00000002   Code   RO         4191    i.DebugMon_Handler  stm32f4xx_it.o
    0x08050998   0x08050998   0x00000006   Code   RO          591    i.Error_Handler     main.o
    0x0805099e   0x0805099e   0x00000002   PAD
    0x080509a0   0x080509a0   0x0000005c   Code   RO         1226    i.FLASH_Erase_Sector  stm32f4xx_hal_flash_ex.o
    0x080509fc   0x080509fc   0x00000078   Code   RO         1227    i.FLASH_FlushCaches  stm32f4xx_hal_flash_ex.o
    0x08050a74   0x08050a74   0x00000030   Code   RO         1228    i.FLASH_MassErase   stm32f4xx_hal_flash_ex.o
    0x08050aa4   0x08050aa4   0x00000024   Code   RO         1108    i.FLASH_Program_Byte  stm32f4xx_hal_flash.o
    0x08050ac8   0x08050ac8   0x00000030   Code   RO         1109    i.FLASH_Program_DoubleWord  stm32f4xx_hal_flash.o
    0x08050af8   0x08050af8   0x00000028   Code   RO         1110    i.FLASH_Program_HalfWord  stm32f4xx_hal_flash.o
    0x08050b20   0x08050b20   0x00000028   Code   RO         1111    i.FLASH_Program_Word  stm32f4xx_hal_flash.o
    0x08050b48   0x08050b48   0x00000098   Code   RO         1112    i.FLASH_SetErrorCode  stm32f4xx_hal_flash.o
    0x08050be0   0x08050be0   0x00000064   Code   RO         1113    i.FLASH_WaitForLastOperation  stm32f4xx_hal_flash.o
    0x08050c44   0x08050c44   0x000000ac   Code   RO         1459    i.HAL_DMA_Abort     stm32f4xx_hal_dma.o
    0x08050cf0   0x08050cf0   0x00000028   Code   RO         1460    i.HAL_DMA_Abort_IT  stm32f4xx_hal_dma.o
    0x08050d18   0x08050d18   0x00000240   Code   RO         1464    i.HAL_DMA_IRQHandler  stm32f4xx_hal_dma.o
    0x08050f58   0x08050f58   0x000000ec   Code   RO         1465    i.HAL_DMA_Init      stm32f4xx_hal_dma.o
    0x08051044   0x08051044   0x00000092   Code   RO         1469    i.HAL_DMA_Start_IT  stm32f4xx_hal_dma.o
    0x080510d6   0x080510d6   0x00000002   PAD
    0x080510d8   0x080510d8   0x000000ac   Code   RO         1238    i.HAL_FLASHEx_Erase  stm32f4xx_hal_flash_ex.o
    0x08051184   0x08051184   0x00000014   Code   RO         1117    i.HAL_FLASH_Lock    stm32f4xx_hal_flash.o
    0x08051198   0x08051198   0x00000090   Code   RO         1122    i.HAL_FLASH_Program  stm32f4xx_hal_flash.o
    0x08051228   0x08051228   0x00000034   Code   RO         1124    i.HAL_FLASH_Unlock  stm32f4xx_hal_flash.o
    0x0805125c   0x0805125c   0x000001f4   Code   RO         1352    i.HAL_GPIO_Init     stm32f4xx_hal_gpio.o
    0x08051450   0x08051450   0x00000014   Code   RO         1355    i.HAL_GPIO_TogglePin  stm32f4xx_hal_gpio.o
    0x08051464   0x08051464   0x0000000c   Code   RO         1356    i.HAL_GPIO_WritePin  stm32f4xx_hal_gpio.o
    0x08051470   0x08051470   0x0000000c   Code   RO         1907    i.HAL_GetTick       stm32f4xx_hal.o
    0x0805147c   0x0805147c   0x0000003c   Code   RO         1914    i.HAL_Init          stm32f4xx_hal.o
    0x080514b8   0x080514b8   0x0000004c   Code   RO         1915    i.HAL_InitTick      stm32f4xx_hal.o
    0x08051504   0x08051504   0x00000048   Code   RO          694    i.HAL_MspInit       stm32f4xx_hal_msp.o
    0x0805154c   0x0805154c   0x00000028   Code   RO         1744    i.HAL_NVIC_EnableIRQ  stm32f4xx_hal_cortex.o
    0x08051574   0x08051574   0x0000007c   Code   RO         1750    i.HAL_NVIC_SetPriority  stm32f4xx_hal_cortex.o
    0x080515f0   0x080515f0   0x00000028   Code   RO         1751    i.HAL_NVIC_SetPriorityGrouping  stm32f4xx_hal_cortex.o
    0x08051618   0x08051618   0x00000002   Code   RO          952    i.HAL_RCC_CSSCallback  stm32f4xx_hal_rcc.o
    0x0805161a   0x0805161a   0x00000002   PAD
    0x0805161c   0x0805161c   0x00000184   Code   RO          953    i.HAL_RCC_ClockConfig  stm32f4xx_hal_rcc.o
    0x080517a0   0x080517a0   0x0000000c   Code   RO          956    i.HAL_RCC_EnableCSS  stm32f4xx_hal_rcc.o
    0x080517ac   0x080517ac   0x0000000c   Code   RO          958    i.HAL_RCC_GetHCLKFreq  stm32f4xx_hal_rcc.o
    0x080517b8   0x080517b8   0x00000020   Code   RO          960    i.HAL_RCC_GetPCLK1Freq  stm32f4xx_hal_rcc.o
    0x080517d8   0x080517d8   0x00000020   Code   RO          961    i.HAL_RCC_GetPCLK2Freq  stm32f4xx_hal_rcc.o
    0x080517f8   0x080517f8   0x000000b0   Code   RO          962    i.HAL_RCC_GetSysClockFreq  stm32f4xx_hal_rcc.o
    0x080518a8   0x080518a8   0x00000020   Code   RO          964    i.HAL_RCC_NMI_IRQHandler  stm32f4xx_hal_rcc.o
    0x080518c8   0x080518c8   0x0000049c   Code   RO          965    i.HAL_RCC_OscConfig  stm32f4xx_hal_rcc.o
    0x08051d64   0x08051d64   0x00000034   Code   RO         1755    i.HAL_SYSTICK_Config  stm32f4xx_hal_cortex.o
    0x08051d98   0x08051d98   0x00000002   Code   RO         2164    i.HAL_UARTEx_RxEventCallback  stm32f4xx_hal_uart.o
    0x08051d9a   0x08051d9a   0x000000a6   Code   RO         2174    i.HAL_UART_DMAPause  stm32f4xx_hal_uart.o
    0x08051e40   0x08051e40   0x000000aa   Code   RO         2175    i.HAL_UART_DMAResume  stm32f4xx_hal_uart.o
    0x08051eea   0x08051eea   0x0000008a   Code   RO         2176    i.HAL_UART_DMAStop  stm32f4xx_hal_uart.o
    0x08051f74   0x08051f74   0x00000002   Code   RO         2178    i.HAL_UART_ErrorCallback  stm32f4xx_hal_uart.o
    0x08051f76   0x08051f76   0x00000002   PAD
    0x08051f78   0x08051f78   0x00000308   Code   RO         2181    i.HAL_UART_IRQHandler  stm32f4xx_hal_uart.o
    0x08052280   0x08052280   0x00000076   Code   RO         2182    i.HAL_UART_Init     stm32f4xx_hal_uart.o
    0x080522f6   0x080522f6   0x00000002   PAD
    0x080522f8   0x080522f8   0x0000021c   Code   RO         4318    i.HAL_UART_MspInit  usart.o
    0x08052514   0x08052514   0x0000002c   Code   RO         2186    i.HAL_UART_Receive_DMA  stm32f4xx_hal_uart.o
    0x08052540   0x08052540   0x00000002   Code   RO         2188    i.HAL_UART_RxCpltCallback  stm32f4xx_hal_uart.o
    0x08052542   0x08052542   0x00000002   Code   RO         2189    i.HAL_UART_RxHalfCpltCallback  stm32f4xx_hal_uart.o
    0x08052544   0x08052544   0x000000be   Code   RO         2190    i.HAL_UART_Transmit  stm32f4xx_hal_uart.o
    0x08052602   0x08052602   0x00000002   Code   RO         2193    i.HAL_UART_TxCpltCallback  stm32f4xx_hal_uart.o
    0x08052604   0x08052604   0x00000048   Code   RO         4269    i.MX_DMA_Init       dma.o
    0x0805264c   0x0805264c   0x000000b4   Code   RO         4293    i.MX_GPIO_Init      gpio.o
    0x08052700   0x08052700   0x00000038   Code   RO         4319    i.MX_USART2_UART_Init  usart.o
    0x08052738   0x08052738   0x00000038   Code   RO         4320    i.MX_USART3_UART_Init  usart.o
    0x08052770   0x08052770   0x00000004   Code   RO         4192    i.MemManage_Handler  stm32f4xx_it.o
    0x08052774   0x08052774   0x00000560   Code   RO           13    i.Model             myedge_ai_app.o
    0x08052cd4   0x08052cd4   0x00000008   Code   RO         4193    i.NMI_Handler       stm32f4xx_it.o
    0x08052cdc   0x08052cdc   0x00000082   Code   RO          487    i.Protocol_BuildFrame  protocol_parser.o
    0x08052d5e   0x08052d5e   0x0000001c   Code   RO          488    i.Protocol_CRC16_CCITT  protocol_parser.o
    0x08052d7a   0x08052d7a   0x00000002   PAD
    0x08052d7c   0x08052d7c   0x00000240   Code   RO          489    i.Protocol_ParseFrame  protocol_parser.o
    0x08052fbc   0x08052fbc   0x00000134   Code   RO          490    i.Protocol_SerializeFrame  protocol_parser.o
    0x080530f0   0x080530f0   0x00000008   Code   RO         2569    i.SEGGER_RTT_Init   segger_rtt.o
    0x080530f8   0x080530f8   0x00000048   Code   RO         2584    i.SEGGER_RTT_Write  segger_rtt.o
    0x08053140   0x08053140   0x00000084   Code   RO         2587    i.SEGGER_RTT_WriteNoLock  segger_rtt.o
    0x080531c4   0x080531c4   0x0000001a   Code   RO         2589    i.SEGGER_RTT_WriteString  segger_rtt.o
    0x080531de   0x080531de   0x00000022   Code   RO         2792    i.SEGGER_RTT_printf  segger_rtt_printf.o
    0x08053200   0x08053200   0x0000020a   Code   RO         2793    i.SEGGER_RTT_vprintf  segger_rtt_printf.o
    0x0805340a   0x0805340a   0x00000002   PAD
    0x0805340c   0x0805340c   0x000000a0   Code   RO          525    i.STMFLASH_GetFlashSector  myflash.o
    0x080534ac   0x080534ac   0x00000040   Code   RO          526    i.STM_Flash_Erase   myflash.o
    0x080534ec   0x080534ec   0x00000020   Code   RO          527    i.STM_Flash_Read    myflash.o
    0x0805350c   0x0805350c   0x00000006   Code   RO          528    i.STM_Flash_ReadWord  myflash.o
    0x08053512   0x08053512   0x00000010   Code   RO         4130    i.SysTick_Handler   board.o
    0x08053522   0x08053522   0x00000002   PAD
    0x08053524   0x08053524   0x000000b8   Code   RO          592    i.SystemClock_Config  main.o
    0x080535dc   0x080535dc   0x000000b4   Code   RO         2525    i.SystemCoreClockUpdate  system_stm32f4xx.o
    0x08053690   0x08053690   0x00000020   Code   RO         2526    i.SystemInit        system_stm32f4xx.o
    0x080536b0   0x080536b0   0x00000012   Code   RO         2195    i.UART_DMAAbortOnError  stm32f4xx_hal_uart.o
    0x080536c2   0x080536c2   0x00000050   Code   RO         2196    i.UART_DMAError     stm32f4xx_hal_uart.o
    0x08053712   0x08053712   0x000000b4   Code   RO         2197    i.UART_DMAReceiveCplt  stm32f4xx_hal_uart.o
    0x080537c6   0x080537c6   0x00000024   Code   RO         2199    i.UART_DMARxHalfCplt  stm32f4xx_hal_uart.o
    0x080537ea   0x080537ea   0x0000006c   Code   RO         2205    i.UART_EndRxTransfer  stm32f4xx_hal_uart.o
    0x08053856   0x08053856   0x00000020   Code   RO         2206    i.UART_EndTransmit_IT  stm32f4xx_hal_uart.o
    0x08053876   0x08053876   0x00000026   Code   RO         2207    i.UART_EndTxTransfer  stm32f4xx_hal_uart.o
    0x0805389c   0x0805389c   0x000000fc   Code   RO         2208    i.UART_Receive_IT   stm32f4xx_hal_uart.o
    0x08053998   0x08053998   0x0000022c   Code   RO         2209    i.UART_SetConfig    stm32f4xx_hal_uart.o
    0x08053bc4   0x08053bc4   0x000000d8   Code   RO         2210    i.UART_Start_Receive_DMA  stm32f4xx_hal_uart.o
    0x08053c9c   0x08053c9c   0x00000060   Code   RO         2212    i.UART_Transmit_IT  stm32f4xx_hal_uart.o
    0x08053cfc   0x08053cfc   0x0000008c   Code   RO         2213    i.UART_WaitOnFlagUntilTimeout  stm32f4xx_hal_uart.o
    0x08053d88   0x08053d88   0x00000070   Code   RO         4194    i.USART2_IRQHandler  stm32f4xx_it.o
    0x08053df8   0x08053df8   0x00000070   Code   RO         4195    i.USART3_IRQHandler  stm32f4xx_it.o
    0x08053e68   0x08053e68   0x00000004   Code   RO         4196    i.UsageFault_Handler  stm32f4xx_it.o
    0x08053e6c   0x08053e6c   0x00000070   Code   RO         2591    i._DoInit           segger_rtt.o
    0x08053edc   0x08053edc   0x0000001c   Code   RO         2592    i._GetAvailWriteSpace  segger_rtt.o
    0x08053ef8   0x08053ef8   0x000000ec   Code   RO         2794    i._PrintInt         segger_rtt_printf.o
    0x08053fe4   0x08053fe4   0x000000ec   Code   RO         2795    i._PrintUnsigned    segger_rtt_printf.o
    0x080540d0   0x080540d0   0x00000044   Code   RO         2796    i._StoreChar        segger_rtt_printf.o
    0x08054114   0x08054114   0x00000076   Code   RO         2594    i._WriteBlocking    segger_rtt.o
    0x0805418a   0x0805418a   0x00000058   Code   RO         2595    i._WriteNoCheck     segger_rtt.o
    0x080541e2   0x080541e2   0x00000026   Code   RO         6171    i.__ARM_fpclassifyf  m_wm.l(fpclassifyf.o)
    0x08054208   0x08054208   0x00000010   Code   RO         1757    i.__NVIC_GetPriorityGrouping  stm32f4xx_hal_cortex.o
    0x08054218   0x08054218   0x00000028   Code   RO         1758    i.__NVIC_SetPriority  stm32f4xx_hal_cortex.o
    0x08054240   0x08054240   0x00000134   Code   RO         5245    i.__ai_math_dot_array  NetworkRuntime1020_CM4_Keil.lib(lite_dense_if32.o)
    0x08054374   0x08054374   0x000001e8   Code   RO         5968    i.__hardfp_expf     m_wm.l(expf.o)
    0x0805455c   0x0805455c   0x00000006   Code   RO         6174    i.__mathlib_flt_infnan  m_wm.l(funder.o)
    0x08054562   0x08054562   0x00000002   PAD
    0x08054564   0x08054564   0x00000010   Code   RO         6177    i.__mathlib_flt_overflow  m_wm.l(funder.o)
    0x08054574   0x08054574   0x00000010   Code   RO         6179    i.__mathlib_flt_underflow  m_wm.l(funder.o)
    0x08054584   0x08054584   0x0000004c   Code   RO         3413    i.__rt_ffs          kservice.o
    0x080545d0   0x080545d0   0x0000000c   Code   RO         6231    i.__set_errno       mc_w.l(errno.o)
    0x080545dc   0x080545dc   0x00000012   Code   RO         5171    i._ai_forward_layer  NetworkRuntime1020_CM4_Keil.lib(layers.o)
    0x080545ee   0x080545ee   0x00000002   PAD
    0x080545f0   0x080545f0   0x000000e0   Code   RO         4712    i._ai_platform_get_io_buffers_info  NetworkRuntime1020_CM4_Keil.lib(ai_platform_interface.o)
    0x080546d0   0x080546d0   0x00000078   Code   RO         5199    i._final_pooling_buffer_reorder  NetworkRuntime1020_CM4_Keil.lib(forward_lite_conv2d_if32of32wf32.o)
    0x08054748   0x08054748   0x00000038   Code   RO         4823    i._forward_lite_nl_relu_thresholded_if32of32  NetworkRuntime1020_CM4_Keil.lib(layers_nl_generic_float.o)
    0x08054780   0x08054780   0x00000020   Code   RO         5112    i._get_lut_size     NetworkRuntime1020_CM4_Keil.lib(ai_datatypes_format.o)
    0x080547a0   0x080547a0   0x0000001c   Code   RO         3414    i._heap_lock        kservice.o
    0x080547bc   0x080547bc   0x00000038   Code   RO         3415    i._heap_unlock      kservice.o
    0x080547f4   0x080547f4   0x00000018   Code   RO         3094    i._ipc_list_resume  ipc.o
    0x0805480c   0x0805480c   0x00000080   Code   RO         3096    i._ipc_list_suspend  ipc.o
    0x0805488c   0x0805488c   0x00000010   Code   RO         3097    i._ipc_object_init  ipc.o
    0x0805489c   0x0805489c   0x0000012c   Code   RO         5246    i._lite_dict4_dot_array_f32  NetworkRuntime1020_CM4_Keil.lib(lite_dense_if32.o)
    0x080549c8   0x080549c8   0x000000e8   Code   RO         5247    i._lite_dict8_dot_array_f32  NetworkRuntime1020_CM4_Keil.lib(lite_dense_if32.o)
    0x08054ab0   0x08054ab0   0x0000004c   Code   RO         4713    i._platform_ai_buffer_array_copy  NetworkRuntime1020_CM4_Keil.lib(ai_platform_interface.o)
    0x08054afc   0x08054afc   0x00000050   Code   RO         4714    i._platform_get_table_map_from_buffer  NetworkRuntime1020_CM4_Keil.lib(ai_platform_interface.o)
    0x08054b4c   0x08054b4c   0x00000044   Code   RO         4715    i._platform_get_table_map_from_buffer_array  NetworkRuntime1020_CM4_Keil.lib(ai_platform_interface.o)
    0x08054b90   0x08054b90   0x00000014   Code   RO         4716    i._platform_network_buffers_signature_valid  NetworkRuntime1020_CM4_Keil.lib(ai_platform_interface.o)
    0x08054ba4   0x08054ba4   0x00000210   Code   RO         4717    i._platform_network_io_bind  NetworkRuntime1020_CM4_Keil.lib(ai_platform_interface.o)
    0x08054db4   0x08054db4   0x0000003e   Code   RO         4718    i._platform_network_state_setup  NetworkRuntime1020_CM4_Keil.lib(ai_platform_interface.o)
    0x08054df2   0x08054df2   0x00000068   Code   RO         4719    i._platform_network_state_update_input  NetworkRuntime1020_CM4_Keil.lib(ai_platform_interface.o)
    0x08054e5a   0x08054e5a   0x0000007c   Code   RO         4720    i._platform_network_state_update_output  NetworkRuntime1020_CM4_Keil.lib(ai_platform_interface.o)
    0x08054ed6   0x08054ed6   0x00000002   PAD
    0x08054ed8   0x08054ed8   0x00000028   Code   RO         3807    i._scheduler_get_highest_priority_thread  scheduler.o
    0x08054f00   0x08054f00   0x000000c4   Code   RO         3808    i._scheduler_stack_check  scheduler.o
    0x08054fc4   0x08054fc4   0x00000034   Code   RO         3892    i._thread_exit      thread.o
    0x08054ff8   0x08054ff8   0x000000bc   Code   RO         3893    i._thread_init      thread.o
    0x080550b4   0x080550b4   0x000000bc   Code   RO         3894    i._thread_timeout   thread.o
    0x08055170   0x08055170   0x00000042   Code   RO         4014    i._timer_init       timer.o
    0x080551b2   0x080551b2   0x0000001c   Code   RO         4016    i._timer_remove     timer.o
    0x080551ce   0x080551ce   0x00000028   Code   RO         5117    i.ai_array_get_byte_size  NetworkRuntime1020_CM4_Keil.lib(ai_datatypes_format.o)
    0x080551f6   0x080551f6   0x0000001e   Code   RO         5118    i.ai_array_get_data_byte_size  NetworkRuntime1020_CM4_Keil.lib(ai_datatypes_format.o)
    0x08055214   0x08055214   0x0000012c   Code   RO         5120    i.ai_array_to_buffer_fmt  NetworkRuntime1020_CM4_Keil.lib(ai_datatypes_format.o)
    0x08055340   0x08055340   0x00000024   Code   RO         4698    i.ai_buffer_array_item_set_address  NetworkRuntime1020_CM4_Keil.lib(ai_platform.o)
    0x08055364   0x08055364   0x00000012   Code   RO         4699    i.ai_buffer_array_sane  NetworkRuntime1020_CM4_Keil.lib(ai_platform.o)
    0x08055376   0x08055376   0x00000002   PAD
    0x08055378   0x08055378   0x00000068   Code   RO         4701    i.ai_buffer_get_size  NetworkRuntime1020_CM4_Keil.lib(ai_platform.o)
    0x080553e0   0x080553e0   0x0000002c   Code   RO         5173    i.ai_check_custom_types  NetworkRuntime1020_CM4_Keil.lib(layers.o)
    0x0805540c   0x0805540c   0x00000050   Code   RO         5177    i.ai_layers_forward_all  NetworkRuntime1020_CM4_Keil.lib(layers.o)
    0x0805545c   0x0805545c   0x0000001e   Code   RO         5178    i.ai_layers_init_all  NetworkRuntime1020_CM4_Keil.lib(layers.o)
    0x0805547a   0x0805547a   0x00000036   Code   RO         5179    i.ai_layers_post_init_all  NetworkRuntime1020_CM4_Keil.lib(layers.o)
    0x080554b0   0x080554b0   0x000000a4   Code   RO          643    i.ai_model_classify  ai_model_wrapper.o
    0x08055554   0x08055554   0x00000024   Code   RO         4368    i.ai_network_create  network.o
    0x08055578   0x08055578   0x00000086   Code   RO         4369    i.ai_network_create_and_init  network.o
    0x080555fe   0x080555fe   0x00000002   PAD
    0x08055600   0x08055600   0x00000030   Code   RO         4629    i.ai_network_data_params_get  network_data.o
    0x08055630   0x08055630   0x0000000e   Code   RO         4372    i.ai_network_get_error  network.o
    0x0805563e   0x0805563e   0x0000003c   Code   RO         4375    i.ai_network_init   network.o
    0x0805567a   0x0805567a   0x00000002   PAD
    0x0805567c   0x0805567c   0x00000020   Code   RO         4376    i.ai_network_inputs_get  network.o
    0x0805569c   0x0805569c   0x00000020   Code   RO         4377    i.ai_network_outputs_get  network.o
    0x080556bc   0x080556bc   0x00000014   Code   RO         4378    i.ai_network_run    network.o
    0x080556d0   0x080556d0   0x0000002c   Code   RO         4724    i.ai_platform_bind_network_params  NetworkRuntime1020_CM4_Keil.lib(ai_platform_interface.o)
    0x080556fc   0x080556fc   0x00000014   Code   RO         4725    i.ai_platform_context_acquire  NetworkRuntime1020_CM4_Keil.lib(ai_platform_interface.o)
    0x08055710   0x08055710   0x0000002c   Code   RO         4727    i.ai_platform_get_activations_map  NetworkRuntime1020_CM4_Keil.lib(ai_platform_interface.o)
    0x0805573c   0x0805573c   0x00000028   Code   RO         4728    i.ai_platform_get_weights_map  NetworkRuntime1020_CM4_Keil.lib(ai_platform_interface.o)
    0x08055764   0x08055764   0x00000042   Code   RO         4729    i.ai_platform_inputs_get  NetworkRuntime1020_CM4_Keil.lib(ai_platform_interface.o)
    0x080557a6   0x080557a6   0x00000002   PAD
    0x080557a8   0x080557a8   0x0000009c   Code   RO         4731    i.ai_platform_network_create  NetworkRuntime1020_CM4_Keil.lib(ai_platform_interface.o)
    0x08055844   0x08055844   0x0000001c   Code   RO         4733    i.ai_platform_network_get_error  NetworkRuntime1020_CM4_Keil.lib(ai_platform_interface.o)
    0x08055860   0x08055860   0x00000118   Code   RO         4734    i.ai_platform_network_init  NetworkRuntime1020_CM4_Keil.lib(ai_platform_interface.o)
    0x08055978   0x08055978   0x00000050   Code   RO         4735    i.ai_platform_network_post_init  NetworkRuntime1020_CM4_Keil.lib(ai_platform_interface.o)
    0x080559c8   0x080559c8   0x00000054   Code   RO         4736    i.ai_platform_network_process  NetworkRuntime1020_CM4_Keil.lib(ai_platform_interface.o)
    0x08055a1c   0x08055a1c   0x0000000c   Code   RO         4737    i.ai_platform_network_set_error  NetworkRuntime1020_CM4_Keil.lib(ai_platform_interface.o)
    0x08055a28   0x08055a28   0x00000048   Code   RO         4743    i.ai_platform_outputs_get  NetworkRuntime1020_CM4_Keil.lib(ai_platform_interface.o)
    0x08055a70   0x08055a70   0x0000001a   Code   RO         4824    i.ai_shape_get_size  NetworkRuntime1020_CM4_Keil.lib(layers_nl_generic_float.o)
    0x08055a8a   0x08055a8a   0x00000002   PAD
    0x08055a8c   0x08055a8c   0x000000e4   Code   RO           14    i.ai_should_schedule_model  myedge_ai_app.o
    0x08055b70   0x08055b70   0x000000a0   Code   RO           15    i.ai_thread_entry   myedge_ai_app.o
    0x08055c10   0x08055c10   0x00000040   Code   RO           16    i.ai_thread_init    myedge_ai_app.o
    0x08055c50   0x08055c50   0x0000000c   Code   RO         5142    i.ai_version_get    NetworkRuntime1020_CM4_Keil.lib(ai_datatypes_internal.o)
    0x08055c5c   0x08055c5c   0x00000044   Code   RO          645    i.ai_wrapper_init   ai_model_wrapper.o
    0x08055ca0   0x08055ca0   0x00000024   Code   RO          530    i.bin_flash_erase   myflash.o
    0x08055cc4   0x08055cc4   0x00000060   Code   RO          531    i.bin_flash_write   myflash.o
    0x08055d24   0x08055d24   0x0000003e   Code   RO           18    i.calc_max_row_lower  myedge_ai_app.o
    0x08055d62   0x08055d62   0x0000003e   Code   RO           19    i.calc_max_row_upper  myedge_ai_app.o
    0x08055da0   0x08055da0   0x00000018   Code   RO           20    i.calc_sum_lower_half  myedge_ai_app.o
    0x08055db8   0x08055db8   0x00000016   Code   RO           21    i.calc_sum_upper_half  myedge_ai_app.o
    0x08055dce   0x08055dce   0x00000002   PAD
    0x08055dd0   0x08055dd0   0x000000b8   Code   RO           22    i.calculate_com     myedge_ai_app.o
    0x08055e88   0x08055e88   0x00000d74   Code   RO          415    i.comm_state_machine_run  myoutput_deal.o
    0x08056bfc   0x08056bfc   0x0000000c   Code   RO         5152    i.core_get_error    NetworkRuntime1020_CM4_Keil.lib(core_common.o)
    0x08056c08   0x08056c08   0x00000004   Code   RO         5153    i.core_init         NetworkRuntime1020_CM4_Keil.lib(core_common.o)
    0x08056c0c   0x08056c0c   0x00000010   Code   RO         4787    i.core_nl_get_params_byte_size  NetworkRuntime1020_CM4_Keil.lib(layers_conv2d_generic_float.o)
    0x08056c1c   0x08056c1c   0x00000012   Code   RO         4788    i.core_nl_get_params_ptr  NetworkRuntime1020_CM4_Keil.lib(layers_conv2d_generic_float.o)
    0x08056c2e   0x08056c2e   0x00000010   Code   RO         4789    i.core_nl_get_params_stride  NetworkRuntime1020_CM4_Keil.lib(layers_conv2d_generic_float.o)
    0x08056c3e   0x08056c3e   0x0000001a   Code   RO         5154    i.core_set_error    NetworkRuntime1020_CM4_Keil.lib(core_common.o)
    0x08056c58   0x08056c58   0x0000001c   Code   RO           23    i.count_nonzero_in_lower_half  myedge_ai_app.o
    0x08056c74   0x08056c74   0x0000001a   Code   RO           24    i.count_nonzero_in_upper_half  myedge_ai_app.o
    0x08056c8e   0x08056c8e   0x00000002   PAD
    0x08056c90   0x08056c90   0x0000005c   Code   RO          532    i.data_flash_write  myflash.o
    0x08056cec   0x08056cec   0x00000030   Code   RO           26    i.decay_trigger_holds  myedge_ai_app.o
    0x08056d1c   0x08056d1c   0x000000a4   Code   RO           27    i.detect_row_change  myedge_ai_app.o
    0x08056dc0   0x08056dc0   0x000000e0   Code   RO          331    i.extract_mattress_frame  mysensor_deal.o
    0x08056ea0   0x08056ea0   0x0000016e   Code   RO         5008    i.forward_ap        NetworkRuntime1020_CM4_Keil.lib(layers_pool_generic_float.o)
    0x0805700e   0x0805700e   0x000002ac   Code   RO         4793    i.forward_conv2d_if32of32wf32_nl_pool  NetworkRuntime1020_CM4_Keil.lib(layers_conv2d_generic_float.o)
    0x080572ba   0x080572ba   0x00000002   PAD
    0x080572bc   0x080572bc   0x00000148   Code   RO         4794    i.forward_dense     NetworkRuntime1020_CM4_Keil.lib(layers_conv2d_generic_float.o)
    0x08057404   0x08057404   0x00000284   Code   RO         5203    i.forward_lite_conv2d_if32of32wf32_pool  NetworkRuntime1020_CM4_Keil.lib(forward_lite_conv2d_if32of32wf32.o)
    0x08057688   0x08057688   0x00000098   Code   RO         5248    i.forward_lite_dense_if32of32wf32  NetworkRuntime1020_CM4_Keil.lib(lite_dense_if32.o)
    0x08057720   0x08057720   0x000000ac   Code   RO         5249    i.forward_lite_dense_if32of32wf32_lut4  NetworkRuntime1020_CM4_Keil.lib(lite_dense_if32.o)
    0x080577cc   0x080577cc   0x000000ac   Code   RO         5250    i.forward_lite_dense_if32of32wf32_lut8  NetworkRuntime1020_CM4_Keil.lib(lite_dense_if32.o)
    0x08057878   0x08057878   0x000000ac   Code   RO         5236    i.forward_lite_nl_relu_generic_if32of32_kernel  NetworkRuntime1020_CM4_Keil.lib(lite_nl_relu_if32of32.o)
    0x08057924   0x08057924   0x00000034   Code   RO         5048    i.forward_lite_nl_relu_if32of32  NetworkRuntime1020_CM4_Keil.lib(lite_nl_generic_float.o)
    0x08057958   0x08057958   0x000000d0   Code   RO         4850    i.forward_relu      NetworkRuntime1020_CM4_Keil.lib(layers_nl_generic_float.o)
    0x08057a28   0x08057a28   0x0000005e   Code   RO         4855    i.forward_sigmoid   NetworkRuntime1020_CM4_Keil.lib(layers_nl_generic_float.o)
    0x08057a86   0x08057a86   0x00000002   PAD
    0x08057a88   0x08057a88   0x00000182   Code   RO         5208    i.fw_lite_conv2d_kernel_simple_opt_f32  NetworkRuntime1020_CM4_Keil.lib(forward_lite_conv2d_if32of32wf32.o)
    0x08057c0a   0x08057c0a   0x00000002   PAD
    0x08057c0c   0x08057c0c   0x00000040   Code   RO          417    i.get_sw_version    myoutput_deal.o
    0x08057c4c   0x08057c4c   0x00000028   Code   RO         5143    i.get_tensor_byte_size  NetworkRuntime1020_CM4_Keil.lib(ai_datatypes_internal.o)
    0x08057c74   0x08057c74   0x00000048   Code   RO          594    i.hex_dump_simple   main.o
    0x08057cbc   0x08057cbc   0x0000008c   Code   RO          418    i.iap_result_report  myoutput_deal.o
    0x08057d48   0x08057d48   0x000001b8   Code   RO          595    i.main              main.o
    0x08057f00   0x08057f00   0x0000000e   Code   RO         2974    i.main_thread_entry  components.o
    0x08057f0e   0x08057f0e   0x00000002   PAD
    0x08057f10   0x08057f10   0x00000010   Code   RO          332    i.myUSART2_DMA_Disable  mysensor_deal.o
    0x08057f20   0x08057f20   0x00000010   Code   RO          333    i.myUSART2_DMA_Enable  mysensor_deal.o
    0x08057f30   0x08057f30   0x00000144   Code   RO         4379    i.network_configure_activations  network.o
    0x08058074   0x08058074   0x00000144   Code   RO         4380    i.network_configure_weights  network.o
    0x080581b8   0x080581b8   0x00000048   Code   RO         4899    i.nl_func_sigmoid_array_f32  NetworkRuntime1020_CM4_Keil.lib(layers_nl_generic_float.o)
    0x08058200   0x08058200   0x0000000e   Code   RO          419    i.output_thread_entry  myoutput_deal.o
    0x0805820e   0x0805820e   0x00000002   PAD
    0x08058210   0x08058210   0x00000068   Code   RO          420    i.output_thread_init  myoutput_deal.o
    0x08058278   0x08058278   0x000000e8   Code   RO         3670    i.plug_holes        mem.o
    0x08058360   0x08058360   0x0000007c   Code   RO         5010    i.pool_func_ap_kernel_array_f32  NetworkRuntime1020_CM4_Keil.lib(layers_pool_generic_float.o)
    0x080583dc   0x080583dc   0x000001a8   Code   RO         5017    i.pool_func_mp_array_f32  NetworkRuntime1020_CM4_Keil.lib(forward_lite_pool_f32.o)
    0x08058584   0x08058584   0x000000be   Code   RO          334    i.preprocess_1024_to_260  mysensor_deal.o
    0x08058642   0x08058642   0x00000002   PAD
    0x08058644   0x08058644   0x00000198   Code   RO         3417    i.print_number      kservice.o
    0x080587dc   0x080587dc   0x0000001c   Code   RO           29    i.reset_posture_ema  myedge_ai_app.o
    0x080587f8   0x080587f8   0x00000050   Code   RO         2975    i.rt_application_init  components.o
    0x08058848   0x08058848   0x00000074   Code   RO         3418    i.rt_assert_handler  kservice.o
    0x080588bc   0x080588bc   0x0000001c   Code   RO         2977    i.rt_components_init  components.o
    0x080588d8   0x080588d8   0x0000000c   Code   RO         3809    i.rt_critical_level  scheduler.o
    0x080588e4   0x080588e4   0x0000003e   Code   RO         3048    i.rt_defunct_execute  idle.o
    0x08058922   0x08058922   0x00000002   PAD
    0x08058924   0x08058924   0x00000020   Code   RO         3810    i.rt_enter_critical  scheduler.o
    0x08058944   0x08058944   0x00000094   Code   RO         3102    i.rt_event_init     ipc.o
    0x080589d8   0x080589d8   0x0000024c   Code   RO         3103    i.rt_event_recv     ipc.o
    0x08058c24   0x08058c24   0x00000104   Code   RO         3104    i.rt_event_send     ipc.o
    0x08058d28   0x08058d28   0x00000044   Code   RO         3811    i.rt_exit_critical  scheduler.o
    0x08058d6c   0x08058d6c   0x0000001e   Code   RO         3421    i.rt_free           kservice.o
    0x08058d8a   0x08058d8a   0x00000002   PAD
    0x08058d8c   0x08058d8c   0x00000008   Code   RO         4131    i.rt_heap_begin_get  board.o
    0x08058d94   0x08058d94   0x00000008   Code   RO         4132    i.rt_heap_end_get   board.o
    0x08058d9c   0x08058d9c   0x00000034   Code   RO         4133    i.rt_hw_board_init  board.o
    0x08058dd0   0x08058dd0   0x0000003a   Code   RO         4134    i.rt_hw_console_output  board.o
    0x08058e0a   0x08058e0a   0x00000002   PAD
    0x08058e0c   0x08058e0c   0x00000224   Code   RO         2898    i.rt_hw_hard_fault_exception  cpuport.o
    0x08059030   0x08059030   0x00000050   Code   RO         2899    i.rt_hw_stack_init  cpuport.o
    0x08059080   0x08059080   0x00000024   Code   RO         3386    i.rt_interrupt_enter  irq.o
    0x080590a4   0x080590a4   0x0000001c   Code   RO         3387    i.rt_interrupt_get_nest  irq.o
    0x080590c0   0x080590c0   0x00000024   Code   RO         3388    i.rt_interrupt_leave  irq.o
    0x080590e4   0x080590e4   0x00000034   Code   RO         3426    i.rt_kprintf        kservice.o
    0x08059118   0x08059118   0x00000006   Code   RO         3105    i.rt_list_init      ipc.o
    0x0805911e   0x0805911e   0x00000006   Code   RO         4017    i.rt_list_init      timer.o
    0x08059124   0x08059124   0x0000000e   Code   RO         3725    i.rt_list_insert_after  object.o
    0x08059132   0x08059132   0x0000000e   Code   RO         4018    i.rt_list_insert_after  timer.o
    0x08059140   0x08059140   0x0000000e   Code   RO         3106    i.rt_list_insert_before  ipc.o
    0x0805914e   0x0805914e   0x00000010   Code   RO         3107    i.rt_list_isempty   ipc.o
    0x0805915e   0x0805915e   0x00000010   Code   RO         4019    i.rt_list_isempty   timer.o
    0x0805916e   0x0805916e   0x00000012   Code   RO         3726    i.rt_list_remove    object.o
    0x08059180   0x08059180   0x00000012   Code   RO         3895    i.rt_list_remove    thread.o
    0x08059192   0x08059192   0x00000012   Code   RO         4020    i.rt_list_remove    timer.o
    0x080591a4   0x080591a4   0x00000024   Code   RO         3428    i.rt_malloc         kservice.o
    0x080591c8   0x080591c8   0x00000026   Code   RO         3430    i.rt_memcmp         kservice.o
    0x080591ee   0x080591ee   0x0000007c   Code   RO         3431    i.rt_memcpy         kservice.o
    0x0805926a   0x0805926a   0x00000042   Code   RO         3432    i.rt_memmove        kservice.o
    0x080592ac   0x080592ac   0x00000048   Code   RO         3434    i.rt_memset         kservice.o
    0x080592f4   0x080592f4   0x00000058   Code   RO         3130    i.rt_mutex_init     ipc.o
    0x0805934c   0x0805934c   0x000001c8   Code   RO         3131    i.rt_mutex_release  ipc.o
    0x08059514   0x08059514   0x00000238   Code   RO         3132    i.rt_mutex_take     ipc.o
    0x0805974c   0x0805974c   0x000000d4   Code   RO         3727    i.rt_object_allocate  object.o
    0x08059820   0x08059820   0x0000008c   Code   RO         3728    i.rt_object_delete  object.o
    0x080598ac   0x080598ac   0x00000044   Code   RO         3729    i.rt_object_detach  object.o
    0x080598f0   0x080598f0   0x00000028   Code   RO         3731    i.rt_object_get_information  object.o
    0x08059918   0x08059918   0x00000034   Code   RO         3734    i.rt_object_get_type  object.o
    0x0805994c   0x0805994c   0x000000a8   Code   RO         3735    i.rt_object_init    object.o
    0x080599f4   0x080599f4   0x0000003c   Code   RO         3736    i.rt_object_is_systemobject  object.o
    0x08059a30   0x08059a30   0x00000128   Code   RO         3812    i.rt_schedule       scheduler.o
    0x08059b58   0x08059b58   0x000000c4   Code   RO         3813    i.rt_schedule_insert_thread  scheduler.o
    0x08059c1c   0x08059c1c   0x00000080   Code   RO         3814    i.rt_schedule_remove_thread  scheduler.o
    0x08059c9c   0x08059c9c   0x000000c4   Code   RO         3437    i.rt_show_version   kservice.o
    0x08059d60   0x08059d60   0x00000278   Code   RO         3671    i.rt_smem_alloc     mem.o
    0x08059fd8   0x08059fd8   0x000001a4   Code   RO         3673    i.rt_smem_free      mem.o
    0x0805a17c   0x0805a17c   0x000000f4   Code   RO         3674    i.rt_smem_init      mem.o
    0x0805a270   0x0805a270   0x00000022   Code   RO         3439    i.rt_sprintf        kservice.o
    0x0805a292   0x0805a292   0x00000012   Code   RO         3445    i.rt_strlen         kservice.o
    0x0805a2a4   0x0805a2a4   0x00000034   Code   RO         3447    i.rt_strncpy        kservice.o
    0x0805a2d8   0x0805a2d8   0x00000078   Code   RO         3450    i.rt_system_heap_init  kservice.o
    0x0805a350   0x0805a350   0x00000038   Code   RO         3815    i.rt_system_scheduler_init  scheduler.o
    0x0805a388   0x0805a388   0x00000028   Code   RO         3816    i.rt_system_scheduler_start  scheduler.o
    0x0805a3b0   0x0805a3b0   0x0000001c   Code   RO         4021    i.rt_system_timer_init  timer.o
    0x0805a3cc   0x0805a3cc   0x00000002   Code   RO         4022    i.rt_system_timer_thread_init  timer.o
    0x0805a3ce   0x0805a3ce   0x00000002   PAD
    0x0805a3d0   0x0805a3d0   0x000000d4   Code   RO         3896    i.rt_thread_control  thread.o
    0x0805a4a4   0x0805a4a4   0x00000050   Code   RO         3897    i.rt_thread_create  thread.o
    0x0805a4f4   0x0805a4f4   0x0000003c   Code   RO         3049    i.rt_thread_defunct_dequeue  idle.o
    0x0805a530   0x0805a530   0x0000001c   Code   RO         3050    i.rt_thread_defunct_enqueue  idle.o
    0x0805a54c   0x0805a54c   0x000000d8   Code   RO         3900    i.rt_thread_delete  thread.o
    0x0805a624   0x0805a624   0x000000cc   Code   RO         3901    i.rt_thread_detach  thread.o
    0x0805a6f0   0x0805a6f0   0x00000008   Code   RO         3051    i.rt_thread_idle_entry  idle.o
    0x0805a6f8   0x0805a6f8   0x00000060   Code   RO         3053    i.rt_thread_idle_init  idle.o
    0x0805a758   0x0805a758   0x00000080   Code   RO         3903    i.rt_thread_init    thread.o
    0x0805a7d8   0x0805a7d8   0x00000014   Code   RO         3904    i.rt_thread_mdelay  thread.o
    0x0805a7ec   0x0805a7ec   0x00000084   Code   RO         3905    i.rt_thread_resume  thread.o
    0x0805a870   0x0805a870   0x0000000c   Code   RO         3906    i.rt_thread_self    thread.o
    0x0805a87c   0x0805a87c   0x00000084   Code   RO         3907    i.rt_thread_sleep   thread.o
    0x0805a900   0x0805a900   0x000000bc   Code   RO         3908    i.rt_thread_startup  thread.o
    0x0805a9bc   0x0805a9bc   0x000000c0   Code   RO         3909    i.rt_thread_suspend  thread.o
    0x0805aa7c   0x0805aa7c   0x00000038   Code   RO         2935    i.rt_tick_from_millisecond  clock.o
    0x0805aab4   0x0805aab4   0x0000000c   Code   RO         2936    i.rt_tick_get       clock.o
    0x0805aac0   0x0805aac0   0x00000008   Code   RO         2937    i.rt_tick_get_millisecond  clock.o
    0x0805aac8   0x0805aac8   0x00000050   Code   RO         2938    i.rt_tick_increase  clock.o
    0x0805ab18   0x0805ab18   0x000000b0   Code   RO         4023    i.rt_timer_check    timer.o
    0x0805abc8   0x0805abc8   0x00000120   Code   RO         4024    i.rt_timer_control  timer.o
    0x0805ace8   0x0805ace8   0x000000e0   Code   RO         4027    i.rt_timer_detach   timer.o
    0x0805adc8   0x0805adc8   0x000000a4   Code   RO         4028    i.rt_timer_init     timer.o
    0x0805ae6c   0x0805ae6c   0x00000170   Code   RO         4030    i.rt_timer_start    timer.o
    0x0805afdc   0x0805afdc   0x000000a8   Code   RO         4031    i.rt_timer_stop     timer.o
    0x0805b084   0x0805b084   0x00000340   Code   RO         3451    i.rt_vsnprintf      kservice.o
    0x0805b3c4   0x0805b3c4   0x00000016   Code   RO         3452    i.rt_vsprintf       kservice.o
    0x0805b3da   0x0805b3da   0x00000004   Code   RO         2978    i.rti_board_end     components.o
    0x0805b3de   0x0805b3de   0x00000004   Code   RO         2979    i.rti_board_start   components.o
    0x0805b3e2   0x0805b3e2   0x00000004   Code   RO         2980    i.rti_end           components.o
    0x0805b3e6   0x0805b3e6   0x00000004   Code   RO         2981    i.rti_start         components.o
    0x0805b3ea   0x0805b3ea   0x0000002a   Code   RO         2982    i.rtthread_startup  components.o
    0x0805b414   0x0805b414   0x000000ac   Code   RO          335    i.sensor_thread_entry  mysensor_deal.o
    0x0805b4c0   0x0805b4c0   0x0000008c   Code   RO          336    i.sensor_thread_init  mysensor_deal.o
    0x0805b54c   0x0805b54c   0x00000026   Code   RO         3453    i.skip_atoi         kservice.o
    0x0805b572   0x0805b572   0x00000038   Code   RO           31    i.split_dual_matrix  myedge_ai_app.o
    0x0805b5aa   0x0805b5aa   0x00000002   PAD
    0x0805b5ac   0x0805b5ac   0x00000090   Code   RO         5803    i.st_int8_copy      NetworkRuntime1020_CM4_Keil.lib(st_int8_fill.o)
    0x0805b63c   0x0805b63c   0x00000004   Code   RO         4135    i.uart_init         board.o
    0x0805b640   0x0805b640   0x00000084   Code   RO           32    i.update_posture_ema  myedge_ai_app.o
    0x0805b6c4   0x0805b6c4   0x000000ec   Code   RO          421    i.upload_StatusPackage  myoutput_deal.o
    0x0805b7b0   0x0805b7b0   0x000000a4   Code   RO          422    i.upload_devide_info  myoutput_deal.o
    0x0805b854   0x0805b854   0x00000018   Code   RO          491    i.xor_crypt         protocol_parser.o
    0x0805b86c   0x0805b86c   0x00000004   Data   RO          338    .constdata          mysensor_deal.o
    0x0805b870   0x0805b870   0x0000003c   Data   RO          424    .constdata          myoutput_deal.o
    0x0805b8ac   0x0805b8ac   0x00000004   Data   RO          647    .constdata          ai_model_wrapper.o
    0x0805b8b0   0x0805b8b0   0x00000008   Data   RO         1471    .constdata          stm32f4xx_hal_dma.o
    0x0805b8b8   0x0805b8b8   0x00000018   Data   RO         2527    .constdata          system_stm32f4xx.o
    0x0805b8d0   0x0805b8d0   0x00000010   Data   RO         2797    .constdata          segger_rtt_printf.o
    0x0805b8e0   0x0805b8e0   0x00000014   Data   RO         2983    .constdata          components.o
    0x0805b8f4   0x0805b8f4   0x0000021b   Data   RO         3142    .constdata          ipc.o
    0x0805bb0f   0x0805bb0f   0x00000143   Data   RO         3455    .constdata          kservice.o
    0x0805bc52   0x0805bc52   0x00000045   Data   RO         3676    .constdata          mem.o
    0x0805bc97   0x0805bc97   0x00000080   Data   RO         3737    .constdata          object.o
    0x0805bd17   0x0805bd17   0x0000004b   Data   RO         3818    .constdata          scheduler.o
    0x0805bd62   0x0805bd62   0x000000bb   Data   RO         3911    .constdata          thread.o
    0x0805be1d   0x0805be1d   0x0000006c   Data   RO         4032    .constdata          timer.o
    0x0805be89   0x0805be89   0x00000007   PAD
    0x0805be90   0x0805be90   0x00000148   Data   RO         4382    .constdata          network.o
    0x0805bfd8   0x0805bfd8   0x00000068   Data   RO         4632    .constdata          network_data.o
    0x0805c040   0x0805c040   0x00001808   Data   RO         4679    .constdata          network_data_params.o
    0x0805d848   0x0805d848   0x00000068   Data   RO         4746    .constdata          NetworkRuntime1020_CM4_Keil.lib(ai_platform_interface.o)
    0x0805d8b0   0x0805d8b0   0x00000030   Data   RO         5971    .constdata          m_wm.l(expf.o)
    0x0805d8e0   0x0805d8e0   0x00000081   Data   RO         6086    .constdata          mc_w.l(ctype_o.o)
    0x0805d961   0x0805d961   0x00000003   PAD
    0x0805d964   0x0805d964   0x00000004   Data   RO         6087    .constdata          mc_w.l(ctype_o.o)
    0x0805d968   0x0805d968   0x0000004b   Data   RO          425    .conststring        myoutput_deal.o
    0x0805d9b3   0x0805d9b3   0x00000001   PAD
    0x0805d9b4   0x0805d9b4   0x00000087   Data   RO         3143    .conststring        ipc.o
    0x0805da3b   0x0805da3b   0x00000001   PAD
    0x0805da3c   0x0805da3c   0x00000058   Data   RO         3456    .conststring        kservice.o
    0x0805da94   0x0805da94   0x000001a8   Data   RO         3677    .conststring        mem.o
    0x0805dc3c   0x0805dc3c   0x00000042   Data   RO         3912    .conststring        thread.o
    0x0805dc7e   0x0805dc7e   0x00000002   PAD
    0x0805dc80   0x0805dc80   0x00000061   Data   RO         4383    .conststring        network.o


==============================================================================

Image component sizes


      Code (inc. data)   RO Data    RW Data    ZI Data      Debug   Object Name

       232         34          4          9       4748      16630   ai_model_wrapper.o
       146          8          4          0      15432       4796   board.o
       156         12          0          4          0       3202   clock.o
       190         42         36          0          0       6341   components.o
       316         28          0          0          0        920   context_rvds.o
       628        342          0         16          0       4430   cpuport.o
        72          4          0          0          0        822   dma.o
       180         10          0          0          0       1015   gpio.o
       254         30          0          8        384       7062   idle.o
      2312        620        674          0          0      37747   ipc.o
       100         18          0          1          0       2682   irq.o
      2414        328        411         60        164      18539   kservice.o
       702        294          0         20       4224       3310   main.o
      1528        554        493          0          0       6913   mem.o
      2664        360          4         87      16636     642914   myedge_ai_app.o
       486         70          0          0          0       4953   myflash.o
      4166       1010        147         34      13868      39926   myoutput_deal.o
       758        188          8          0       5572       5569   mysensor_deal.o
       976        110        425       2644        136      54780   network.o
        48          6        104         88          0      15833   network_data.o
         0          0       6152          0          0      15198   network_data_params.o
       772        268        128        128          0      11526   object.o
      1066         86          0          0          0       4333   protocol_parser.o
      1064        244         75         13        256      11560   scheduler.o
       584         48          0          0       1208      11117   segger_rtt.o
      1096          6         16          0          0       6053   segger_rtt_printf.o
        36          8        392          0      16384        844   startup_stm32f405xx.o
       148         24          0          9          0       8271   stm32f4xx_hal.o
       312         22          0          0          0      34319   stm32f4xx_hal_cortex.o
      1436         16          8          0          0       6966   stm32f4xx_hal_dma.o
       632         64          0          0         32       5994   stm32f4xx_hal_flash.o
       432         28          0          0          0       3258   stm32f4xx_hal_flash_ex.o
       532         46          0          0          0       2765   stm32f4xx_hal_gpio.o
        72          4          0          0          0        874   stm32f4xx_hal_msp.o
      1866         92          0          0          0       7295   stm32f4xx_hal_rcc.o
      3364         28          0          0          0      19258   stm32f4xx_hal_uart.o
       280         48          0          0          0       5615   stm32f4xx_it.o
       212         30         24          4          0       2003   system_stm32f4xx.o
      1962        586        253          0          0      16251   thread.o
      1566        514        108         12          0      15004   timer.o
       652         60          0          0        408       2808   usart.o

    ----------------------------------------------------------------------
     36454       6290       9512       3152      79452    1069696   Object Totals
         0          0         32          0          0          0   (incl. Generated)
        42          0         14         15          0          0   (incl. Padding)

    ----------------------------------------------------------------------

      Code (inc. data)   RO Data    RW Data    ZI Data      Debug   Library Member Name

       402         52          0          0          0        488   ai_datatypes_format.o
        52          6          0          0          0        232   ai_datatypes_internal.o
       158          8          0          0          0        368   ai_platform.o
      2212         76        104          0          0       2764   ai_platform_interface.o
        42          0          0          0          0        348   core_common.o
      1150          4          0          0          0        448   forward_lite_conv2d_if32of32wf32.o
       424          4          0          0          0        148   forward_lite_pool_f32.o
       226          6          0          0          0        628   layers.o
      1062          6          0          0          0        644   layers_conv2d_generic_float.o
       456         12          0          0          0        652   layers_nl_generic_float.o
       490          0          0          0          0        276   layers_pool_generic_float.o
      1336         28          0          0          0        860   lite_dense_if32.o
        52          6          0          0          0        116   lite_nl_generic_float.o
       172          4          0          0          0        116   lite_nl_relu_if32of32.o
       144          0          0          0          0        132   st_int8_fill.o
       488         62         48          0          0        236   expf.o
        38          0          0          0          0        116   fpclassifyf.o
        38         12          0          0          0        348   funder.o
        56          8          0          0          0         84   __0sscanf.o
        86          0          0          0          0          0   __dczerorl2.o
        28          0          0          0          0         68   _chval.o
       812          4          0          0          0        112   _scanf.o
       332          0          0          0          0         96   _scanf_int.o
        64          0          0          0          0         84   _sgetc.o
         8          4        133          0          0         68   ctype_o.o
         0          0          0          0          0          0   entry.o
         0          0          0          0          0          0   entry10a.o
         0          0          0          0          0          0   entry11a.o
         8          4          0          0          0          0   entry2.o
         4          0          0          0          0          0   entry5.o
         0          0          0          0          0          0   entry7b.o
         0          0          0          0          0          0   entry8b.o
         8          4          0          0          0          0   entry9a.o
        12          6          0          4          0         68   errno.o
        30          0          0          0          0          0   handlers.o
        36          8          0          0          0         68   init.o
        18          0          0          0          0         76   isspace_o.o
         0          0          0          0          0          0   iusefp.o
        30          0          0          0          0         68   llshl.o
        32          0          0          0          0         68   llushr.o
        26          0          0          0          0         80   memcmp.o
        36          0          0          0          0         68   memcpya.o
        36          0          0          0          0        108   memseta.o
        40          8          0          0          0         84   scanf_char.o
        18          0          0          0          0         68   strcpy.o
        14          0          0          0          0         68   strlen.o
        98          0          0          0          0         92   uldiv.o
        20          0          0          0          0         68   uread4.o
        18          0          0          0          0         68   uwrite4.o

    ----------------------------------------------------------------------
     10838        332        288          4          0      10484   Library Totals
        26          0          3          0          0          0   (incl. Padding)

    ----------------------------------------------------------------------

      Code (inc. data)   RO Data    RW Data    ZI Data      Debug   Library Name

      8378        212        104          0          0       8220   NetworkRuntime1020_CM4_Keil.lib
       564         74         48          0          0        700   m_wm.l
      1870         46        133          4          0       1564   mc_w.l

    ----------------------------------------------------------------------
     10838        332        288          4          0      10484   Library Totals

    ----------------------------------------------------------------------

==============================================================================


      Code (inc. data)   RO Data    RW Data    ZI Data      Debug   

     47292       6622       9800       3156      79452    1047536   Grand Totals
     47292       6622       9800       1064      79452    1047536   ELF Image Totals (compressed)
     47292       6622       9800       1064          0          0   ROM Totals

==============================================================================

    Total RO  Size (Code + RO Data)                57092 (  55.75kB)
    Total RW  Size (RW Data + ZI Data)             82608 (  80.67kB)
    Total ROM Size (Code + RO Data + RW Data)      58156 (  56.79kB)

==============================================================================

