Component: ARM Compiler 5.05 update 1 (build 106) Tool: armlink [4d0efa]

==============================================================================

Section Cross References

    startup_stm32f405xx.o(RESET) refers to startup_stm32f405xx.o(STACK) for __initial_sp
    startup_stm32f405xx.o(RESET) refers to startup_stm32f405xx.o(.text) for Reset_Handler
    startup_stm32f405xx.o(RESET) refers to stm32f4xx_it.o(i.NMI_Handler) for NMI_Handler
    startup_stm32f405xx.o(RESET) refers to context_rvds.o(.text) for HardFault_Handler
    startup_stm32f405xx.o(RESET) refers to stm32f4xx_it.o(i.MemManage_Handler) for MemManage_Handler
    startup_stm32f405xx.o(RESET) refers to stm32f4xx_it.o(i.BusFault_Handler) for BusFault_Handler
    startup_stm32f405xx.o(RESET) refers to stm32f4xx_it.o(i.UsageFault_Handler) for UsageFault_Handler
    startup_stm32f405xx.o(RESET) refers to stm32f4xx_it.o(i.DebugMon_Handler) for DebugMon_Handler
    startup_stm32f405xx.o(RESET) refers to board.o(i.SysTick_Handler) for SysTick_Handler
    startup_stm32f405xx.o(RESET) refers to stm32f4xx_it.o(i.DMA1_Stream1_IRQHandler) for DMA1_Stream1_IRQHandler
    startup_stm32f405xx.o(RESET) refers to stm32f4xx_it.o(i.DMA1_Stream5_IRQHandler) for DMA1_Stream5_IRQHandler
    startup_stm32f405xx.o(RESET) refers to stm32f4xx_it.o(i.CAN1_RX0_IRQHandler) for CAN1_RX0_IRQHandler
    startup_stm32f405xx.o(RESET) refers to stm32f4xx_it.o(i.USART2_IRQHandler) for USART2_IRQHandler
    startup_stm32f405xx.o(RESET) refers to stm32f4xx_it.o(i.USART3_IRQHandler) for USART3_IRQHandler
    startup_stm32f405xx.o(.text) refers to system_stm32f4xx.o(i.SystemInit) for SystemInit
    startup_stm32f405xx.o(.text) refers to entry.o(.ARM.Collect$$$$00000000) for __main
    myedge_ai_app.o(i.Model) refers to person_detection_wrapper.o(i.person_detection_predict) for person_detection_predict
    myedge_ai_app.o(i.Model) refers to myedge_ai_app.o(i.calc_260_sum) for calc_260_sum
    myedge_ai_app.o(i.Model) refers to myedge_ai_app.o(i.sensor_number) for sensor_number
    myedge_ai_app.o(i.Model) refers to myedge_ai_app.o(i.split_dual_matrix) for split_dual_matrix
    myedge_ai_app.o(i.Model) refers to myedge_ai_app.o(i.count_nonzero_in_upper_half) for count_nonzero_in_upper_half
    myedge_ai_app.o(i.Model) refers to myedge_ai_app.o(i.count_nonzero_in_lower_half) for count_nonzero_in_lower_half
    myedge_ai_app.o(i.Model) refers to myedge_ai_app.o(i.calc_sum_upper_half) for calc_sum_upper_half
    myedge_ai_app.o(i.Model) refers to myedge_ai_app.o(i.calc_sum_lower_half) for calc_sum_lower_half
    myedge_ai_app.o(i.Model) refers to myedge_ai_app.o(i.count_connected_components) for count_connected_components
    myedge_ai_app.o(i.Model) refers to myedge_ai_app.o(i.hybrid_classification_relative) for hybrid_classification_relative
    myedge_ai_app.o(i.Model) refers to myedge_ai_app.o(i.calculate_com) for calculate_com
    myedge_ai_app.o(i.Model) refers to ai_model_wrapper.o(i.ai_model_classify) for ai_model_classify
    myedge_ai_app.o(i.Model) refers to myedge_ai_app.o(.data) for s_person_count
    myedge_ai_app.o(i.ai_thread_entry) refers to ipc.o(i.rt_event_recv) for rt_event_recv
    myedge_ai_app.o(i.ai_thread_entry) refers to myedge_ai_app.o(i.Model) for Model
    myedge_ai_app.o(i.ai_thread_entry) refers to scheduler.o(i.rt_enter_critical) for rt_enter_critical
    myedge_ai_app.o(i.ai_thread_entry) refers to scheduler.o(i.rt_exit_critical) for rt_exit_critical
    myedge_ai_app.o(i.ai_thread_entry) refers to mysensor_deal.o(.bss) for data_ready_event
    myedge_ai_app.o(i.ai_thread_entry) refers to myedge_ai_app.o(.data) for s_person_count
    myedge_ai_app.o(i.ai_thread_init) refers to thread.o(i.rt_thread_init) for rt_thread_init
    myedge_ai_app.o(i.ai_thread_init) refers to thread.o(i.rt_thread_startup) for rt_thread_startup
    myedge_ai_app.o(i.ai_thread_init) refers to myedge_ai_app.o(.bss) for ai_thread_stack
    myedge_ai_app.o(i.ai_thread_init) refers to myedge_ai_app.o(i.ai_thread_entry) for ai_thread_entry
    myedge_ai_app.o(i.count_connected_components) refers to memseta.o(.text) for __aeabi_memclr4
    myedge_ai_app.o(i.detect_person_count) refers to myedge_ai_app.o(i.count_connected_components) for count_connected_components
    myedge_ai_app.o(i.detect_person_count) refers to myedge_ai_app.o(i.hybrid_classification) for hybrid_classification
    myedge_ai_app.o(i.split_dual_matrix) refers to kservice.o(i.rt_memset) for rt_memset
    myedge_ai_app.o(i.split_dual_matrix) refers to kservice.o(i.rt_memcpy) for rt_memcpy
    myedge_ai_app.o(.rti_fn.6) refers to myedge_ai_app.o(i.ai_thread_init) for ai_thread_init
    mysensor_deal.o(i.extract_mattress_frame) refers to kservice.o(i.rt_kprintf) for rt_kprintf
    mysensor_deal.o(i.extract_mattress_frame) refers to kservice.o(i.rt_memcmp) for rt_memcmp
    mysensor_deal.o(i.extract_mattress_frame) refers to kservice.o(i.rt_memcpy) for rt_memcpy
[...]
    HAL_UART_ErrorCallback                   0x08051f75   Thumb Code     2  stm32f4xx_hal_uart.o(i.HAL_UART_ErrorCallback)
    HAL_UART_IRQHandler                      0x08051f79   Thumb Code   772  stm32f4xx_hal_uart.o(i.HAL_UART_IRQHandler)
    HAL_UART_Init                            0x08052281   Thumb Code   118  stm32f4xx_hal_uart.o(i.HAL_UART_Init)
    HAL_UART_MspInit                         0x080522f9   Thumb Code   502  usart.o(i.HAL_UART_MspInit)
    HAL_UART_Receive_DMA                     0x08052515   Thumb Code    44  stm32f4xx_hal_uart.o(i.HAL_UART_Receive_DMA)
    HAL_UART_RxCpltCallback                  0x08052541   Thumb Code     2  stm32f4xx_hal_uart.o(i.HAL_UART_RxCpltCallback)
    HAL_UART_RxHalfCpltCallback              0x08052543   Thumb Code     2  stm32f4xx_hal_uart.o(i.HAL_UART_RxHalfCpltCallback)
    HAL_UART_Transmit                        0x08052545   Thumb Code   190  stm32f4xx_hal_uart.o(i.HAL_UART_Transmit)
    HAL_UART_TxCpltCallback                  0x08052603   Thumb Code     2  stm32f4xx_hal_uart.o(i.HAL_UART_TxCpltCallback)
    MX_DMA_Init                              0x08052605   Thumb Code    68  dma.o(i.MX_DMA_Init)
    MX_GPIO_Init                             0x0805264d   Thumb Code   170  gpio.o(i.MX_GPIO_Init)
    MX_USART2_UART_Init                      0x08052701   Thumb Code    44  usart.o(i.MX_USART2_UART_Init)
    MX_USART3_UART_Init                      0x08052739   Thumb Code    46  usart.o(i.MX_USART3_UART_Init)
    MemManage_Handler                        0x08052771   Thumb Code     4  stm32f4xx_it.o(i.MemManage_Handler)
    Model                                    0x08052775   Thumb Code  1238  myedge_ai_app.o(i.Model)
    NMI_Handler                              0x08052c5d   Thumb Code     8  stm32f4xx_it.o(i.NMI_Handler)
    Protocol_BuildFrame                      0x08052c65   Thumb Code   130  protocol_parser.o(i.Protocol_BuildFrame)
    Protocol_CRC16_CCITT                     0x08052ce7   Thumb Code    28  protocol_parser.o(i.Protocol_CRC16_CCITT)
    Protocol_ParseFrame                      0x08052d05   Thumb Code   490  protocol_parser.o(i.Protocol_ParseFrame)
    Protocol_SerializeFrame                  0x08052f45   Thumb Code   308  protocol_parser.o(i.Protocol_SerializeFrame)
    SEGGER_RTT_Init                          0x08053079   Thumb Code     8  segger_rtt.o(i.SEGGER_RTT_Init)
    SEGGER_RTT_Write                         0x08053081   Thumb Code    68  segger_rtt.o(i.SEGGER_RTT_Write)
    SEGGER_RTT_WriteNoLock                   0x080530c9   Thumb Code   126  segger_rtt.o(i.SEGGER_RTT_WriteNoLock)
    SEGGER_RTT_WriteString                   0x0805314d   Thumb Code    26  segger_rtt.o(i.SEGGER_RTT_WriteString)
    SEGGER_RTT_printf                        0x08053167   Thumb Code    34  segger_rtt_printf.o(i.SEGGER_RTT_printf)
    SEGGER_RTT_vprintf                       0x08053189   Thumb Code   522  segger_rtt_printf.o(i.SEGGER_RTT_vprintf)
    STMFLASH_GetFlashSector                  0x08053395   Thumb Code   116  myflash.o(i.STMFLASH_GetFlashSector)
    STM_Flash_Erase                          0x08053435   Thumb Code    64  myflash.o(i.STM_Flash_Erase)
    STM_Flash_Read                           0x08053475   Thumb Code    32  myflash.o(i.STM_Flash_Read)
    STM_Flash_ReadWord                       0x08053495   Thumb Code     6  myflash.o(i.STM_Flash_ReadWord)
    SysTick_Handler                          0x0805349b   Thumb Code    16  board.o(i.SysTick_Handler)
    SystemClock_Config                       0x080534ad   Thumb Code   174  main.o(i.SystemClock_Config)
    SystemCoreClockUpdate                    0x08053565   Thumb Code   160  system_stm32f4xx.o(i.SystemCoreClockUpdate)
    SystemInit                               0x08053619   Thumb Code    22  system_stm32f4xx.o(i.SystemInit)
    UART_Start_Receive_DMA                   0x08053b4d   Thumb Code   202  stm32f4xx_hal_uart.o(i.UART_Start_Receive_DMA)
    USART2_IRQHandler                        0x08053d11   Thumb Code    94  stm32f4xx_it.o(i.USART2_IRQHandler)
    USART3_IRQHandler                        0x08053d81   Thumb Code    94  stm32f4xx_it.o(i.USART3_IRQHandler)
    UsageFault_Handler                       0x08053df1   Thumb Code     4  stm32f4xx_it.o(i.UsageFault_Handler)
    __ARM_fpclassifyf                        0x0805416b   Thumb Code    38  fpclassifyf.o(i.__ARM_fpclassifyf)
    __hardfp_expf                            0x080542fd   Thumb Code   426  expf.o(i.__hardfp_expf)
    __mathlib_expf                           0x080542fd   Thumb Code     0  expf.o(i.__hardfp_expf)
    __mathlib_flt_infnan                     0x080544e5   Thumb Code     6  funder.o(i.__mathlib_flt_infnan)
    __mathlib_flt_overflow                   0x080544ed   Thumb Code    10  funder.o(i.__mathlib_flt_overflow)
    __mathlib_flt_underflow                  0x080544fd   Thumb Code    10  funder.o(i.__mathlib_flt_underflow)
    __rt_ffs                                 0x0805450d   Thumb Code    70  kservice.o(i.__rt_ffs)
    __set_errno                              0x08054559   Thumb Code     6  errno.o(i.__set_errno)
    ai_array_get_byte_size                   0x08055157   Thumb Code    40  ai_datatypes_format.o(i.ai_array_get_byte_size)
    ai_array_get_data_byte_size              0x0805517f   Thumb Code    30  ai_datatypes_format.o(i.ai_array_get_data_byte_size)
    ai_array_to_buffer_fmt                   0x0805519d   Thumb Code   248  ai_datatypes_format.o(i.ai_array_to_buffer_fmt)
    ai_buffer_array_sane                     0x080552c9   Thumb Code    18  ai_platform.o(i.ai_buffer_array_sane)
    ai_buffer_get_size                       0x080552dd   Thumb Code    96  ai_platform.o(i.ai_buffer_get_size)
    ai_check_custom_types                    0x08055345   Thumb Code    38  layers.o(i.ai_check_custom_types)
    ai_layers_destroy_all                    0x08055371   Thumb Code    54  layers.o(i.ai_layers_destroy_all)
    ai_layers_forward_all                    0x080553a7   Thumb Code    80  layers.o(i.ai_layers_forward_all)
    ai_layers_init_all                       0x080553f7   Thumb Code    30  layers.o(i.ai_layers_init_all)
    ai_layers_post_init_all                  0x08055415   Thumb Code    54  layers.o(i.ai_layers_post_init_all)
    ai_model_classify                        0x0805544d   Thumb Code   128  ai_model_wrapper.o(i.ai_model_classify)
    ai_model_init                            0x080554dd   Thumb Code   104  ai_model_wrapper.o(i.ai_model_init)
    ai_network_create                        0x0805554d   Thumb Code    30  network.o(i.ai_network_create)
    ai_network_data_activations_buffer_get   0x08055571   Thumb Code    52  network_data.o(i.ai_network_data_activations_buffer_get)
    ai_network_data_weights_buffer_get       0x080555a9   Thumb Code    52  network_data.o(i.ai_network_data_weights_buffer_get)
    ai_network_data_weights_get              0x080555e1   Thumb Code     4  network_data.o(i.ai_network_data_weights_get)
    ai_network_destroy                       0x080555e9   Thumb Code    12  network.o(i.ai_network_destroy)
    ai_network_init                          0x080555f5   Thumb Code    60  network.o(i.ai_network_init)
    ai_network_inputs_get                    0x08055631   Thumb Code    24  network.o(i.ai_network_inputs_get)
    ai_network_outputs_get                   0x08055651   Thumb Code    24  network.o(i.ai_network_outputs_get)
    ai_network_run                           0x08055671   Thumb Code    20  network.o(i.ai_network_run)
    ai_person_detection_create               0x08055685   Thumb Code    30  person_detection.o(i.ai_person_detection_create)
    ai_person_detection_data_activations_buffer_get 0x080556a9   Thumb Code    52  person_detection_data.o(i.ai_person_detection_data_activations_buffer_get)
    ai_person_detection_data_weights_buffer_get 0x080556e1   Thumb Code    52  person_detection_data.o(i.ai_person_detection_data_weights_buffer_get)
    ai_person_detection_data_weights_get     0x08055719   Thumb Code     4  person_detection_data.o(i.ai_person_detection_data_weights_get)
    ai_person_detection_destroy              0x08055721   Thumb Code    12  person_detection.o(i.ai_person_detection_destroy)
    ai_person_detection_init                 0x0805572d   Thumb Code    60  person_detection.o(i.ai_person_detection_init)
    ai_person_detection_inputs_get           0x08055769   Thumb Code    24  person_detection.o(i.ai_person_detection_inputs_get)
    ai_person_detection_outputs_get          0x08055789   Thumb Code    24  person_detection.o(i.ai_person_detection_outputs_get)
    ai_person_detection_run                  0x080557a9   Thumb Code    20  person_detection.o(i.ai_person_detection_run)
    ai_platform_context_acquire              0x080557bd   Thumb Code    14  ai_platform_interface.o(i.ai_platform_context_acquire)
    ai_platform_get_activations_map          0x080557d1   Thumb Code    38  ai_platform_interface.o(i.ai_platform_get_activations_map)
    ai_platform_get_weights_map              0x080557fd   Thumb Code    36  ai_platform_interface.o(i.ai_platform_get_weights_map)
    ai_platform_inputs_get                   0x08055825   Thumb Code    66  ai_platform_interface.o(i.ai_platform_inputs_get)
    ai_platform_network_create               0x08055869   Thumb Code   146  ai_platform_interface.o(i.ai_platform_network_create)
    ai_platform_network_destroy              0x08055905   Thumb Code    30  ai_platform_interface.o(i.ai_platform_network_destroy)
    ai_platform_network_init                 0x08055929   Thumb Code   262  ai_platform_interface.o(i.ai_platform_network_init)
    ai_platform_network_post_init            0x08055a41   Thumb Code    76  ai_platform_interface.o(i.ai_platform_network_post_init)
    ai_platform_network_process              0x08055a91   Thumb Code    84  ai_platform_interface.o(i.ai_platform_network_process)
    ai_platform_network_set_error            0x08055ae5   Thumb Code    12  ai_platform_interface.o(i.ai_platform_network_set_error)
    ai_platform_outputs_get                  0x08055af1   Thumb Code    72  ai_platform_interface.o(i.ai_platform_outputs_get)
    ai_thread_init                           0x08055bf5   Thumb Code    44  myedge_ai_app.o(i.ai_thread_init)
    ai_version_get                           0x08055c35   Thumb Code    12  ai_datatypes_internal.o(i.ai_version_get)
    bin_flash_erase                          0x08055c41   Thumb Code    24  myflash.o(i.bin_flash_erase)
    bin_flash_write                          0x08055c65   Thumb Code    92  myflash.o(i.bin_flash_write)
    calc_260_sum                             0x08055cc5   Thumb Code    26  myedge_ai_app.o(i.calc_260_sum)
    calc_sum_lower_half                      0x08055cdf   Thumb Code    24  myedge_ai_app.o(i.calc_sum_lower_half)
    calc_sum_upper_half                      0x08055cf7   Thumb Code    22  myedge_ai_app.o(i.calc_sum_upper_half)
    calculate_com                            0x08055d0d   Thumb Code   178  myedge_ai_app.o(i.calculate_com)
    core_init                                0x08056b35   Thumb Code     4  core_common.o(i.core_init)
    core_set_error                           0x08056b6b   Thumb Code    26  core_common.o(i.core_set_error)
    count_nonzero_in_lower_half              0x08056d19   Thumb Code    28  myedge_ai_app.o(i.count_nonzero_in_lower_half)
    count_nonzero_in_upper_half              0x08056d35   Thumb Code    26  myedge_ai_app.o(i.count_nonzero_in_upper_half)
    data_flash_write                         0x08056d51   Thumb Code    82  myflash.o(i.data_flash_write)
    extract_mattress_frame                   0x08056dad   Thumb Code   140  mysensor_deal.o(i.extract_mattress_frame)
    forward_ap                               0x08056e8d   Thumb Code   366  layers_pool_generic_float.o(i.forward_ap)
    forward_conv2d_if32of32wf32_nl_pool      0x08056ffb   Thumb Code   684  layers_conv2d_generic_float.o(i.forward_conv2d_if32of32wf32_nl_pool)
    forward_dense                            0x080572a9   Thumb Code   322  layers_conv2d_generic_float.o(i.forward_dense)
    forward_lite_conv2d_if32of32wf32_pool    0x080573f1   Thumb Code   640  forward_lite_conv2d_if32of32wf32.o(i.forward_lite_conv2d_if32of32wf32_pool)
    forward_lite_dense_if32of32wf32          0x08057675   Thumb Code   148  lite_dense_if32.o(i.forward_lite_dense_if32of32wf32)
    forward_lite_dense_if32of32wf32_lut4     0x0805770d   Thumb Code   168  lite_dense_if32.o(i.forward_lite_dense_if32of32wf32_lut4)
    forward_lite_dense_if32of32wf32_lut8     0x080577b9   Thumb Code   168  lite_dense_if32.o(i.forward_lite_dense_if32of32wf32_lut8)
    forward_lite_nl_relu_generic_if32of32_kernel 0x08057865   Thumb Code   168  lite_nl_relu_if32of32.o(i.forward_lite_nl_relu_generic_if32of32_kernel)
    forward_lite_nl_relu_if32of32            0x08057911   Thumb Code    46  lite_nl_generic_float.o(i.forward_lite_nl_relu_if32of32)
    forward_lite_nl_softmax_if32of32         0x08057945   Thumb Code    86  lite_nl_generic_float.o(i.forward_lite_nl_softmax_if32of32)
    forward_lite_nl_softmax_if32of32_kernel  0x0805799d   Thumb Code   158  lite_nl_softmax_if32of32.o(i.forward_lite_nl_softmax_if32of32_kernel)
    forward_relu                             0x08057a41   Thumb Code   202  layers_nl_generic_float.o(i.forward_relu)
    forward_sigmoid                          0x08057b11   Thumb Code    94  layers_nl_generic_float.o(i.forward_sigmoid)
    forward_sm                               0x08057b6f   Thumb Code   140  layers_nl_generic_float.o(i.forward_sm)
    get_tensor_byte_size                     0x08057dc1   Thumb Code    34  ai_datatypes_internal.o(i.get_tensor_byte_size)
    hex_dump_simple                          0x08057de9   Thumb Code    58  main.o(i.hex_dump_simple)
    $Super$$main                             0x08057fb5   Thumb Code   174  main.o(i.main)
    main_thread_entry                        0x08058171   Thumb Code    14  components.o(i.main_thread_entry)
    nl_func_sigmoid_array_f32                0x08058429   Thumb Code    72  layers_nl_generic_float.o(i.nl_func_sigmoid_array_f32)
    output_thread_init                       0x08058481   Thumb Code    62  myoutput_deal.o(i.output_thread_init)
    person_detection_init                    0x08058731   Thumb Code   104  person_detection_wrapper.o(i.person_detection_init)
    person_detection_predict                 0x080587a1   Thumb Code   172  person_detection_wrapper.o(i.person_detection_predict)
    pool_func_ap_kernel_array_f32            0x08058945   Thumb Code   124  layers_pool_generic_float.o(i.pool_func_ap_kernel_array_f32)
    pool_func_mp_array_f32                   0x080589c1   Thumb Code   420  forward_lite_pool_f32.o(i.pool_func_mp_array_f32)
    preprocess_1024_to_260                   0x08058b69   Thumb Code   190  mysensor_deal.o(i.preprocess_1024_to_260)
    rt_application_init                      0x08058dc1   Thumb Code    46  components.o(i.rt_application_init)
    rt_assert_handler                        0x08058e11   Thumb Code    56  kservice.o(i.rt_assert_handler)
    rt_components_init                       0x08058e85   Thumb Code    20  components.o(i.rt_components_init)
    rt_critical_level                        0x08058ea1   Thumb Code     8  scheduler.o(i.rt_critical_level)
    rt_enter_critical                        0x08058eed   Thumb Code    28  scheduler.o(i.rt_enter_critical)
    rt_event_init                            0x08058f0d   Thumb Code    64  ipc.o(i.rt_event_init)
    rt_event_recv                            0x08058fa1   Thumb Code   416  ipc.o(i.rt_event_recv)
    rt_event_send                            0x080591ed   Thumb Code   230  ipc.o(i.rt_event_send)
    rt_exit_critical                         0x080592f1   Thumb Code    60  scheduler.o(i.rt_exit_critical)
    rt_free                                  0x08059335   Thumb Code    30  kservice.o(i.rt_free)
    rt_heap_begin_get                        0x08059355   Thumb Code     4  board.o(i.rt_heap_begin_get)
    rt_heap_end_get                          0x0805935d   Thumb Code     4  board.o(i.rt_heap_end_get)
    rt_hw_board_init                         0x08059365   Thumb Code    52  board.o(i.rt_hw_board_init)
    rt_hw_console_output                     0x08059399   Thumb Code    58  board.o(i.rt_hw_console_output)
    rt_hw_hard_fault_exception               0x080593d5   Thumb Code   212  cpuport.o(i.rt_hw_hard_fault_exception)
    rt_hw_stack_init                         0x080595f9   Thumb Code    74  cpuport.o(i.rt_hw_stack_init)
    rt_interrupt_enter                       0x08059649   Thumb Code    30  irq.o(i.rt_interrupt_enter)
    rt_interrupt_get_nest                    0x0805966d   Thumb Code    22  irq.o(i.rt_interrupt_get_nest)
    rt_interrupt_leave                       0x08059689   Thumb Code    30  irq.o(i.rt_interrupt_leave)
    rt_kprintf                               0x080596ad   Thumb Code    46  kservice.o(i.rt_kprintf)
    rt_malloc                                0x0805976d   Thumb Code    32  kservice.o(i.rt_malloc)
    rt_memcmp                                0x08059791   Thumb Code    38  kservice.o(i.rt_memcmp)
    rt_memcpy                                0x080597b7   Thumb Code   124  kservice.o(i.rt_memcpy)
    rt_memmove                               0x08059833   Thumb Code    66  kservice.o(i.rt_memmove)
    rt_memset                                0x08059875   Thumb Code    72  kservice.o(i.rt_memset)
    rt_mutex_init                            0x080598bd   Thumb Code    62  ipc.o(i.rt_mutex_init)
    rt_mutex_release                         0x08059915   Thumb Code   328  ipc.o(i.rt_mutex_release)
    rt_mutex_take                            0x08059add   Thumb Code   396  ipc.o(i.rt_mutex_take)
    rt_object_allocate                       0x08059d15   Thumb Code   140  object.o(i.rt_object_allocate)
    rt_object_delete                         0x08059de9   Thumb Code    70  object.o(i.rt_object_delete)
    rt_object_detach                         0x08059e75   Thumb Code    44  object.o(i.rt_object_detach)
    rt_object_get_information                0x08059eb9   Thumb Code    36  object.o(i.rt_object_get_information)
    rt_object_get_type                       0x08059ee1   Thumb Code    26  object.o(i.rt_object_get_type)
    rt_object_init                           0x08059f15   Thumb Code   122  object.o(i.rt_object_init)
    rt_object_is_systemobject                0x08059fbd   Thumb Code    34  object.o(i.rt_object_is_systemobject)
    rt_schedule                              0x08059ff9   Thumb Code   276  scheduler.o(i.rt_schedule)
    rt_schedule_insert_thread                0x0805a121   Thumb Code   160  scheduler.o(i.rt_schedule_insert_thread)
    rt_schedule_remove_thread                0x0805a1e5   Thumb Code    94  scheduler.o(i.rt_schedule_remove_thread)
    rt_show_version                          0x0805a265   Thumb Code    42  kservice.o(i.rt_show_version)
    rt_smem_alloc                            0x0805a329   Thumb Code   450  mem.o(i.rt_smem_alloc)
    rt_smem_free                             0x0805a5a1   Thumb Code   206  mem.o(i.rt_smem_free)
    rt_smem_init                             0x0805a745   Thumb Code   176  mem.o(i.rt_smem_init)
    rt_sprintf                               0x0805a839   Thumb Code    34  kservice.o(i.rt_sprintf)
    rt_strlen                                0x0805a85b   Thumb Code    18  kservice.o(i.rt_strlen)
    rt_strncpy                               0x0805a86d   Thumb Code    52  kservice.o(i.rt_strncpy)
    rt_system_heap_init                      0x0805a8a1   Thumb Code    66  kservice.o(i.rt_system_heap_init)
    rt_system_scheduler_init                 0x0805a919   Thumb Code    42  scheduler.o(i.rt_system_scheduler_init)
    rt_system_scheduler_start                0x0805a951   Thumb Code    36  scheduler.o(i.rt_system_scheduler_start)
    rt_system_timer_init                     0x0805a979   Thumb Code    24  timer.o(i.rt_system_timer_init)
    rt_system_timer_thread_init              0x0805a995   Thumb Code     2  timer.o(i.rt_system_timer_thread_init)
    rt_thread_control                        0x0805a999   Thumb Code   182  thread.o(i.rt_thread_control)
    rt_thread_create                         0x0805aa6d   Thumb Code    80  thread.o(i.rt_thread_create)
    rt_thread_defunct_dequeue                0x0805aabd   Thumb Code    56  idle.o(i.rt_thread_defunct_dequeue)
    rt_thread_defunct_enqueue                0x0805aaf9   Thumb Code    24  idle.o(i.rt_thread_defunct_enqueue)
    rt_thread_delete                         0x0805ab15   Thumb Code   128  thread.o(i.rt_thread_delete)
    rt_thread_detach                         0x0805abed   Thumb Code   128  thread.o(i.rt_thread_detach)
    rt_thread_idle_init                      0x0805acc1   Thumb Code    74  idle.o(i.rt_thread_idle_init)
    rt_thread_init                           0x0805ad21   Thumb Code    78  thread.o(i.rt_thread_init)
    rt_thread_mdelay                         0x0805ada1   Thumb Code    20  thread.o(i.rt_thread_mdelay)
    rt_thread_resume                         0x0805adb5   Thumb Code   104  thread.o(i.rt_thread_resume)
    rt_thread_self                           0x0805ae39   Thumb Code     6  thread.o(i.rt_thread_self)
    rt_thread_sleep                          0x0805ae45   Thumb Code   104  thread.o(i.rt_thread_sleep)
    rt_thread_startup                        0x0805aec9   Thumb Code   102  thread.o(i.rt_thread_startup)
    rt_thread_suspend                        0x0805af85   Thumb Code   136  thread.o(i.rt_thread_suspend)
    rt_tick_from_millisecond                 0x0805b045   Thumb Code    56  clock.o(i.rt_tick_from_millisecond)
    rt_tick_get                              0x0805b07d   Thumb Code     6  clock.o(i.rt_tick_get)
    rt_tick_get_millisecond                  0x0805b089   Thumb Code     8  clock.o(i.rt_tick_get_millisecond)
    rt_tick_increase                         0x0805b091   Thumb Code    74  clock.o(i.rt_tick_increase)
    rt_timer_check                           0x0805b0e1   Thumb Code   172  timer.o(i.rt_timer_check)
    rt_timer_control                         0x0805b191   Thumb Code   162  timer.o(i.rt_timer_control)
    rt_timer_detach                          0x0805b2b1   Thumb Code    96  timer.o(i.rt_timer_detach)
    rt_timer_init                            0x0805b391   Thumb Code    94  timer.o(i.rt_timer_init)
    rt_timer_start                           0x0805b435   Thumb Code   276  timer.o(i.rt_timer_start)
    rt_timer_stop                            0x0805b5a5   Thumb Code    84  timer.o(i.rt_timer_stop)
    rt_vsnprintf                             0x0805b64d   Thumb Code   824  kservice.o(i.rt_vsnprintf)
    rt_vsprintf                              0x0805b98d   Thumb Code    22  kservice.o(i.rt_vsprintf)
    rtthread_startup                         0x0805b9b3   Thumb Code    42  components.o(i.rtthread_startup)
    sensor_number                            0x0805b9dd   Thumb Code    30  myedge_ai_app.o(i.sensor_number)
    sensor_thread_init                       0x0805baa1   Thumb Code    76  mysensor_deal.o(i.sensor_thread_init)
    split_dual_matrix                        0x0805bb53   Thumb Code    56  myedge_ai_app.o(i.split_dual_matrix)
    st_int8_copy                             0x0805bb8d   Thumb Code   144  st_int8_fill.o(i.st_int8_copy)
    FRAME_HEADER                             0x0805bdec   Data           4  mysensor_deal.o(.constdata)
    AHBPrescTable                            0x0805be3c   Data          16  system_stm32f4xx.o(.constdata)
    APBPrescTable                            0x0805be4c   Data           8  system_stm32f4xx.o(.constdata)
    __lowest_bit_bitmap                      0x0805c093   Data         256  kservice.o(.constdata)
    s_network_weights_array_u64              0x0805c5c0   Data        6152  network_data_params.o(.constdata)
    s_person_detection_weights_array_u64     0x0805df80   Data       62600  person_detection_data_params.o(.constdata)
    __ctype_table                            0x0806d4a0   Data         129  ctype_o.o(.constdata)
    g_person_count                           0x20000007   Data           1  myedge_ai_app.o(.data)
    g_posture_0                              0x20000008   Data           1  myedge_ai_app.o(.data)
    g_waist_x_0                              0x20000009   Data           1  myedge_ai_app.o(.data)
    g_waist_y_0                              0x2000000a   Data           1  myedge_ai_app.o(.data)
    g_posture_1                              0x2000000b   Data           1  myedge_ai_app.o(.data)
    g_waist_x_1                              0x2000000c   Data           1  myedge_ai_app.o(.data)
    g_waist_y_1                              0x2000000d   Data           1  myedge_ai_app.o(.data)
    Project_Version                          0x20000032   Data          16  main.o(.data)
    sensor_uart_rx_len                       0x20000042   Data           2  main.o(.data)
    output_uart_rx_len                       0x20000044   Data           2  main.o(.data)
    uwTick                                   0x2000005c   Data           4  stm32f4xx_hal.o(.data)
    uwTickPrio                               0x20000060   Data           4  stm32f4xx_hal.o(.data)
    uwTickFreq                               0x20000064   Data           1  stm32f4xx_hal.o(.data)
    SystemCoreClock                          0x20000068   Data           4  system_stm32f4xx.o(.data)
    rt_interrupt_from_thread                 0x2000006c   Data           4  cpuport.o(.data)
    rt_interrupt_to_thread                   0x20000070   Data           4  cpuport.o(.data)
    rt_thread_switch_interrupt_flag          0x20000074   Data           4  cpuport.o(.data)
    rt_interrupt_nest                        0x20000088   Data           1  irq.o(.data)
    rt_assert_hook                           0x200000c4   Data           4  kservice.o(.data)
    rt_thread_ready_priority_group           0x20000148   Data           4  scheduler.o(.data)
    rt_current_thread                        0x20000150   Data           4  scheduler.o(.data)
    rt_current_priority                      0x20000154   Data           1  scheduler.o(.data)
    g_network_data_map_activations           0x20000bd8   Data          28  network_data.o(.data)
    g_network_data_map_weights               0x20000bf4   Data          28  network_data.o(.data)
    g_network_activations_table              0x20000c10   Data          12  network_data_params.o(.data)
    g_network_weights_table                  0x20000c1c   Data          12  network_data_params.o(.data)
    g_person_detection_data_map_activations  0x2000154c   Data          28  person_detection_data.o(.data)
    g_person_detection_data_map_weights      0x20001568   Data          28  person_detection_data.o(.data)
    g_person_detection_activations_table     0x20001584   Data          12  person_detection_data_params.o(.data)
    g_person_detection_weights_table         0x20001590   Data          12  person_detection_data_params.o(.data)
    model                                    0x20005620   Data          20  myedge_ai_app.o(.bss)
    Origin_MattressData_Resize               0x20005e34   Data        1024  mysensor_deal.o(.bss)
    Origin_MattressData                      0x20006234   Data         260  mysensor_deal.o(.bss)
    uart_rx_event                            0x20006338   Data          32  mysensor_deal.o(.bss)
    data_ready_event                         0x20006358   Data          32  mysensor_deal.o(.bss)
    UploadSrcMattressData                    0x20006c1c   Data         260  myoutput_deal.o(.bss)
    output_uart_rx_event                     0x20008fc0   Data          32  myoutput_deal.o(.bss)
    sensor_uart_rx_buffer                    0x20009e24   Data        2048  main.o(.bss)
    output_uart_rx_buffer                    0x2000a624   Data        2176  main.o(.bss)
    pFlash                                   0x2000c500   Data          32  stm32f4xx_hal_flash.o(.bss)
    _SEGGER_RTT                              0x2000c520   Data         168  segger_rtt.o(.bss)
    rt_thread_priority_table                 0x2000cbfc   Data         256  scheduler.o(.bss)
    huart2                                   0x20010944   Data          72  usart.o(.bss)
    huart3                                   0x2001098c   Data          72  usart.o(.bss)
    huart6                                   0x200109d4   Data          72  usart.o(.bss)
    hdma_usart2_rx                           0x20010a1c   Data          96  usart.o(.bss)
    hdma_usart3_rx                           0x20010a7c   Data          96  usart.o(.bss)
    __initial_sp                             0x20014bc0   Data           0  startup_stm32f405xx.o(STACK)



==============================================================================

Memory Map of the image

  Image Entry point : 0x08040189

  Load Region LR_IROM1 (Base: 0x08040000, Size: 0x000017c0, Max: 0x00010000, ABSOLUTE, COMPRESSED[0x00000964])

    Execution Region ER_IROM1 (Exec base: 0x08040000, Load base: 0x08040000, Size: 0x00000220, Max: 0x00010000, ABSOLUTE)

    Exec Addr    Load Addr    Size         Type   Attr      Idx    E Section Name        Object

    0x08040000   0x08040000   0x00000188   Data   RO            3    RESET               startup_stm32f405xx.o
    0x08040188   0x08040188   0x00000000   Code   RO         6328  * .ARM.Collect$$$$00000000  mc_w.l(entry.o)
    0x08040188   0x08040188   0x00000004   Code   RO         6457    .ARM.Collect$$$$00000001  mc_w.l(entry2.o)
    0x0804018c   0x0804018c   0x00000004   Code   RO         6460    .ARM.Collect$$$$00000004  mc_w.l(entry5.o)
    0x08040190   0x08040190   0x00000000   Code   RO         6462    .ARM.Collect$$$$00000008  mc_w.l(entry7b.o)
    0x08040190   0x08040190   0x00000000   Code   RO         6464    .ARM.Collect$$$$0000000A  mc_w.l(entry8b.o)
    0x08040190   0x08040190   0x00000008   Code   RO         6465    .ARM.Collect$$$$0000000B  mc_w.l(entry9a.o)
    0x08040198   0x08040198   0x00000000   Code   RO         6467    .ARM.Collect$$$$0000000D  mc_w.l(entry10a.o)
    0x08040198   0x08040198   0x00000000   Code   RO         6469    .ARM.Collect$$$$0000000F  mc_w.l(entry11a.o)
    0x08040198   0x08040198   0x00000004   Code   RO         6458    .ARM.Collect$$$$00002712  mc_w.l(entry2.o)
    0x0804019c   0x0804019c   0x00000024   Code   RO         6497    .text               mc_w.l(init.o)
    0x080401c0   0x080401c0   0x0000000e   Code   RO         6510    i.__scatterload_copy  mc_w.l(handlers.o)
    0x080401ce   0x080401ce   0x00000002   Code   RO         6511    i.__scatterload_null  mc_w.l(handlers.o)
    0x080401d0   0x080401d0   0x0000000e   Code   RO         6512    i.__scatterload_zeroinit  mc_w.l(handlers.o)
    0x080401de   0x080401de   0x00000002   PAD
    0x080401e0   0x080401e0   0x00000004   Data   RO         3076    .rti_fn.0           components.o
    0x080401e4   0x080401e4   0x00000004   Data   RO         3077    .rti_fn.0.end       components.o
    0x080401e8   0x080401e8   0x00000004   Data   RO         4229    .rti_fn.1           board.o
    0x080401ec   0x080401ec   0x00000004   Data   RO         3078    .rti_fn.1.end       components.o
    0x080401f0   0x080401f0   0x00000004   Data   RO           33    .rti_fn.6           myedge_ai_app.o
    0x080401f4   0x080401f4   0x00000004   Data   RO          326    .rti_fn.6           mysensor_deal.o
    0x080401f8   0x080401f8   0x00000004   Data   RO          411    .rti_fn.6           myoutput_deal.o
    0x080401fc   0x080401fc   0x00000004   Data   RO         3079    .rti_fn.6.end       components.o
    0x08040200   0x08040200   0x00000020   Data   RO         6508    Region$$Table       anon$$obj.o


    Execution Region RW_IRAM1 (Exec base: 0x20000000, Load base: 0x08040220, Size: 0x00014bc0, Max: 0x0001c000, ABSOLUTE, COMPRESSED[0x00000744])

    Exec Addr    Load Addr    Size         Type   Attr      Idx    E Section Name        Object

    0x20000000   COMPRESSED   0x0000000e   Data   RW           32    .data               myedge_ai_app.o
    0x2000000e   COMPRESSED   0x00000002   PAD
    0x20000010   COMPRESSED   0x00000022   Data   RW          409    .data               myoutput_deal.o
    0x20000032   COMPRESSED   0x00000014   Data   RW          580    .data               main.o
    0x20000046   COMPRESSED   0x00000002   PAD
    0x20000048   COMPRESSED   0x00000008   Data   RW          702    .data               ai_model_wrapper.o
    0x20000050   COMPRESSED   0x0000000c   Data   RW          749    .data               person_detection_wrapper.o
    0x2000005c   COMPRESSED   0x00000009   Data   RW         2016    .data               stm32f4xx_hal.o
    0x20000065   COMPRESSED   0x00000003   PAD
    0x20000068   COMPRESSED   0x00000004   Data   RW         2623    .data               system_stm32f4xx.o
    0x2000006c   COMPRESSED   0x00000010   Data   RW         2993    .data               cpuport.o
    0x2000007c   COMPRESSED   0x00000004   Data   RW         3032    .data               clock.o
    0x20000080   COMPRESSED   0x00000008   Data   RW         3147    .data               idle.o
    0x20000088   COMPRESSED   0x00000001   Data   RW         3481    .data               irq.o
    0x20000089   COMPRESSED   0x00000003   PAD
    0x2000008c   COMPRESSED   0x0000003c   Data   RW         3549    .data               kservice.o
    0x200000c8   COMPRESSED   0x00000080   Data   RW         3830    .data               object.o
    0x20000148   COMPRESSED   0x0000000d   Data   RW         3911    .data               scheduler.o
    0x20000155   COMPRESSED   0x00000003   PAD
    0x20000158   COMPRESSED   0x0000000c   Data   RW         4125    .data               timer.o
    0x20000164   COMPRESSED   0x00000a54   Data   RW         4476    .data               network.o
    0x20000bb8   COMPRESSED   0x00000058   Data   RW         4725    .data               network_data.o
    0x20000c10   COMPRESSED   0x00000018   Data   RW         4772    .data               network_data_params.o
    0x20000c28   COMPRESSED   0x00000904   Data   RW         4803    .data               person_detection.o
    0x2000152c   COMPRESSED   0x00000058   Data   RW         4893    .data               person_detection_data.o
    0x20001584   COMPRESSED   0x00000018   Data   RW         4931    .data               person_detection_data_params.o
    0x2000159c   COMPRESSED   0x00000004   Data   RW         6480    .data               mc_w.l(errno.o)
    0x200015a0        -       0x00004094   Zero   RW           30    .bss                myedge_ai_app.o
    0x20005634        -       0x000015c4   Zero   RW          324    .bss                mysensor_deal.o
    0x20006bf8        -       0x0000322c   Zero   RW          406    .bss                myoutput_deal.o
    0x20009e24        -       0x00001080   Zero   RW          579    .bss                main.o
    0x2000aea4   COMPRESSED   0x0000001c   PAD
    0x2000aec0        -       0x0000129c   Zero   RW          701    .bss                ai_model_wrapper.o
    0x2000c15c   COMPRESSED   0x00000004   PAD
    0x2000c160        -       0x000003a0   Zero   RW          748    .bss                person_detection_wrapper.o
    0x2000c500        -       0x00000020   Zero   RW         1220    .bss                stm32f4xx_hal_flash.o
    0x2000c520        -       0x000004b8   Zero   RW         2691    .bss                segger_rtt.o
    0x2000c9d8        -       0x00000180   Zero   RW         3146    .bss                idle.o
    0x2000cb58        -       0x000000a4   Zero   RW         3546    .bss                kservice.o
    0x2000cbfc        -       0x00000100   Zero   RW         3909    .bss                scheduler.o
    0x2000ccfc        -       0x00003c48   Zero   RW         4228    .bss                board.o
    0x20010944        -       0x00000198   Zero   RW         4414    .bss                usart.o
    0x20010adc        -       0x00000088   Zero   RW         4473    .bss                network.o
    0x20010b64        -       0x00000058   Zero   RW         4800    .bss                person_detection.o
    0x20010bbc   COMPRESSED   0x00000004   PAD
    0x20010bc0        -       0x00004000   Zero   RW            1    STACK               startup_stm32f405xx.o


    Execution Region RW_IRAM2 (Exec base: 0x2001c000, Load base: 0x08040964, Size: 0x00000000, Max: 0x00004000, ABSOLUTE)

    **** No section assigned to this execution region ****



  Load Region LR_IROM_TAG (Base: 0x08050000, Size: 0x00000008, Max: 0x00000008, ABSOLUTE)

    Execution Region ER_IROM_TAG (Exec base: 0x08050000, Load base: 0x08050000, Size: 0x00000008, Max: 0x00000008, ABSOLUTE)

    Exec Addr    Load Addr    Size         Type   Attr      Idx    E Section Name        Object

    0x08050000   0x08050000   0x00000008   Data   RO          410    .iap_tag            myoutput_deal.o



  Load Region LR_IROM2 (Base: 0x08050008, Size: 0x0001d908, Max: 0x0004fff8, ABSOLUTE)

    Execution Region ER_IROM2 (Exec base: 0x08050008, Load base: 0x08050008, Size: 0x0001d908, Max: 0x0004fff8, ABSOLUTE)

    Exec Addr    Load Addr    Size         Type   Attr      Idx    E Section Name        Object

    0x08050008   0x08050008   0x00000024   Code   RO            4    .text               startup_stm32f405xx.o
    0x0805002c   0x0805002c   0x0000013c   Code   RO         2983    .text               context_rvds.o
    0x08050168   0x08050168   0x00000062   Code   RO         6331    .text               mc_w.l(uldiv.o)
    0x080501ca   0x080501ca   0x00000002   PAD
    0x080501cc   0x080501cc   0x00000008   Code   RO         6333    .text               mc_w.l(ctype_o.o)
    0x080501d4   0x080501d4   0x00000012   Code   RO         6355    .text               mc_w.l(isspace_o.o)
    0x080501e6   0x080501e6   0x00000024   Code   RO         6363    .text               mc_w.l(memcpya.o)
    0x0805020a   0x0805020a   0x00000024   Code   RO         6365    .text               mc_w.l(memseta.o)
    0x0805022e   0x0805022e   0x0000000e   Code   RO         6367    .text               mc_w.l(strlen.o)
    0x0805023c   0x0805023c   0x0000001a   Code   RO         6369    .text               mc_w.l(memcmp.o)
    0x08050256   0x08050256   0x00000012   Code   RO         6371    .text               mc_w.l(strcpy.o)
    0x08050268   0x08050268   0x00000014   Code   RO         6403    .text               mc_w.l(uread4.o)
    0x0805027c   0x0805027c   0x00000012   Code   RO         6405    .text               mc_w.l(uwrite4.o)
    0x0805028e   0x0805028e   0x00000002   PAD
    0x08050290   0x08050290   0x00000038   Code   RO         6407    .text               mc_w.l(__0sscanf.o)
    0x080502c8   0x080502c8   0x0000014c   Code   RO         6409    .text               mc_w.l(_scanf_int.o)
    0x08050414   0x08050414   0x0000001e   Code   RO         6471    .text               mc_w.l(llshl.o)
    0x08050432   0x08050432   0x00000020   Code   RO         6473    .text               mc_w.l(llushr.o)
    0x08050452   0x08050452   0x0000001c   Code   RO         6484    .text               mc_w.l(_chval.o)
    0x0805046e   0x0805046e   0x00000002   PAD
    0x08050470   0x08050470   0x00000028   Code   RO         6486    .text               mc_w.l(scanf_char.o)
    0x08050498   0x08050498   0x00000040   Code   RO         6488    .text               mc_w.l(_sgetc.o)
    0x080504d8   0x080504d8   0x00000000   Code   RO         6490    .text               mc_w.l(iusefp.o)
    0x080504d8   0x080504d8   0x0000032c   Code   RO         6501    .text               mc_w.l(_scanf.o)
    0x08050804   0x08050804   0x00000056   Code   RO         6516    .text               mc_w.l(__dczerorl2.o)
    0x0805085a   0x0805085a   0x0000000a   Code   RO         3065    i.$Sub$$main        components.o
    0x08050864   0x08050864   0x00000004   Code   RO         4279    i.BusFault_Handler  stm32f4xx_it.o
    0x08050868   0x08050868   0x00000002   Code   RO         4280    i.CAN1_RX0_IRQHandler  stm32f4xx_it.o
    0x0805086a   0x0805086a   0x00000002   PAD
    0x0805086c   0x0805086c   0x00000010   Code   RO         4281    i.DMA1_Stream1_IRQHandler  stm32f4xx_it.o
    0x0805087c   0x0805087c   0x00000010   Code   RO         4282    i.DMA1_Stream5_IRQHandler  stm32f4xx_it.o
    0x0805088c   0x0805088c   0x00000034   Code   RO         1551    i.DMA_CalcBaseAndBitshift  stm32f4xx_hal_dma.o
    0x080508c0   0x080508c0   0x000000aa   Code   RO         1552    i.DMA_CheckFifoParam  stm32f4xx_hal_dma.o
    0x0805096a   0x0805096a   0x0000002c   Code   RO         1553    i.DMA_SetConfig     stm32f4xx_hal_dma.o
    0x08050996   0x08050996   0x00000002   Code   RO         4283    i.DebugMon_Handler  stm32f4xx_it.o
    0x08050998   0x08050998   0x00000006   Code   RO          574    i.Error_Handler     main.o
    0x0805099e   0x0805099e   0x00000002   PAD
    0x080509a0   0x080509a0   0x0000005c   Code   RO         1321    i.FLASH_Erase_Sector  stm32f4xx_hal_flash_ex.o
    0x080509fc   0x080509fc   0x00000078   Code   RO         1322    i.FLASH_FlushCaches  stm32f4xx_hal_flash_ex.o
    0x08050a74   0x08050a74   0x00000030   Code   RO         1323    i.FLASH_MassErase   stm32f4xx_hal_flash_ex.o
    0x08050aa4   0x08050aa4   0x00000024   Code   RO         1203    i.FLASH_Program_Byte  stm32f4xx_hal_flash.o
    0x08050ac8   0x08050ac8   0x00000030   Code   RO         1204    i.FLASH_Program_DoubleWord  stm32f4xx_hal_flash.o
    0x08050af8   0x08050af8   0x00000028   Code   RO         1205    i.FLASH_Program_HalfWord  stm32f4xx_hal_flash.o
    0x08050b20   0x08050b20   0x00000028   Code   RO         1206    i.FLASH_Program_Word  stm32f4xx_hal_flash.o
    0x08050b48   0x08050b48   0x00000098   Code   RO         1207    i.FLASH_SetErrorCode  stm32f4xx_hal_flash.o
    0x08050be0   0x08050be0   0x00000064   Code   RO         1208    i.FLASH_WaitForLastOperation  stm32f4xx_hal_flash.o
    0x08050c44   0x08050c44   0x000000ac   Code   RO         1554    i.HAL_DMA_Abort     stm32f4xx_hal_dma.o
    0x08050cf0   0x08050cf0   0x00000028   Code   RO         1555    i.HAL_DMA_Abort_IT  stm32f4xx_hal_dma.o
    0x08050d18   0x08050d18   0x00000240   Code   RO         1559    i.HAL_DMA_IRQHandler  stm32f4xx_hal_dma.o
    0x08050f58   0x08050f58   0x000000ec   Code   RO         1560    i.HAL_DMA_Init      stm32f4xx_hal_dma.o
    0x08051044   0x08051044   0x00000092   Code   RO         1564    i.HAL_DMA_Start_IT  stm32f4xx_hal_dma.o
    0x080510d6   0x080510d6   0x00000002   PAD
    0x080510d8   0x080510d8   0x000000ac   Code   RO         1333    i.HAL_FLASHEx_Erase  stm32f4xx_hal_flash_ex.o
    0x08051184   0x08051184   0x00000014   Code   RO         1212    i.HAL_FLASH_Lock    stm32f4xx_hal_flash.o
    0x08051198   0x08051198   0x00000090   Code   RO         1217    i.HAL_FLASH_Program  stm32f4xx_hal_flash.o
    0x08051228   0x08051228   0x00000034   Code   RO         1219    i.HAL_FLASH_Unlock  stm32f4xx_hal_flash.o
    0x0805125c   0x0805125c   0x000001f4   Code   RO         1447    i.HAL_GPIO_Init     stm32f4xx_hal_gpio.o
    0x08051450   0x08051450   0x00000014   Code   RO         1450    i.HAL_GPIO_TogglePin  stm32f4xx_hal_gpio.o
    0x08051464   0x08051464   0x0000000c   Code   RO         1451    i.HAL_GPIO_WritePin  stm32f4xx_hal_gpio.o
    0x08051470   0x08051470   0x0000000c   Code   RO         2002    i.HAL_GetTick       stm32f4xx_hal.o
    0x0805147c   0x0805147c   0x0000003c   Code   RO         2009    i.HAL_Init          stm32f4xx_hal.o
    0x080514b8   0x080514b8   0x0000004c   Code   RO         2010    i.HAL_InitTick      stm32f4xx_hal.o
    0x08051504   0x08051504   0x00000048   Code   RO          789    i.HAL_MspInit       stm32f4xx_hal_msp.o
    0x0805154c   0x0805154c   0x00000028   Code   RO         1839    i.HAL_NVIC_EnableIRQ  stm32f4xx_hal_cortex.o
    0x08051574   0x08051574   0x0000007c   Code   RO         1845    i.HAL_NVIC_SetPriority  stm32f4xx_hal_cortex.o
    0x080515f0   0x080515f0   0x00000028   Code   RO         1846    i.HAL_NVIC_SetPriorityGrouping  stm32f4xx_hal_cortex.o
    0x08051618   0x08051618   0x00000002   Code   RO         1047    i.HAL_RCC_CSSCallback  stm32f4xx_hal_rcc.o
    0x0805161a   0x0805161a   0x00000002   PAD
    0x0805161c   0x0805161c   0x00000184   Code   RO         1048    i.HAL_RCC_ClockConfig  stm32f4xx_hal_rcc.o
    0x080517a0   0x080517a0   0x0000000c   Code   RO         1051    i.HAL_RCC_EnableCSS  stm32f4xx_hal_rcc.o
    0x080517ac   0x080517ac   0x0000000c   Code   RO         1053    i.HAL_RCC_GetHCLKFreq  stm32f4xx_hal_rcc.o
    0x080517b8   0x080517b8   0x00000020   Code   RO         1055    i.HAL_RCC_GetPCLK1Freq  stm32f4xx_hal_rcc.o
    0x080517d8   0x080517d8   0x00000020   Code   RO         1056    i.HAL_RCC_GetPCLK2Freq  stm32f4xx_hal_rcc.o
    0x080517f8   0x080517f8   0x000000b0   Code   RO         1057    i.HAL_RCC_GetSysClockFreq  stm32f4xx_hal_rcc.o
    0x080518a8   0x080518a8   0x00000020   Code   RO         1059    i.HAL_RCC_NMI_IRQHandler  stm32f4xx_hal_rcc.o
    0x080518c8   0x080518c8   0x0000049c   Code   RO         1060    i.HAL_RCC_OscConfig  stm32f4xx_hal_rcc.o
    0x08051d64   0x08051d64   0x00000034   Code   RO         1850    i.HAL_SYSTICK_Config  stm32f4xx_hal_cortex.o
    0x08051d98   0x08051d98   0x00000002   Code   RO         2259    i.HAL_UARTEx_RxEventCallback  stm32f4xx_hal_uart.o
    0x08051d9a   0x08051d9a   0x000000a6   Code   RO         2269    i.HAL_UART_DMAPause  stm32f4xx_hal_uart.o
    0x08051e40   0x08051e40   0x000000aa   Code   RO         2270    i.HAL_UART_DMAResume  stm32f4xx_hal_uart.o
    0x08051eea   0x08051eea   0x0000008a   Code   RO         2271    i.HAL_UART_DMAStop  stm32f4xx_hal_uart.o
    0x08051f74   0x08051f74   0x00000002   Code   RO         2273    i.HAL_UART_ErrorCallback  stm32f4xx_hal_uart.o
    0x08051f76   0x08051f76   0x00000002   PAD
    0x08051f78   0x08051f78   0x00000308   Code   RO         2276    i.HAL_UART_IRQHandler  stm32f4xx_hal_uart.o
    0x08052280   0x08052280   0x00000076   Code   RO         2277    i.HAL_UART_Init     stm32f4xx_hal_uart.o
    0x080522f6   0x080522f6   0x00000002   PAD
    0x080522f8   0x080522f8   0x0000021c   Code   RO         4410    i.HAL_UART_MspInit  usart.o
    0x08052514   0x08052514   0x0000002c   Code   RO         2281    i.HAL_UART_Receive_DMA  stm32f4xx_hal_uart.o
    0x08052540   0x08052540   0x00000002   Code   RO         2283    i.HAL_UART_RxCpltCallback  stm32f4xx_hal_uart.o
    0x08052542   0x08052542   0x00000002   Code   RO         2284    i.HAL_UART_RxHalfCpltCallback  stm32f4xx_hal_uart.o
    0x08052544   0x08052544   0x000000be   Code   RO         2285    i.HAL_UART_Transmit  stm32f4xx_hal_uart.o
    0x08052602   0x08052602   0x00000002   Code   RO         2288    i.HAL_UART_TxCpltCallback  stm32f4xx_hal_uart.o
    0x08052604   0x08052604   0x00000048   Code   RO         4361    i.MX_DMA_Init       dma.o
    0x0805264c   0x0805264c   0x000000b4   Code   RO         4385    i.MX_GPIO_Init      gpio.o
    0x08052700   0x08052700   0x00000038   Code   RO         4411    i.MX_USART2_UART_Init  usart.o
    0x08052738   0x08052738   0x00000038   Code   RO         4412    i.MX_USART3_UART_Init  usart.o
    0x08052770   0x08052770   0x00000004   Code   RO         4284    i.MemManage_Handler  stm32f4xx_it.o
    0x08052774   0x08052774   0x000004e8   Code   RO           13    i.Model             myedge_ai_app.o
    0x08052c5c   0x08052c5c   0x00000008   Code   RO         4285    i.NMI_Handler       stm32f4xx_it.o
    0x08052c64   0x08052c64   0x00000082   Code   RO          470    i.Protocol_BuildFrame  protocol_parser.o
    0x08052ce6   0x08052ce6   0x0000001c   Code   RO          471    i.Protocol_CRC16_CCITT  protocol_parser.o
    0x08052d02   0x08052d02   0x00000002   PAD
    0x08052d04   0x08052d04   0x00000240   Code   RO          472    i.Protocol_ParseFrame  protocol_parser.o
    0x08052f44   0x08052f44   0x00000134   Code   RO          473    i.Protocol_SerializeFrame  protocol_parser.o
    0x08053078   0x08053078   0x00000008   Code   RO         2664    i.SEGGER_RTT_Init   segger_rtt.o
    0x08053080   0x08053080   0x00000048   Code   RO         2679    i.SEGGER_RTT_Write  segger_rtt.o
    0x080530c8   0x080530c8   0x00000084   Code   RO         2682    i.SEGGER_RTT_WriteNoLock  segger_rtt.o
    0x0805314c   0x0805314c   0x0000001a   Code   RO         2684    i.SEGGER_RTT_WriteString  segger_rtt.o
    0x08053166   0x08053166   0x00000022   Code   RO         2887    i.SEGGER_RTT_printf  segger_rtt_printf.o
    0x08053188   0x08053188   0x0000020a   Code   RO         2888    i.SEGGER_RTT_vprintf  segger_rtt_printf.o
    0x08053392   0x08053392   0x00000002   PAD
    0x08053394   0x08053394   0x000000a0   Code   RO          508    i.STMFLASH_GetFlashSector  myflash.o
    0x08053434   0x08053434   0x00000040   Code   RO          509    i.STM_Flash_Erase   myflash.o
    0x08053474   0x08053474   0x00000020   Code   RO          510    i.STM_Flash_Read    myflash.o
    0x08053494   0x08053494   0x00000006   Code   RO          511    i.STM_Flash_ReadWord  myflash.o
    0x0805349a   0x0805349a   0x00000010   Code   RO         4222    i.SysTick_Handler   board.o
    0x080534aa   0x080534aa   0x00000002   PAD
    0x080534ac   0x080534ac   0x000000b8   Code   RO          575    i.SystemClock_Config  main.o
    0x08053564   0x08053564   0x000000b4   Code   RO         2620    i.SystemCoreClockUpdate  system_stm32f4xx.o
    0x08053618   0x08053618   0x00000020   Code   RO         2621    i.SystemInit        system_stm32f4xx.o
    0x08053638   0x08053638   0x00000012   Code   RO         2290    i.UART_DMAAbortOnError  stm32f4xx_hal_uart.o
    0x0805364a   0x0805364a   0x00000050   Code   RO         2291    i.UART_DMAError     stm32f4xx_hal_uart.o
    0x0805369a   0x0805369a   0x000000b4   Code   RO         2292    i.UART_DMAReceiveCplt  stm32f4xx_hal_uart.o
    0x0805374e   0x0805374e   0x00000024   Code   RO         2294    i.UART_DMARxHalfCplt  stm32f4xx_hal_uart.o
    0x08053772   0x08053772   0x0000006c   Code   RO         2300    i.UART_EndRxTransfer  stm32f4xx_hal_uart.o
    0x080537de   0x080537de   0x00000020   Code   RO         2301    i.UART_EndTransmit_IT  stm32f4xx_hal_uart.o
    0x080537fe   0x080537fe   0x00000026   Code   RO         2302    i.UART_EndTxTransfer  stm32f4xx_hal_uart.o
    0x08053824   0x08053824   0x000000fc   Code   RO         2303    i.UART_Receive_IT   stm32f4xx_hal_uart.o
    0x08053920   0x08053920   0x0000022c   Code   RO         2304    i.UART_SetConfig    stm32f4xx_hal_uart.o
    0x08053b4c   0x08053b4c   0x000000d8   Code   RO         2305    i.UART_Start_Receive_DMA  stm32f4xx_hal_uart.o
    0x08053c24   0x08053c24   0x00000060   Code   RO         2307    i.UART_Transmit_IT  stm32f4xx_hal_uart.o
    0x08053c84   0x08053c84   0x0000008c   Code   RO         2308    i.UART_WaitOnFlagUntilTimeout  stm32f4xx_hal_uart.o
    0x08053d10   0x08053d10   0x00000070   Code   RO         4286    i.USART2_IRQHandler  stm32f4xx_it.o
    0x08053d80   0x08053d80   0x00000070   Code   RO         4287    i.USART3_IRQHandler  stm32f4xx_it.o
    0x08053df0   0x08053df0   0x00000004   Code   RO         4288    i.UsageFault_Handler  stm32f4xx_it.o
    0x08053df4   0x08053df4   0x00000070   Code   RO         2686    i._DoInit           segger_rtt.o
    0x08053e64   0x08053e64   0x0000001c   Code   RO         2687    i._GetAvailWriteSpace  segger_rtt.o
    0x08053e80   0x08053e80   0x000000ec   Code   RO         2889    i._PrintInt         segger_rtt_printf.o
    0x08053f6c   0x08053f6c   0x000000ec   Code   RO         2890    i._PrintUnsigned    segger_rtt_printf.o
    0x08054058   0x08054058   0x00000044   Code   RO         2891    i._StoreChar        segger_rtt_printf.o
    0x0805409c   0x0805409c   0x00000076   Code   RO         2689    i._WriteBlocking    segger_rtt.o
    0x08054112   0x08054112   0x00000058   Code   RO         2690    i._WriteNoCheck     segger_rtt.o
    0x0805416a   0x0805416a   0x00000026   Code   RO         6419    i.__ARM_fpclassifyf  m_wm.l(fpclassifyf.o)
    0x08054190   0x08054190   0x00000010   Code   RO         1852    i.__NVIC_GetPriorityGrouping  stm32f4xx_hal_cortex.o
    0x080541a0   0x080541a0   0x00000028   Code   RO         1853    i.__NVIC_SetPriority  stm32f4xx_hal_cortex.o
    0x080541c8   0x080541c8   0x00000134   Code   RO         5493    i.__ai_math_dot_array  NetworkRuntime1020_CM4_Keil.lib(lite_dense_if32.o)
    0x080542fc   0x080542fc   0x000001e8   Code   RO         6216    i.__hardfp_expf     m_wm.l(expf.o)
    0x080544e4   0x080544e4   0x00000006   Code   RO         6422    i.__mathlib_flt_infnan  m_wm.l(funder.o)
    0x080544ea   0x080544ea   0x00000002   PAD
    0x080544ec   0x080544ec   0x00000010   Code   RO         6425    i.__mathlib_flt_overflow  m_wm.l(funder.o)
    0x080544fc   0x080544fc   0x00000010   Code   RO         6427    i.__mathlib_flt_underflow  m_wm.l(funder.o)
    0x0805450c   0x0805450c   0x0000004c   Code   RO         3505    i.__rt_ffs          kservice.o
    0x08054558   0x08054558   0x0000000c   Code   RO         6479    i.__set_errno       mc_w.l(errno.o)
    0x08054564   0x08054564   0x00000012   Code   RO         5419    i._ai_forward_layer  NetworkRuntime1020_CM4_Keil.lib(layers.o)
    0x08054576   0x08054576   0x00000002   PAD
    0x08054578   0x08054578   0x000000e0   Code   RO         4960    i._ai_platform_get_io_buffers_info  NetworkRuntime1020_CM4_Keil.lib(ai_platform_interface.o)
    0x08054658   0x08054658   0x00000078   Code   RO         5447    i._final_pooling_buffer_reorder  NetworkRuntime1020_CM4_Keil.lib(forward_lite_conv2d_if32of32wf32.o)
    0x080546d0   0x080546d0   0x00000038   Code   RO         5071    i._forward_lite_nl_relu_thresholded_if32of32  NetworkRuntime1020_CM4_Keil.lib(layers_nl_generic_float.o)
    0x08054708   0x08054708   0x00000020   Code   RO         5360    i._get_lut_size     NetworkRuntime1020_CM4_Keil.lib(ai_datatypes_format.o)
    0x08054728   0x08054728   0x0000001c   Code   RO         3506    i._heap_lock        kservice.o
    0x08054744   0x08054744   0x00000038   Code   RO         3507    i._heap_unlock      kservice.o
    0x0805477c   0x0805477c   0x00000018   Code   RO         3186    i._ipc_list_resume  ipc.o
    0x08054794   0x08054794   0x00000080   Code   RO         3188    i._ipc_list_suspend  ipc.o
    0x08054814   0x08054814   0x00000010   Code   RO         3189    i._ipc_object_init  ipc.o
    0x08054824   0x08054824   0x0000012c   Code   RO         5494    i._lite_dict4_dot_array_f32  NetworkRuntime1020_CM4_Keil.lib(lite_dense_if32.o)
    0x08054950   0x08054950   0x000000e8   Code   RO         5495    i._lite_dict8_dot_array_f32  NetworkRuntime1020_CM4_Keil.lib(lite_dense_if32.o)
    0x08054a38   0x08054a38   0x0000004c   Code   RO         4961    i._platform_ai_buffer_array_copy  NetworkRuntime1020_CM4_Keil.lib(ai_platform_interface.o)
    0x08054a84   0x08054a84   0x00000050   Code   RO         4962    i._platform_get_table_map_from_buffer  NetworkRuntime1020_CM4_Keil.lib(ai_platform_interface.o)
    0x08054ad4   0x08054ad4   0x00000044   Code   RO         4963    i._platform_get_table_map_from_buffer_array  NetworkRuntime1020_CM4_Keil.lib(ai_platform_interface.o)
    0x08054b18   0x08054b18   0x00000014   Code   RO         4964    i._platform_network_buffers_signature_valid  NetworkRuntime1020_CM4_Keil.lib(ai_platform_interface.o)
    0x08054b2c   0x08054b2c   0x00000210   Code   RO         4965    i._platform_network_io_bind  NetworkRuntime1020_CM4_Keil.lib(ai_platform_interface.o)
    0x08054d3c   0x08054d3c   0x0000003e   Code   RO         4966    i._platform_network_state_setup  NetworkRuntime1020_CM4_Keil.lib(ai_platform_interface.o)
    0x08054d7a   0x08054d7a   0x00000068   Code   RO         4967    i._platform_network_state_update_input  NetworkRuntime1020_CM4_Keil.lib(ai_platform_interface.o)
    0x08054de2   0x08054de2   0x0000007c   Code   RO         4968    i._platform_network_state_update_output  NetworkRuntime1020_CM4_Keil.lib(ai_platform_interface.o)
    0x08054e5e   0x08054e5e   0x00000002   PAD
    0x08054e60   0x08054e60   0x00000028   Code   RO         3899    i._scheduler_get_highest_priority_thread  scheduler.o
    0x08054e88   0x08054e88   0x000000c4   Code   RO         3900    i._scheduler_stack_check  scheduler.o
    0x08054f4c   0x08054f4c   0x00000034   Code   RO         3984    i._thread_exit      thread.o
    0x08054f80   0x08054f80   0x000000bc   Code   RO         3985    i._thread_init      thread.o
    0x0805503c   0x0805503c   0x000000bc   Code   RO         3986    i._thread_timeout   thread.o
    0x080550f8   0x080550f8   0x00000042   Code   RO         4106    i._timer_init       timer.o
    0x0805513a   0x0805513a   0x0000001c   Code   RO         4108    i._timer_remove     timer.o
    0x08055156   0x08055156   0x00000028   Code   RO         5365    i.ai_array_get_byte_size  NetworkRuntime1020_CM4_Keil.lib(ai_datatypes_format.o)
    0x0805517e   0x0805517e   0x0000001e   Code   RO         5366    i.ai_array_get_data_byte_size  NetworkRuntime1020_CM4_Keil.lib(ai_datatypes_format.o)
    0x0805519c   0x0805519c   0x0000012c   Code   RO         5368    i.ai_array_to_buffer_fmt  NetworkRuntime1020_CM4_Keil.lib(ai_datatypes_format.o)
    0x080552c8   0x080552c8   0x00000012   Code   RO         4947    i.ai_buffer_array_sane  NetworkRuntime1020_CM4_Keil.lib(ai_platform.o)
    0x080552da   0x080552da   0x00000002   PAD
    0x080552dc   0x080552dc   0x00000068   Code   RO         4949    i.ai_buffer_get_size  NetworkRuntime1020_CM4_Keil.lib(ai_platform.o)
    0x08055344   0x08055344   0x0000002c   Code   RO         5421    i.ai_check_custom_types  NetworkRuntime1020_CM4_Keil.lib(layers.o)
    0x08055370   0x08055370   0x00000036   Code   RO         5424    i.ai_layers_destroy_all  NetworkRuntime1020_CM4_Keil.lib(layers.o)
    0x080553a6   0x080553a6   0x00000050   Code   RO         5425    i.ai_layers_forward_all  NetworkRuntime1020_CM4_Keil.lib(layers.o)
    0x080553f6   0x080553f6   0x0000001e   Code   RO         5426    i.ai_layers_init_all  NetworkRuntime1020_CM4_Keil.lib(layers.o)
    0x08055414   0x08055414   0x00000036   Code   RO         5427    i.ai_layers_post_init_all  NetworkRuntime1020_CM4_Keil.lib(layers.o)
    0x0805544a   0x0805544a   0x00000002   PAD
    0x0805544c   0x0805544c   0x00000090   Code   RO          698    i.ai_model_classify  ai_model_wrapper.o
    0x080554dc   0x080554dc   0x00000070   Code   RO          700    i.ai_model_init     ai_model_wrapper.o
    0x0805554c   0x0805554c   0x00000024   Code   RO         4460    i.ai_network_create  network.o
    0x08055570   0x08055570   0x00000038   Code   RO         4720    i.ai_network_data_activations_buffer_get  network_data.o
    0x080555a8   0x080555a8   0x00000038   Code   RO         4722    i.ai_network_data_weights_buffer_get  network_data.o
    0x080555e0   0x080555e0   0x00000008   Code   RO         4723    i.ai_network_data_weights_get  network_data.o
    0x080555e8   0x080555e8   0x0000000c   Code   RO         4462    i.ai_network_destroy  network.o
    0x080555f4   0x080555f4   0x0000003c   Code   RO         4467    i.ai_network_init   network.o
    0x08055630   0x08055630   0x00000020   Code   RO         4468    i.ai_network_inputs_get  network.o
    0x08055650   0x08055650   0x00000020   Code   RO         4469    i.ai_network_outputs_get  network.o
    0x08055670   0x08055670   0x00000014   Code   RO         4470    i.ai_network_run    network.o
    0x08055684   0x08055684   0x00000024   Code   RO         4787    i.ai_person_detection_create  person_detection.o
    0x080556a8   0x080556a8   0x00000038   Code   RO         4888    i.ai_person_detection_data_activations_buffer_get  person_detection_data.o
    0x080556e0   0x080556e0   0x00000038   Code   RO         4890    i.ai_person_detection_data_weights_buffer_get  person_detection_data.o
    0x08055718   0x08055718   0x00000008   Code   RO         4891    i.ai_person_detection_data_weights_get  person_detection_data.o
    0x08055720   0x08055720   0x0000000c   Code   RO         4789    i.ai_person_detection_destroy  person_detection.o
    0x0805572c   0x0805572c   0x0000003c   Code   RO         4794    i.ai_person_detection_init  person_detection.o
    0x08055768   0x08055768   0x00000020   Code   RO         4795    i.ai_person_detection_inputs_get  person_detection.o
    0x08055788   0x08055788   0x00000020   Code   RO         4796    i.ai_person_detection_outputs_get  person_detection.o
    0x080557a8   0x080557a8   0x00000014   Code   RO         4797    i.ai_person_detection_run  person_detection.o
    0x080557bc   0x080557bc   0x00000014   Code   RO         4973    i.ai_platform_context_acquire  NetworkRuntime1020_CM4_Keil.lib(ai_platform_interface.o)
    0x080557d0   0x080557d0   0x0000002c   Code   RO         4975    i.ai_platform_get_activations_map  NetworkRuntime1020_CM4_Keil.lib(ai_platform_interface.o)
    0x080557fc   0x080557fc   0x00000028   Code   RO         4976    i.ai_platform_get_weights_map  NetworkRuntime1020_CM4_Keil.lib(ai_platform_interface.o)
    0x08055824   0x08055824   0x00000042   Code   RO         4977    i.ai_platform_inputs_get  NetworkRuntime1020_CM4_Keil.lib(ai_platform_interface.o)
    0x08055866   0x08055866   0x00000002   PAD
    0x08055868   0x08055868   0x0000009c   Code   RO         4979    i.ai_platform_network_create  NetworkRuntime1020_CM4_Keil.lib(ai_platform_interface.o)
    0x08055904   0x08055904   0x00000024   Code   RO         4980    i.ai_platform_network_destroy  NetworkRuntime1020_CM4_Keil.lib(ai_platform_interface.o)
    0x08055928   0x08055928   0x00000118   Code   RO         4982    i.ai_platform_network_init  NetworkRuntime1020_CM4_Keil.lib(ai_platform_interface.o)
    0x08055a40   0x08055a40   0x00000050   Code   RO         4983    i.ai_platform_network_post_init  NetworkRuntime1020_CM4_Keil.lib(ai_platform_interface.o)
    0x08055a90   0x08055a90   0x00000054   Code   RO         4984    i.ai_platform_network_process  NetworkRuntime1020_CM4_Keil.lib(ai_platform_interface.o)
    0x08055ae4   0x08055ae4   0x0000000c   Code   RO         4985    i.ai_platform_network_set_error  NetworkRuntime1020_CM4_Keil.lib(ai_platform_interface.o)
    0x08055af0   0x08055af0   0x00000048   Code   RO         4991    i.ai_platform_outputs_get  NetworkRuntime1020_CM4_Keil.lib(ai_platform_interface.o)
    0x08055b38   0x08055b38   0x0000001a   Code   RO         5072    i.ai_shape_get_size  NetworkRuntime1020_CM4_Keil.lib(layers_nl_generic_float.o)
    0x08055b52   0x08055b52   0x00000002   PAD
    0x08055b54   0x08055b54   0x000000a0   Code   RO           14    i.ai_thread_entry   myedge_ai_app.o
    0x08055bf4   0x08055bf4   0x00000040   Code   RO           15    i.ai_thread_init    myedge_ai_app.o
    0x08055c34   0x08055c34   0x0000000c   Code   RO         5390    i.ai_version_get    NetworkRuntime1020_CM4_Keil.lib(ai_datatypes_internal.o)
    0x08055c40   0x08055c40   0x00000024   Code   RO          513    i.bin_flash_erase   myflash.o
    0x08055c64   0x08055c64   0x00000060   Code   RO          514    i.bin_flash_write   myflash.o
    0x08055cc4   0x08055cc4   0x0000001a   Code   RO           16    i.calc_260_sum      myedge_ai_app.o
    0x08055cde   0x08055cde   0x00000018   Code   RO           17    i.calc_sum_lower_half  myedge_ai_app.o
    0x08055cf6   0x08055cf6   0x00000016   Code   RO           18    i.calc_sum_upper_half  myedge_ai_app.o
    0x08055d0c   0x08055d0c   0x000000b8   Code   RO           19    i.calculate_com     myedge_ai_app.o
    0x08055dc4   0x08055dc4   0x00000d70   Code   RO          398    i.comm_state_machine_run  myoutput_deal.o
    0x08056b34   0x08056b34   0x00000004   Code   RO         5401    i.core_init         NetworkRuntime1020_CM4_Keil.lib(core_common.o)
    0x08056b38   0x08056b38   0x00000010   Code   RO         5035    i.core_nl_get_params_byte_size  NetworkRuntime1020_CM4_Keil.lib(layers_conv2d_generic_float.o)
    0x08056b48   0x08056b48   0x00000012   Code   RO         5036    i.core_nl_get_params_ptr  NetworkRuntime1020_CM4_Keil.lib(layers_conv2d_generic_float.o)
    0x08056b5a   0x08056b5a   0x00000010   Code   RO         5037    i.core_nl_get_params_stride  NetworkRuntime1020_CM4_Keil.lib(layers_conv2d_generic_float.o)
    0x08056b6a   0x08056b6a   0x0000001a   Code   RO         5402    i.core_set_error    NetworkRuntime1020_CM4_Keil.lib(core_common.o)
    0x08056b84   0x08056b84   0x00000194   Code   RO           20    i.count_connected_components  myedge_ai_app.o
    0x08056d18   0x08056d18   0x0000001c   Code   RO           21    i.count_nonzero_in_lower_half  myedge_ai_app.o
    0x08056d34   0x08056d34   0x0000001a   Code   RO           22    i.count_nonzero_in_upper_half  myedge_ai_app.o
    0x08056d4e   0x08056d4e   0x00000002   PAD
    0x08056d50   0x08056d50   0x0000005c   Code   RO          515    i.data_flash_write  myflash.o
    0x08056dac   0x08056dac   0x000000e0   Code   RO          318    i.extract_mattress_frame  mysensor_deal.o
    0x08056e8c   0x08056e8c   0x0000016e   Code   RO         5256    i.forward_ap        NetworkRuntime1020_CM4_Keil.lib(layers_pool_generic_float.o)
    0x08056ffa   0x08056ffa   0x000002ac   Code   RO         5041    i.forward_conv2d_if32of32wf32_nl_pool  NetworkRuntime1020_CM4_Keil.lib(layers_conv2d_generic_float.o)
    0x080572a6   0x080572a6   0x00000002   PAD
    0x080572a8   0x080572a8   0x00000148   Code   RO         5042    i.forward_dense     NetworkRuntime1020_CM4_Keil.lib(layers_conv2d_generic_float.o)
    0x080573f0   0x080573f0   0x00000284   Code   RO         5451    i.forward_lite_conv2d_if32of32wf32_pool  NetworkRuntime1020_CM4_Keil.lib(forward_lite_conv2d_if32of32wf32.o)
    0x08057674   0x08057674   0x00000098   Code   RO         5496    i.forward_lite_dense_if32of32wf32  NetworkRuntime1020_CM4_Keil.lib(lite_dense_if32.o)
    0x0805770c   0x0805770c   0x000000ac   Code   RO         5497    i.forward_lite_dense_if32of32wf32_lut4  NetworkRuntime1020_CM4_Keil.lib(lite_dense_if32.o)
    0x080577b8   0x080577b8   0x000000ac   Code   RO         5498    i.forward_lite_dense_if32of32wf32_lut8  NetworkRuntime1020_CM4_Keil.lib(lite_dense_if32.o)
    0x08057864   0x08057864   0x000000ac   Code   RO         5484    i.forward_lite_nl_relu_generic_if32of32_kernel  NetworkRuntime1020_CM4_Keil.lib(lite_nl_relu_if32of32.o)
    0x08057910   0x08057910   0x00000034   Code   RO         5296    i.forward_lite_nl_relu_if32of32  NetworkRuntime1020_CM4_Keil.lib(lite_nl_generic_float.o)
    0x08057944   0x08057944   0x00000056   Code   RO         5307    i.forward_lite_nl_softmax_if32of32  NetworkRuntime1020_CM4_Keil.lib(lite_nl_generic_float.o)
    0x0805799a   0x0805799a   0x00000002   PAD
    0x0805799c   0x0805799c   0x000000a4   Code   RO         5473    i.forward_lite_nl_softmax_if32of32_kernel  NetworkRuntime1020_CM4_Keil.lib(lite_nl_softmax_if32of32.o)
    0x08057a40   0x08057a40   0x000000d0   Code   RO         5098    i.forward_relu      NetworkRuntime1020_CM4_Keil.lib(layers_nl_generic_float.o)
    0x08057b10   0x08057b10   0x0000005e   Code   RO         5103    i.forward_sigmoid   NetworkRuntime1020_CM4_Keil.lib(layers_nl_generic_float.o)
    0x08057b6e   0x08057b6e   0x0000008c   Code   RO         5107    i.forward_sm        NetworkRuntime1020_CM4_Keil.lib(layers_nl_generic_float.o)
    0x08057bfa   0x08057bfa   0x00000002   PAD
    0x08057bfc   0x08057bfc   0x00000182   Code   RO         5456    i.fw_lite_conv2d_kernel_simple_opt_f32  NetworkRuntime1020_CM4_Keil.lib(forward_lite_conv2d_if32of32wf32.o)
    0x08057d7e   0x08057d7e   0x00000002   PAD
    0x08057d80   0x08057d80   0x00000040   Code   RO          400    i.get_sw_version    myoutput_deal.o
    0x08057dc0   0x08057dc0   0x00000028   Code   RO         5391    i.get_tensor_byte_size  NetworkRuntime1020_CM4_Keil.lib(ai_datatypes_internal.o)
    0x08057de8   0x08057de8   0x00000048   Code   RO          577    i.hex_dump_simple   main.o
    0x08057e30   0x08057e30   0x000000f8   Code   RO           27    i.hybrid_classification_relative  myedge_ai_app.o
    0x08057f28   0x08057f28   0x0000008c   Code   RO          401    i.iap_result_report  myoutput_deal.o
    0x08057fb4   0x08057fb4   0x000001bc   Code   RO          578    i.main              main.o
    0x08058170   0x08058170   0x0000000e   Code   RO         3066    i.main_thread_entry  components.o
    0x0805817e   0x0805817e   0x00000002   PAD
    0x08058180   0x08058180   0x00000010   Code   RO          319    i.myUSART2_DMA_Disable  mysensor_deal.o
    0x08058190   0x08058190   0x00000010   Code   RO          320    i.myUSART2_DMA_Enable  mysensor_deal.o
    0x080581a0   0x080581a0   0x00000144   Code   RO         4471    i.network_configure_activations  network.o
    0x080582e4   0x080582e4   0x00000144   Code   RO         4472    i.network_configure_weights  network.o
    0x08058428   0x08058428   0x00000048   Code   RO         5147    i.nl_func_sigmoid_array_f32  NetworkRuntime1020_CM4_Keil.lib(layers_nl_generic_float.o)
    0x08058470   0x08058470   0x0000000e   Code   RO          402    i.output_thread_entry  myoutput_deal.o
    0x0805847e   0x0805847e   0x00000002   PAD
    0x08058480   0x08058480   0x00000068   Code   RO          403    i.output_thread_init  myoutput_deal.o
    0x080584e8   0x080584e8   0x000000f0   Code   RO         4798    i.person_detection_configure_activations  person_detection.o
    0x080585d8   0x080585d8   0x00000158   Code   RO         4799    i.person_detection_configure_weights  person_detection.o
    0x08058730   0x08058730   0x00000070   Code   RO          746    i.person_detection_init  person_detection_wrapper.o
    0x080587a0   0x080587a0   0x000000bc   Code   RO          747    i.person_detection_predict  person_detection_wrapper.o
    0x0805885c   0x0805885c   0x000000e8   Code   RO         3762    i.plug_holes        mem.o
    0x08058944   0x08058944   0x0000007c   Code   RO         5258    i.pool_func_ap_kernel_array_f32  NetworkRuntime1020_CM4_Keil.lib(layers_pool_generic_float.o)
    0x080589c0   0x080589c0   0x000001a8   Code   RO         5265    i.pool_func_mp_array_f32  NetworkRuntime1020_CM4_Keil.lib(forward_lite_pool_f32.o)
    0x08058b68   0x08058b68   0x000000be   Code   RO          321    i.preprocess_1024_to_260  mysensor_deal.o
    0x08058c26   0x08058c26   0x00000002   PAD
    0x08058c28   0x08058c28   0x00000198   Code   RO         3509    i.print_number      kservice.o
    0x08058dc0   0x08058dc0   0x00000050   Code   RO         3067    i.rt_application_init  components.o
    0x08058e10   0x08058e10   0x00000074   Code   RO         3510    i.rt_assert_handler  kservice.o
    0x08058e84   0x08058e84   0x0000001c   Code   RO         3069    i.rt_components_init  components.o
    0x08058ea0   0x08058ea0   0x0000000c   Code   RO         3901    i.rt_critical_level  scheduler.o
    0x08058eac   0x08058eac   0x0000003e   Code   RO         3140    i.rt_defunct_execute  idle.o
    0x08058eea   0x08058eea   0x00000002   PAD
    0x08058eec   0x08058eec   0x00000020   Code   RO         3902    i.rt_enter_critical  scheduler.o
    0x08058f0c   0x08058f0c   0x00000094   Code   RO         3194    i.rt_event_init     ipc.o
    0x08058fa0   0x08058fa0   0x0000024c   Code   RO         3195    i.rt_event_recv     ipc.o
    0x080591ec   0x080591ec   0x00000104   Code   RO         3196    i.rt_event_send     ipc.o
    0x080592f0   0x080592f0   0x00000044   Code   RO         3903    i.rt_exit_critical  scheduler.o
    0x08059334   0x08059334   0x0000001e   Code   RO         3513    i.rt_free           kservice.o
    0x08059352   0x08059352   0x00000002   PAD
    0x08059354   0x08059354   0x00000008   Code   RO         4223    i.rt_heap_begin_get  board.o
    0x0805935c   0x0805935c   0x00000008   Code   RO         4224    i.rt_heap_end_get   board.o
    0x08059364   0x08059364   0x00000034   Code   RO         4225    i.rt_hw_board_init  board.o
    0x08059398   0x08059398   0x0000003a   Code   RO         4226    i.rt_hw_console_output  board.o
    0x080593d2   0x080593d2   0x00000002   PAD
    0x080593d4   0x080593d4   0x00000224   Code   RO         2990    i.rt_hw_hard_fault_exception  cpuport.o
    0x080595f8   0x080595f8   0x00000050   Code   RO         2991    i.rt_hw_stack_init  cpuport.o
    0x08059648   0x08059648   0x00000024   Code   RO         3478    i.rt_interrupt_enter  irq.o
    0x0805966c   0x0805966c   0x0000001c   Code   RO         3479    i.rt_interrupt_get_nest  irq.o
    0x08059688   0x08059688   0x00000024   Code   RO         3480    i.rt_interrupt_leave  irq.o
    0x080596ac   0x080596ac   0x00000034   Code   RO         3518    i.rt_kprintf        kservice.o
    0x080596e0   0x080596e0   0x00000006   Code   RO         3197    i.rt_list_init      ipc.o
    0x080596e6   0x080596e6   0x00000006   Code   RO         4109    i.rt_list_init      timer.o
    0x080596ec   0x080596ec   0x0000000e   Code   RO         3817    i.rt_list_insert_after  object.o
    0x080596fa   0x080596fa   0x0000000e   Code   RO         4110    i.rt_list_insert_after  timer.o
    0x08059708   0x08059708   0x0000000e   Code   RO         3198    i.rt_list_insert_before  ipc.o
    0x08059716   0x08059716   0x00000010   Code   RO         3199    i.rt_list_isempty   ipc.o
    0x08059726   0x08059726   0x00000010   Code   RO         4111    i.rt_list_isempty   timer.o
    0x08059736   0x08059736   0x00000012   Code   RO         3818    i.rt_list_remove    object.o
    0x08059748   0x08059748   0x00000012   Code   RO         3987    i.rt_list_remove    thread.o
    0x0805975a   0x0805975a   0x00000012   Code   RO         4112    i.rt_list_remove    timer.o
    0x0805976c   0x0805976c   0x00000024   Code   RO         3520    i.rt_malloc         kservice.o
    0x08059790   0x08059790   0x00000026   Code   RO         3522    i.rt_memcmp         kservice.o
    0x080597b6   0x080597b6   0x0000007c   Code   RO         3523    i.rt_memcpy         kservice.o
    0x08059832   0x08059832   0x00000042   Code   RO         3524    i.rt_memmove        kservice.o
    0x08059874   0x08059874   0x00000048   Code   RO         3526    i.rt_memset         kservice.o
    0x080598bc   0x080598bc   0x00000058   Code   RO         3222    i.rt_mutex_init     ipc.o
    0x08059914   0x08059914   0x000001c8   Code   RO         3223    i.rt_mutex_release  ipc.o
    0x08059adc   0x08059adc   0x00000238   Code   RO         3224    i.rt_mutex_take     ipc.o
    0x08059d14   0x08059d14   0x000000d4   Code   RO         3819    i.rt_object_allocate  object.o
    0x08059de8   0x08059de8   0x0000008c   Code   RO         3820    i.rt_object_delete  object.o
    0x08059e74   0x08059e74   0x00000044   Code   RO         3821    i.rt_object_detach  object.o
    0x08059eb8   0x08059eb8   0x00000028   Code   RO         3823    i.rt_object_get_information  object.o
    0x08059ee0   0x08059ee0   0x00000034   Code   RO         3826    i.rt_object_get_type  object.o
    0x08059f14   0x08059f14   0x000000a8   Code   RO         3827    i.rt_object_init    object.o
    0x08059fbc   0x08059fbc   0x0000003c   Code   RO         3828    i.rt_object_is_systemobject  object.o
    0x08059ff8   0x08059ff8   0x00000128   Code   RO         3904    i.rt_schedule       scheduler.o
    0x0805a120   0x0805a120   0x000000c4   Code   RO         3905    i.rt_schedule_insert_thread  scheduler.o
    0x0805a1e4   0x0805a1e4   0x00000080   Code   RO         3906    i.rt_schedule_remove_thread  scheduler.o
    0x0805a264   0x0805a264   0x000000c4   Code   RO         3529    i.rt_show_version   kservice.o
    0x0805a328   0x0805a328   0x00000278   Code   RO         3763    i.rt_smem_alloc     mem.o
    0x0805a5a0   0x0805a5a0   0x000001a4   Code   RO         3765    i.rt_smem_free      mem.o
    0x0805a744   0x0805a744   0x000000f4   Code   RO         3766    i.rt_smem_init      mem.o
    0x0805a838   0x0805a838   0x00000022   Code   RO         3531    i.rt_sprintf        kservice.o
    0x0805a85a   0x0805a85a   0x00000012   Code   RO         3537    i.rt_strlen         kservice.o
    0x0805a86c   0x0805a86c   0x00000034   Code   RO         3539    i.rt_strncpy        kservice.o
    0x0805a8a0   0x0805a8a0   0x00000078   Code   RO         3542    i.rt_system_heap_init  kservice.o
    0x0805a918   0x0805a918   0x00000038   Code   RO         3907    i.rt_system_scheduler_init  scheduler.o
    0x0805a950   0x0805a950   0x00000028   Code   RO         3908    i.rt_system_scheduler_start  scheduler.o
    0x0805a978   0x0805a978   0x0000001c   Code   RO         4113    i.rt_system_timer_init  timer.o
    0x0805a994   0x0805a994   0x00000002   Code   RO         4114    i.rt_system_timer_thread_init  timer.o
    0x0805a996   0x0805a996   0x00000002   PAD
    0x0805a998   0x0805a998   0x000000d4   Code   RO         3988    i.rt_thread_control  thread.o
    0x0805aa6c   0x0805aa6c   0x00000050   Code   RO         3989    i.rt_thread_create  thread.o
    0x0805aabc   0x0805aabc   0x0000003c   Code   RO         3141    i.rt_thread_defunct_dequeue  idle.o
    0x0805aaf8   0x0805aaf8   0x0000001c   Code   RO         3142    i.rt_thread_defunct_enqueue  idle.o
    0x0805ab14   0x0805ab14   0x000000d8   Code   RO         3992    i.rt_thread_delete  thread.o
    0x0805abec   0x0805abec   0x000000cc   Code   RO         3993    i.rt_thread_detach  thread.o
    0x0805acb8   0x0805acb8   0x00000008   Code   RO         3143    i.rt_thread_idle_entry  idle.o
    0x0805acc0   0x0805acc0   0x00000060   Code   RO         3145    i.rt_thread_idle_init  idle.o
    0x0805ad20   0x0805ad20   0x00000080   Code   RO         3995    i.rt_thread_init    thread.o
    0x0805ada0   0x0805ada0   0x00000014   Code   RO         3996    i.rt_thread_mdelay  thread.o
    0x0805adb4   0x0805adb4   0x00000084   Code   RO         3997    i.rt_thread_resume  thread.o
    0x0805ae38   0x0805ae38   0x0000000c   Code   RO         3998    i.rt_thread_self    thread.o
    0x0805ae44   0x0805ae44   0x00000084   Code   RO         3999    i.rt_thread_sleep   thread.o
    0x0805aec8   0x0805aec8   0x000000bc   Code   RO         4000    i.rt_thread_startup  thread.o
    0x0805af84   0x0805af84   0x000000c0   Code   RO         4001    i.rt_thread_suspend  thread.o
    0x0805b044   0x0805b044   0x00000038   Code   RO         3027    i.rt_tick_from_millisecond  clock.o
    0x0805b07c   0x0805b07c   0x0000000c   Code   RO         3028    i.rt_tick_get       clock.o
    0x0805b088   0x0805b088   0x00000008   Code   RO         3029    i.rt_tick_get_millisecond  clock.o
    0x0805b090   0x0805b090   0x00000050   Code   RO         3030    i.rt_tick_increase  clock.o
    0x0805b0e0   0x0805b0e0   0x000000b0   Code   RO         4115    i.rt_timer_check    timer.o
    0x0805b190   0x0805b190   0x00000120   Code   RO         4116    i.rt_timer_control  timer.o
    0x0805b2b0   0x0805b2b0   0x000000e0   Code   RO         4119    i.rt_timer_detach   timer.o
    0x0805b390   0x0805b390   0x000000a4   Code   RO         4120    i.rt_timer_init     timer.o
    0x0805b434   0x0805b434   0x00000170   Code   RO         4122    i.rt_timer_start    timer.o
    0x0805b5a4   0x0805b5a4   0x000000a8   Code   RO         4123    i.rt_timer_stop     timer.o
    0x0805b64c   0x0805b64c   0x00000340   Code   RO         3543    i.rt_vsnprintf      kservice.o
    0x0805b98c   0x0805b98c   0x00000016   Code   RO         3544    i.rt_vsprintf       kservice.o
    0x0805b9a2   0x0805b9a2   0x00000004   Code   RO         3070    i.rti_board_end     components.o
    0x0805b9a6   0x0805b9a6   0x00000004   Code   RO         3071    i.rti_board_start   components.o
    0x0805b9aa   0x0805b9aa   0x00000004   Code   RO         3072    i.rti_end           components.o
    0x0805b9ae   0x0805b9ae   0x00000004   Code   RO         3073    i.rti_start         components.o
    0x0805b9b2   0x0805b9b2   0x0000002a   Code   RO         3074    i.rtthread_startup  components.o
    0x0805b9dc   0x0805b9dc   0x0000001e   Code   RO           28    i.sensor_number     myedge_ai_app.o
    0x0805b9fa   0x0805b9fa   0x00000002   PAD
    0x0805b9fc   0x0805b9fc   0x000000a4   Code   RO          322    i.sensor_thread_entry  mysensor_deal.o
    0x0805baa0   0x0805baa0   0x0000008c   Code   RO          323    i.sensor_thread_init  mysensor_deal.o
    0x0805bb2c   0x0805bb2c   0x00000026   Code   RO         3545    i.skip_atoi         kservice.o
    0x0805bb52   0x0805bb52   0x00000038   Code   RO           29    i.split_dual_matrix  myedge_ai_app.o
    0x0805bb8a   0x0805bb8a   0x00000002   PAD
    0x0805bb8c   0x0805bb8c   0x00000090   Code   RO         6051    i.st_int8_copy      NetworkRuntime1020_CM4_Keil.lib(st_int8_fill.o)
    0x0805bc1c   0x0805bc1c   0x00000004   Code   RO         4227    i.uart_init         board.o
    0x0805bc20   0x0805bc20   0x00000110   Code   RO          404    i.upload_StatusPackage  myoutput_deal.o
    0x0805bd30   0x0805bd30   0x000000a4   Code   RO          405    i.upload_devide_info  myoutput_deal.o
    0x0805bdd4   0x0805bdd4   0x00000018   Code   RO          474    i.xor_crypt         protocol_parser.o
    0x0805bdec   0x0805bdec   0x00000004   Data   RO          325    .constdata          mysensor_deal.o
    0x0805bdf0   0x0805bdf0   0x00000044   Data   RO          407    .constdata          myoutput_deal.o
    0x0805be34   0x0805be34   0x00000008   Data   RO         1566    .constdata          stm32f4xx_hal_dma.o
    0x0805be3c   0x0805be3c   0x00000018   Data   RO         2622    .constdata          system_stm32f4xx.o
    0x0805be54   0x0805be54   0x00000010   Data   RO         2892    .constdata          segger_rtt_printf.o
    0x0805be64   0x0805be64   0x00000014   Data   RO         3075    .constdata          components.o
    0x0805be78   0x0805be78   0x0000021b   Data   RO         3234    .constdata          ipc.o
    0x0805c093   0x0805c093   0x00000143   Data   RO         3547    .constdata          kservice.o
    0x0805c1d6   0x0805c1d6   0x00000045   Data   RO         3768    .constdata          mem.o
    0x0805c21b   0x0805c21b   0x00000080   Data   RO         3829    .constdata          object.o
    0x0805c29b   0x0805c29b   0x0000004b   Data   RO         3910    .constdata          scheduler.o
    0x0805c2e6   0x0805c2e6   0x000000bb   Data   RO         4003    .constdata          thread.o
    0x0805c3a1   0x0805c3a1   0x0000006c   Data   RO         4124    .constdata          timer.o
    0x0805c40d   0x0805c40d   0x00000003   PAD
    0x0805c410   0x0805c410   0x00000148   Data   RO         4474    .constdata          network.o
    0x0805c558   0x0805c558   0x00000068   Data   RO         4724    .constdata          network_data.o
    0x0805c5c0   0x0805c5c0   0x00001808   Data   RO         4771    .constdata          network_data_params.o
    0x0805ddc8   0x0805ddc8   0x00000150   Data   RO         4801    .constdata          person_detection.o
    0x0805df18   0x0805df18   0x00000068   Data   RO         4892    .constdata          person_detection_data.o
    0x0805df80   0x0805df80   0x0000f488   Data   RO         4930    .constdata          person_detection_data_params.o
    0x0806d408   0x0806d408   0x00000068   Data   RO         4994    .constdata          NetworkRuntime1020_CM4_Keil.lib(ai_platform_interface.o)
    0x0806d470   0x0806d470   0x00000030   Data   RO         6219    .constdata          m_wm.l(expf.o)
    0x0806d4a0   0x0806d4a0   0x00000081   Data   RO         6334    .constdata          mc_w.l(ctype_o.o)
    0x0806d521   0x0806d521   0x00000003   PAD
    0x0806d524   0x0806d524   0x00000004   Data   RO         6335    .constdata          mc_w.l(ctype_o.o)
    0x0806d528   0x0806d528   0x0000004b   Data   RO          408    .conststring        myoutput_deal.o
    0x0806d573   0x0806d573   0x00000001   PAD
    0x0806d574   0x0806d574   0x00000087   Data   RO         3235    .conststring        ipc.o
    0x0806d5fb   0x0806d5fb   0x00000001   PAD
    0x0806d5fc   0x0806d5fc   0x00000058   Data   RO         3548    .conststring        kservice.o
    0x0806d654   0x0806d654   0x000001a8   Data   RO         3769    .conststring        mem.o
    0x0806d7fc   0x0806d7fc   0x00000042   Data   RO         4004    .conststring        thread.o
    0x0806d83e   0x0806d83e   0x00000002   PAD
    0x0806d840   0x0806d840   0x00000061   Data   RO         4475    .conststring        network.o
    0x0806d8a1   0x0806d8a1   0x00000003   PAD
    0x0806d8a4   0x0806d8a4   0x00000069   Data   RO         4802    .conststring        person_detection.o


==============================================================================

Image component sizes


      Code (inc. data)   RO Data    RW Data    ZI Data      Debug   Object Name

       256         24          0          8       4764      16680   ai_model_wrapper.o
       146          8          4          0      15432       4816   board.o
       156         12          0          4          0       3214   clock.o
       190         42         36          0          0       6369   components.o
       316         28          0          0          0        920   context_rvds.o
       628        342          0         16          0       4438   cpuport.o
        72          4          0          0          0        826   dma.o
       180         10          0          0          0       1023   gpio.o
       254         30          0          8        384       7070   idle.o
      2312        620        674          0          0      37835   ipc.o
       100         18          0          1          0       2698   irq.o
      2414        328        411         60        164      18587   kservice.o
       706        294          0         20       4224       3358   main.o
      1528        554        493          0          0       6921   mem.o
      2528        176          4         14      16532     641358   myedge_ai_app.o
       486         70          0          0          0       4977   myflash.o
      4198       1002        155         34      12844      39982   myoutput_deal.o
       750        188          8          0       5572       5569   mysensor_deal.o
       840        110        425       2644        136      53841   network.o
       120         12        104         88          0      17088   network_data.o
         0          0       6152         24          0      15202   network_data_params.o
       772        268        128        128          0      11546   object.o
       776        100        441       2308         88       8407   person_detection.o
       120         12        104         88          0       2893   person_detection_data.o
         0          0      62600         24          0        873   person_detection_data_params.o
       300         24          0         12        928       2555   person_detection_wrapper.o
      1066         86          0          0          0       4349   protocol_parser.o
      1064        244         75         13        256      11588   scheduler.o
       584         48          0          0       1208      11129   segger_rtt.o
      1096          6         16          0          0       6057   segger_rtt_printf.o
        36          8        392          0      16384        844   startup_stm32f405xx.o
       148         24          0          9          0       8283   stm32f4xx_hal.o
       312         22          0          0          0      34331   stm32f4xx_hal_cortex.o
      1436         16          8          0          0       6986   stm32f4xx_hal_dma.o
       632         64          0          0         32       6006   stm32f4xx_hal_flash.o
       432         28          0          0          0       3274   stm32f4xx_hal_flash_ex.o
       532         46          0          0          0       2769   stm32f4xx_hal_gpio.o
        72          4          0          0          0        878   stm32f4xx_hal_msp.o
      1866         92          0          0          0       7323   stm32f4xx_hal_rcc.o
      3364         28          0          0          0      19314   stm32f4xx_hal_uart.o
       280         48          0          0          0       5647   stm32f4xx_it.o
       212         30         24          4          0       2007   system_stm32f4xx.o
      1962        586        253          0          0      16287   thread.o
      1566        514        108         12          0      15044   timer.o
       652         60          0          0        408       2808   usart.o

    ----------------------------------------------------------------------
     37498       6230      72660       5532      79392    1083970   Object Totals
         0          0         32          0          0          0   (incl. Generated)
        38          0         13         13         36          0   (incl. Padding)

    ----------------------------------------------------------------------

      Code (inc. data)   RO Data    RW Data    ZI Data      Debug   Library Member Name

       402         52          0          0          0        488   ai_datatypes_format.o
        52          6          0          0          0        232   ai_datatypes_internal.o
       122          8          0          0          0        240   ai_platform.o
      2176         72        104          0          0       2632   ai_platform_interface.o
        30          0          0          0          0        232   core_common.o
      1150          4          0          0          0        448   forward_lite_conv2d_if32of32wf32.o
       424          4          0          0          0        148   forward_lite_pool_f32.o
       280          6          0          0          0        760   layers.o
      1062          6          0          0          0        644   layers_conv2d_generic_float.o
       596         12          0          0          0        784   layers_nl_generic_float.o
       490          0          0          0          0        276   layers_pool_generic_float.o
      1336         28          0          0          0        860   lite_dense_if32.o
       138          6          0          0          0        256   lite_nl_generic_float.o
       172          4          0          0          0        116   lite_nl_relu_if32of32.o
       164          6          0          0          0        152   lite_nl_softmax_if32of32.o
       144          0          0          0          0        132   st_int8_fill.o
       488         62         48          0          0        236   expf.o
        38          0          0          0          0        116   fpclassifyf.o
        38         12          0          0          0        348   funder.o
        56          8          0          0          0         84   __0sscanf.o
        86          0          0          0          0          0   __dczerorl2.o
        28          0          0          0          0         68   _chval.o
       812          4          0          0          0        112   _scanf.o
       332          0          0          0          0         96   _scanf_int.o
        64          0          0          0          0         84   _sgetc.o
         8          4        133          0          0         68   ctype_o.o
         0          0          0          0          0          0   entry.o
         0          0          0          0          0          0   entry10a.o
         0          0          0          0          0          0   entry11a.o
         8          4          0          0          0          0   entry2.o
         4          0          0          0          0          0   entry5.o
         0          0          0          0          0          0   entry7b.o
         0          0          0          0          0          0   entry8b.o
         8          4          0          0          0          0   entry9a.o
        12          6          0          4          0         68   errno.o
        30          0          0          0          0          0   handlers.o
        36          8          0          0          0         68   init.o
        18          0          0          0          0         76   isspace_o.o
         0          0          0          0          0          0   iusefp.o
        30          0          0          0          0         68   llshl.o
        32          0          0          0          0         68   llushr.o
        26          0          0          0          0         80   memcmp.o
        36          0          0          0          0         68   memcpya.o
        36          0          0          0          0        108   memseta.o
        40          8          0          0          0         84   scanf_char.o
        18          0          0          0          0         68   strcpy.o
        14          0          0          0          0         68   strlen.o
        98          0          0          0          0         92   uldiv.o
        20          0          0          0          0         68   uread4.o
        18          0          0          0          0         68   uwrite4.o

    ----------------------------------------------------------------------
     11202        334        288          4          0      10664   Library Totals
        30          0          3          0          0          0   (incl. Padding)

    ----------------------------------------------------------------------

      Code (inc. data)   RO Data    RW Data    ZI Data      Debug   Library Name

      8738        214        104          0          0       8400   NetworkRuntime1020_CM4_Keil.lib
       564         74         48          0          0        700   m_wm.l
      1870         46        133          4          0       1564   mc_w.l

    ----------------------------------------------------------------------
     11202        334        288          4          0      10664   Library Totals

    ----------------------------------------------------------------------

==============================================================================


      Code (inc. data)   RO Data    RW Data    ZI Data      Debug   

     48700       6564      72948       5536      79392    1060790   Grand Totals
     48700       6564      72948       1860      79392    1060790   ELF Image Totals (compressed)
     48700       6564      72948       1860          0          0   ROM Totals

==============================================================================

    Total RO  Size (Code + RO Data)               121648 ( 118.80kB)
    Total RW  Size (RW Data + ZI Data)             84928 (  82.94kB)
    Total ROM Size (Code + RO Data + RW Data)     123508 ( 120.61kB)

==============================================================================

